#
# There is insufficient memory for the Java Runtime Environment to continue.
# Native memory allocation (malloc) failed to allocate 1202336 bytes for Chunk::new
# Possible reasons:
#   The system is out of physical RAM or swap space
#   The process is running with CompressedOops enabled, and the Java Heap may be blocking the growth of the native heap
# Possible solutions:
#   Reduce memory load on the system
#   Increase physical memory or swap space
#   Check if swap backing store is full
#   Decrease Java heap size (-Xmx/-Xms)
#   Decrease number of Java threads
#   Decrease Java thread stack sizes (-Xss)
#   Set larger code cache with -XX:ReservedCodeCacheSize=
#   JVM is running with Unscaled Compressed Oops mode in which the Java heap is
#     placed in the first 4GB address space. The Java Heap base address is the
#     maximum limit for the native heap growth. Please use -XX:HeapBaseMinAddress
#     to set the Java Heap base and to place the Java Heap above 4GB virtual address.
# This output file may be truncated or incomplete.
#
#  Out of Memory Error (arena.cpp:189), pid=26904, tid=22744
#
# JRE version: Java(TM) SE Runtime Environment (17.0.12+8) (build 17.0.12+8-LTS-286)
# Java VM: Java HotSpot(TM) 64-Bit Server VM (17.0.12+8-LTS-286, mixed mode, sharing, tiered, compressed oops, compressed class ptrs, g1 gc, windows-amd64)
# No core dump will be written. Minidumps are not enabled by default on client versions of Windows
#

---------------  S U M M A R Y ------------

Command Line: -Ddebugger.agent.enable.coroutines=true -Dkotlinx.coroutines.debug.enable.creation.stack.trace=false -Dkotlinx.coroutines.debug.enable.flows.stack.trace=true -Dkotlinx.coroutines.debug.enable.mutable.state.flows.stack.trace=true -agentlib:jdwp=transport=dt_socket,server=n,suspend=y,address=127.0.0.1:59829 -javaagent:C:\Users\jongw\AppData\Local\JetBrains\IdeaIC2025.1\captureAgent\debugger-agent.jar=file:///C:/Users/jongw/AppData/Local/Temp/capture5111392578961081112.props -Dfile.encoding=UTF-8 -Duser.country=KR -Duser.language=ko -Duser.variant com.sns.SnsApplication

Host: 11th Gen Intel(R) Core(TM) i7-1165G7 @ 2.80GHz, 8 cores, 7G,  Windows 11 , 64 bit Build 26100 (10.0.26100.4202)
Time: Tue Jun 17 16:08:51 2025  Windows 11 , 64 bit Build 26100 (10.0.26100.4202) elapsed time: 8.356352 seconds (0d 0h 0m 8s)

---------------  T H R E A D  ---------------

Current thread (0x000001c04ed6ed40):  JavaThread "C2 CompilerThread0" daemon [_thread_in_native, id=22744, stack(0x00000001d9a00000,0x00000001d9b00000)]


Current CompileTask:
C2:   8356 5843   !   4       org.springframework.util.ReflectionUtils::doWithMethods (189 bytes)

Stack: [0x00000001d9a00000,0x00000001d9b00000]
Native frames: (J=compiled Java code, j=interpreted, Vv=VM code, C=native code)
V  [jvm.dll+0x67a04a]
V  [jvm.dll+0x7da4ed]
V  [jvm.dll+0x7dbe33]
V  [jvm.dll+0x7dc4a3]
V  [jvm.dll+0x24508f]
V  [jvm.dll+0xab773]
V  [jvm.dll+0xabd3c]
V  [jvm.dll+0x2aa52f]
V  [jvm.dll+0x581eb9]
V  [jvm.dll+0x21f422]
V  [jvm.dll+0x21f81f]
V  [jvm.dll+0x218aa0]
V  [jvm.dll+0x215b65]
V  [jvm.dll+0x1a2960]
V  [jvm.dll+0x22610b]
V  [jvm.dll+0x2242ab]
V  [jvm.dll+0x79075c]
V  [jvm.dll+0x78abea]
V  [jvm.dll+0x678f35]
C  [ucrtbase.dll+0x37b0]
C  [KERNEL32.DLL+0x2e8d7]
C  [ntdll.dll+0x3c34c]


---------------  P R O C E S S  ---------------

Threads class SMR info:
_java_thread_list=0x000001c09da98a50, length=26, elements={
0x000001c030909450, 0x000001c04ed49b20, 0x000001c04ed4c5f0, 0x000001c04ed6b930,
0x000001c04ed6c2f0, 0x000001c04ed6ccb0, 0x000001c04ed6dfa0, 0x000001c04ed6ed40,
0x000001c04ed75c20, 0x000001c04f160080, 0x000001c04ed306d0, 0x000001c04f2e1be0,
0x000001c04f2ddd30, 0x000001c04f3a95d0, 0x000001c04f442420, 0x000001c04f4ba370,
0x000001c04f720a00, 0x000001c0951a7ec0, 0x000001c0951a83d0, 0x000001c0999bf6f0,
0x000001c0999be7c0, 0x000001c0999c0620, 0x000001c0999becd0, 0x000001c09912e8e0,
0x000001c099130230, 0x000001c09d496f80
}

Java Threads: ( => current thread )
  0x000001c030909450 JavaThread "main" [_thread_blocked, id=11840, stack(0x00000001d8d00000,0x00000001d8e00000)]
  0x000001c04ed49b20 JavaThread "Reference Handler" daemon [_thread_blocked, id=14100, stack(0x00000001d9400000,0x00000001d9500000)]
  0x000001c04ed4c5f0 JavaThread "Finalizer" daemon [_thread_blocked, id=23604, stack(0x00000001d9500000,0x00000001d9600000)]
  0x000001c04ed6b930 JavaThread "Signal Dispatcher" daemon [_thread_blocked, id=23408, stack(0x00000001d9600000,0x00000001d9700000)]
  0x000001c04ed6c2f0 JavaThread "Attach Listener" daemon [_thread_blocked, id=12024, stack(0x00000001d9700000,0x00000001d9800000)]
  0x000001c04ed6ccb0 JavaThread "Service Thread" daemon [_thread_blocked, id=7536, stack(0x00000001d9800000,0x00000001d9900000)]
  0x000001c04ed6dfa0 JavaThread "Monitor Deflation Thread" daemon [_thread_blocked, id=22488, stack(0x00000001d9900000,0x00000001d9a00000)]
=>0x000001c04ed6ed40 JavaThread "C2 CompilerThread0" daemon [_thread_in_native, id=22744, stack(0x00000001d9a00000,0x00000001d9b00000)]
  0x000001c04ed75c20 JavaThread "C1 CompilerThread0" daemon [_thread_blocked, id=27136, stack(0x00000001d9b00000,0x00000001d9c00000)]
  0x000001c04f160080 JavaThread "Sweeper thread" daemon [_thread_blocked, id=18348, stack(0x00000001d9c00000,0x00000001d9d00000)]
  0x000001c04ed306d0 JavaThread "Common-Cleaner" daemon [_thread_blocked, id=10768, stack(0x00000001d9d00000,0x00000001d9e00000)]
  0x000001c04f2e1be0 JavaThread "JDWP Transport Listener: dt_socket" daemon [_thread_blocked, id=22196, stack(0x00000001d9e00000,0x00000001d9f00000)]
  0x000001c04f2ddd30 JavaThread "JDWP Event Helper Thread" daemon [_thread_blocked, id=12900, stack(0x00000001d9f00000,0x00000001da000000)]
  0x000001c04f3a95d0 JavaThread "JDWP Command Reader" daemon [_thread_in_native, id=17892, stack(0x00000001da000000,0x00000001da100000)]
  0x000001c04f442420 JavaThread "IntelliJ Suspend Helper" daemon [_thread_blocked, id=764, stack(0x00000001da100000,0x00000001da200000)]
  0x000001c04f4ba370 JavaThread "Notification Thread" daemon [_thread_blocked, id=22380, stack(0x00000001da200000,0x00000001da300000)]
  0x000001c04f720a00 JavaThread "C2 CompilerThread1" daemon [_thread_in_native, id=23348, stack(0x00000001da400000,0x00000001da500000)]
  0x000001c0951a7ec0 JavaThread "Thread-0" [_thread_blocked, id=18344, stack(0x00000001dac00000,0x00000001dad00000)]
  0x000001c0951a83d0 JavaThread "restartedMain" [_thread_in_vm, id=22336, stack(0x00000001dad00000,0x00000001dae00000)]
  0x000001c0999bf6f0 JavaThread "Catalina-utility-1" [_thread_blocked, id=18352, stack(0x00000001dae00000,0x00000001daf00000)]
  0x000001c0999be7c0 JavaThread "Catalina-utility-2" [_thread_blocked, id=14804, stack(0x00000001db000000,0x00000001db100000)]
  0x000001c0999c0620 JavaThread "container-0" [_thread_blocked, id=21888, stack(0x00000001db100000,0x00000001db200000)]
  0x000001c0999becd0 JavaThread "mysql-cj-abandoned-connection-cleanup" daemon [_thread_blocked, id=26880, stack(0x00000001db200000,0x00000001db300000)]
  0x000001c09912e8e0 JavaThread "HikariPool-1 housekeeper" daemon [_thread_blocked, id=25400, stack(0x00000001db400000,0x00000001db500000)]
  0x000001c099130230 JavaThread "HikariPool-1 connection adder" daemon [_thread_blocked, id=6600, stack(0x00000001db500000,0x00000001db600000)]
  0x000001c09d496f80 JavaThread "C2 CompilerThread2" daemon [_thread_in_native, id=25364, stack(0x00000001db600000,0x00000001db700000)]

Other Threads:
  0x000001c04ed3e070 VMThread "VM Thread" [stack: 0x00000001d9300000,0x00000001d9400000] [id=21740]
  0x000001c04f443780 WatcherThread [stack: 0x00000001da300000,0x00000001da400000] [id=19936]
  0x000001c0309617b0 GCTaskThread "GC Thread#0" [stack: 0x00000001d8e00000,0x00000001d8f00000] [id=24828]
  0x000001c0953f8090 GCTaskThread "GC Thread#1" [stack: 0x00000001da500000,0x00000001da600000] [id=26128]
  0x000001c09539f230 GCTaskThread "GC Thread#2" [stack: 0x00000001da600000,0x00000001da700000] [id=23644]
  0x000001c0952edb60 GCTaskThread "GC Thread#3" [stack: 0x00000001da700000,0x00000001da800000] [id=27368]
  0x000001c0950fd0f0 GCTaskThread "GC Thread#4" [stack: 0x00000001da800000,0x00000001da900000] [id=26924]
  0x000001c0953cf670 GCTaskThread "GC Thread#5" [stack: 0x00000001da900000,0x00000001daa00000] [id=25596]
  0x000001c095321ec0 GCTaskThread "GC Thread#6" [stack: 0x00000001daa00000,0x00000001dab00000] [id=22884]
  0x000001c0952c4160 GCTaskThread "GC Thread#7" [stack: 0x00000001dab00000,0x00000001dac00000] [id=26516]
  0x000001c0309739e0 ConcurrentGCThread "G1 Main Marker" [stack: 0x00000001d8f00000,0x00000001d9000000] [id=17184]
  0x000001c0309760b0 ConcurrentGCThread "G1 Conc#0" [stack: 0x00000001d9000000,0x00000001d9100000] [id=21956]
  0x000001c0955be840 ConcurrentGCThread "G1 Conc#1" [stack: 0x00000001daf00000,0x00000001db000000] [id=10584]
  0x000001c04ebe7e40 ConcurrentGCThread "G1 Refine#0" [stack: 0x00000001d9100000,0x00000001d9200000] [id=26320]
  0x000001c0309be800 ConcurrentGCThread "G1 Service" [stack: 0x00000001d9200000,0x00000001d9300000] [id=1548]

Threads with active compile tasks:
C2 CompilerThread0     9406 5843   !   4       org.springframework.util.ReflectionUtils::doWithMethods (189 bytes)
C1 CompilerThread0     9406 6025       2       org.springframework.boot.context.properties.bind.Bindable::box (60 bytes)
C2 CompilerThread1     9406 5842   !   4       org.springframework.core.annotation.AnnotationsScanner::processClassHierarchy (234 bytes)
C2 CompilerThread2     9406 5954   !   4       org.springframework.core.annotation.AnnotationsScanner::processMethodHierarchy (276 bytes)

VM state: not at safepoint (normal execution)

VM Mutex/Monitor currently owned by a thread: None

Heap address: 0x0000000085000000, size: 1968 MB, Compressed Oops mode: 32-bit

CDS archive(s) mapped at: [0x000001c050000000-0x000001c050bd0000-0x000001c050bd0000), size 12386304, SharedBaseAddress: 0x000001c050000000, ArchiveRelocationMode: 1.
Compressed class space mapped at: 0x000001c051000000-0x000001c091000000, reserved size: 1073741824
Narrow klass base: 0x000001c050000000, Narrow klass shift: 0, Narrow klass range: 0x100000000

GC Precious Log:
 CPUs: 8 total, 8 available
 Memory: 7865M
 Large Page Support: Disabled
 NUMA Support: Disabled
 Compressed Oops: Enabled (32-bit)
 Heap Region Size: 1M
 Heap Min Capacity: 8M
 Heap Initial Capacity: 124M
 Heap Max Capacity: 1968M
 Pre-touch: Disabled
 Parallel Workers: 8
 Concurrent Workers: 2
 Concurrent Refinement Workers: 8
 Periodic GC: Disabled

Heap:
 garbage-first heap   total 55296K, used 34724K [0x0000000085000000, 0x0000000100000000)
  region size 1024K, 6 young (6144K), 2 survivors (2048K)
 Metaspace       used 75813K, committed 76288K, reserved 1179648K
  class space    used 9871K, committed 10112K, reserved 1048576K

Heap Regions: E=young(eden), S=young(survivor), O=old, HS=humongous(starts), HC=humongous(continues), CS=collection set, F=free, OA=open archive, CA=closed archive, TAMS=top-at-mark-start (previous, next)
|   0|0x0000000085000000, 0x0000000085100000, 0x0000000085100000|100%|HS|  |TAMS 0x0000000085100000, 0x0000000085000000| Complete 
|   1|0x0000000085100000, 0x0000000085200000, 0x0000000085200000|100%|HS|  |TAMS 0x0000000085200000, 0x0000000085100000| Complete 
|   2|0x0000000085200000, 0x0000000085300000, 0x0000000085300000|100%| O|  |TAMS 0x0000000085300000, 0x0000000085200000| Untracked 
|   3|0x0000000085300000, 0x0000000085400000, 0x0000000085400000|100%| O|  |TAMS 0x0000000085400000, 0x0000000085300000| Untracked 
|   4|0x0000000085400000, 0x0000000085500000, 0x0000000085500000|100%| O|  |TAMS 0x0000000085500000, 0x0000000085400000| Untracked 
|   5|0x0000000085500000, 0x0000000085600000, 0x0000000085600000|100%| O|  |TAMS 0x0000000085600000, 0x0000000085500000| Untracked 
|   6|0x0000000085600000, 0x0000000085700000, 0x0000000085700000|100%| O|  |TAMS 0x0000000085700000, 0x0000000085600000| Untracked 
|   7|0x0000000085700000, 0x0000000085800000, 0x0000000085800000|100%| O|  |TAMS 0x0000000085800000, 0x0000000085700000| Untracked 
|   8|0x0000000085800000, 0x0000000085900000, 0x0000000085900000|100%| O|  |TAMS 0x0000000085900000, 0x0000000085800000| Untracked 
|   9|0x0000000085900000, 0x0000000085a00000, 0x0000000085a00000|100%| O|  |TAMS 0x0000000085a00000, 0x0000000085900000| Untracked 
|  10|0x0000000085a00000, 0x0000000085b00000, 0x0000000085b00000|100%| O|  |TAMS 0x0000000085b00000, 0x0000000085a00000| Untracked 
|  11|0x0000000085b00000, 0x0000000085c00000, 0x0000000085c00000|100%| O|  |TAMS 0x0000000085c00000, 0x0000000085b00000| Untracked 
|  12|0x0000000085c00000, 0x0000000085d00000, 0x0000000085d00000|100%| O|  |TAMS 0x0000000085d00000, 0x0000000085c00000| Untracked 
|  13|0x0000000085d00000, 0x0000000085e00000, 0x0000000085e00000|100%| O|  |TAMS 0x0000000085e00000, 0x0000000085d00000| Untracked 
|  14|0x0000000085e00000, 0x0000000085f00000, 0x0000000085f00000|100%| O|  |TAMS 0x0000000085f00000, 0x0000000085e00000| Untracked 
|  15|0x0000000085f00000, 0x0000000086000000, 0x0000000086000000|100%| O|  |TAMS 0x0000000086000000, 0x0000000085f00000| Untracked 
|  16|0x0000000086000000, 0x0000000086100000, 0x0000000086100000|100%| O|  |TAMS 0x0000000086100000, 0x0000000086000000| Untracked 
|  17|0x0000000086100000, 0x0000000086200000, 0x0000000086200000|100%| O|  |TAMS 0x0000000086200000, 0x0000000086100000| Untracked 
|  18|0x0000000086200000, 0x0000000086300000, 0x0000000086300000|100%| O|  |TAMS 0x0000000086300000, 0x0000000086200000| Untracked 
|  19|0x0000000086300000, 0x0000000086400000, 0x0000000086400000|100%| O|  |TAMS 0x0000000086400000, 0x0000000086300000| Untracked 
|  20|0x0000000086400000, 0x0000000086500000, 0x0000000086500000|100%| O|  |TAMS 0x0000000086500000, 0x0000000086400000| Untracked 
|  21|0x0000000086500000, 0x0000000086600000, 0x0000000086600000|100%| O|  |TAMS 0x0000000086600000, 0x0000000086500000| Untracked 
|  22|0x0000000086600000, 0x0000000086700000, 0x0000000086700000|100%| O|  |TAMS 0x0000000086700000, 0x0000000086600000| Untracked 
|  23|0x0000000086700000, 0x0000000086800000, 0x0000000086800000|100%| O|  |TAMS 0x0000000086800000, 0x0000000086700000| Untracked 
|  24|0x0000000086800000, 0x0000000086900000, 0x0000000086900000|100%| O|  |TAMS 0x0000000086900000, 0x0000000086800000| Untracked 
|  25|0x0000000086900000, 0x0000000086a00000, 0x0000000086a00000|100%| O|  |TAMS 0x0000000086a00000, 0x0000000086900000| Untracked 
|  26|0x0000000086a00000, 0x0000000086b00000, 0x0000000086b00000|100%| O|  |TAMS 0x0000000086b00000, 0x0000000086a00000| Untracked 
|  27|0x0000000086b00000, 0x0000000086c00000, 0x0000000086c00000|100%| O|  |TAMS 0x0000000086b19600, 0x0000000086b00000| Untracked 
|  28|0x0000000086c00000, 0x0000000086d00000, 0x0000000086d00000|100%| O|  |TAMS 0x0000000086c00000, 0x0000000086c00000| Untracked 
|  29|0x0000000086d00000, 0x0000000086d11600, 0x0000000086e00000|  6%| O|  |TAMS 0x0000000086d00000, 0x0000000086d00000| Untracked 
|  30|0x0000000086e00000, 0x0000000086e00000, 0x0000000086f00000|  0%| F|  |TAMS 0x0000000086e00000, 0x0000000086e00000| Untracked 
|  31|0x0000000086f00000, 0x0000000086f00000, 0x0000000087000000|  0%| F|  |TAMS 0x0000000086f00000, 0x0000000086f00000| Untracked 
|  32|0x0000000087000000, 0x0000000087000000, 0x0000000087100000|  0%| F|  |TAMS 0x0000000087000000, 0x0000000087000000| Untracked 
|  33|0x0000000087100000, 0x0000000087100000, 0x0000000087200000|  0%| F|  |TAMS 0x0000000087100000, 0x0000000087100000| Untracked 
|  34|0x0000000087200000, 0x0000000087200000, 0x0000000087300000|  0%| F|  |TAMS 0x0000000087200000, 0x0000000087200000| Untracked 
|  35|0x0000000087300000, 0x0000000087300000, 0x0000000087400000|  0%| F|  |TAMS 0x0000000087300000, 0x0000000087300000| Untracked 
|  36|0x0000000087400000, 0x00000000874d7b00, 0x0000000087500000| 84%| S|CS|TAMS 0x0000000087400000, 0x0000000087400000| Complete 
|  37|0x0000000087500000, 0x0000000087600000, 0x0000000087600000|100%| S|CS|TAMS 0x0000000087500000, 0x0000000087500000| Complete 
|  38|0x0000000087600000, 0x0000000087600000, 0x0000000087700000|  0%| F|  |TAMS 0x0000000087600000, 0x0000000087600000| Untracked 
|  39|0x0000000087700000, 0x0000000087700000, 0x0000000087800000|  0%| F|  |TAMS 0x0000000087700000, 0x0000000087700000| Untracked 
|  40|0x0000000087800000, 0x0000000087800000, 0x0000000087900000|  0%| F|  |TAMS 0x0000000087800000, 0x0000000087800000| Untracked 
|  41|0x0000000087900000, 0x0000000087900000, 0x0000000087a00000|  0%| F|  |TAMS 0x0000000087900000, 0x0000000087900000| Untracked 
|  42|0x0000000087a00000, 0x0000000087a00000, 0x0000000087b00000|  0%| F|  |TAMS 0x0000000087a00000, 0x0000000087a00000| Untracked 
|  43|0x0000000087b00000, 0x0000000087b00000, 0x0000000087c00000|  0%| F|  |TAMS 0x0000000087b00000, 0x0000000087b00000| Untracked 
|  44|0x0000000087c00000, 0x0000000087c00000, 0x0000000087d00000|  0%| F|  |TAMS 0x0000000087c00000, 0x0000000087c00000| Untracked 
|  45|0x0000000087d00000, 0x0000000087d00000, 0x0000000087e00000|  0%| F|  |TAMS 0x0000000087d00000, 0x0000000087d00000| Untracked 
|  46|0x0000000087e00000, 0x0000000087e00000, 0x0000000087f00000|  0%| F|  |TAMS 0x0000000087e00000, 0x0000000087e00000| Untracked 
|  78|0x0000000089e00000, 0x0000000089e00000, 0x0000000089f00000|  0%| F|  |TAMS 0x0000000089e00000, 0x0000000089e00000| Untracked 
|  79|0x0000000089f00000, 0x0000000089f00000, 0x000000008a000000|  0%| F|  |TAMS 0x0000000089f00000, 0x0000000089f00000| Untracked 
|  80|0x000000008a000000, 0x000000008a000000, 0x000000008a100000|  0%| F|  |TAMS 0x000000008a000000, 0x000000008a000000| Untracked 
|  81|0x000000008a100000, 0x000000008a141880, 0x000000008a200000| 25%| E|  |TAMS 0x000000008a100000, 0x000000008a100000| Complete 
|  82|0x000000008a200000, 0x000000008a300000, 0x000000008a300000|100%| E|CS|TAMS 0x000000008a200000, 0x000000008a200000| Complete 
| 122|0x000000008ca00000, 0x000000008cb00000, 0x000000008cb00000|100%| E|CS|TAMS 0x000000008ca00000, 0x000000008ca00000| Complete 
| 123|0x000000008cb00000, 0x000000008cc00000, 0x000000008cc00000|100%| E|CS|TAMS 0x000000008cb00000, 0x000000008cb00000| Complete 

Card table byte_map: [0x000001c048070000,0x000001c048450000] _byte_map_base: 0x000001c047c48000

Marking Bits (Prev, Next): (CMBitMap*) 0x000001c030962e20, (CMBitMap*) 0x000001c030962de0
 Prev Bits: [0x000001c04a6f0000, 0x000001c04c5b0000)
 Next Bits: [0x000001c048830000, 0x000001c04a6f0000)

Polling page: 0x000001c02f0a0000

Metaspace:

Usage:
  Non-class:     64.40 MB used.
      Class:      9.64 MB used.
       Both:     74.04 MB used.

Virtual space:
  Non-class space:      128.00 MB reserved,      64.62 MB ( 50%) committed,  2 nodes.
      Class space:        1.00 GB reserved,       9.88 MB ( <1%) committed,  1 nodes.
             Both:        1.12 GB reserved,      74.50 MB (  6%) committed. 

Chunk freelists:
   Non-Class:  15.25 MB
       Class:  6.12 MB
        Both:  21.38 MB

MaxMetaspaceSize: unlimited
CompressedClassSpaceSize: 1.00 GB
Initial GC threshold: 21.00 MB
Current GC threshold: 120.00 MB
CDS: on
MetaspaceReclaimPolicy: balanced
 - commit_granule_bytes: 65536.
 - commit_granule_words: 8192.
 - virtual_space_node_default_size: 8388608.
 - enlarge_chunks_in_place: 1.
 - new_chunks_are_fully_committed: 0.
 - uncommit_free_chunks: 1.
 - use_allocation_guard: 0.
 - handle_deallocations: 1.


Internal statistics:

num_allocs_failed_limit: 6.
num_arena_births: 720.
num_arena_deaths: 0.
num_vsnodes_births: 3.
num_vsnodes_deaths: 0.
num_space_committed: 1192.
num_space_uncommitted: 0.
num_chunks_returned_to_freelist: 6.
num_chunks_taken_from_freelist: 3078.
num_chunk_merges: 3.
num_chunk_splits: 2233.
num_chunks_enlarged: 1796.
num_inconsistent_stats: 0.

CodeHeap 'non-profiled nmethods': size=120000Kb used=3846Kb max_used=3846Kb free=116153Kb
 bounds [0x000001c03fcf0000, 0x000001c0400c0000, 0x000001c047220000]
CodeHeap 'profiled nmethods': size=120000Kb used=10758Kb max_used=10758Kb free=109241Kb
 bounds [0x000001c038220000, 0x000001c038cb0000, 0x000001c03f750000]
CodeHeap 'non-nmethods': size=5760Kb used=1784Kb max_used=1830Kb free=3975Kb
 bounds [0x000001c03f750000, 0x000001c03f9c0000, 0x000001c03fcf0000]
 total_blobs=6085 nmethods=5293 adapters=703
 compilation: enabled
              stopped_count=0, restarted_count=0
 full_count=0

Compilation events (20 events):
Event: 8.209 Thread 0x000001c04ed75c20 5974       3       jdk.internal.loader.BuiltinClassLoader::findResources (182 bytes)
Event: 8.212 Thread 0x000001c04ed75c20 nmethod 5974 0x000001c038c84890 code [0x000001c038c84cc0, 0x000001c038c87048]
Event: 8.212 Thread 0x000001c04ed75c20 5973   !   3       org.springframework.aop.aspectj.annotation.BeanFactoryAspectJAdvisorsBuilder::buildAspectJAdvisors (515 bytes)
Event: 8.215 Thread 0x000001c04ed75c20 nmethod 5973 0x000001c038c87d10 code [0x000001c038c882c0, 0x000001c038c8b7f8]
Event: 8.215 Thread 0x000001c04ed75c20 5975       3       org.springframework.core.MethodClassKey::equals (51 bytes)
Event: 8.215 Thread 0x000001c04ed75c20 nmethod 5975 0x000001c038c8d410 code [0x000001c038c8d5e0, 0x000001c038c8da78]
Event: 8.215 Thread 0x000001c04ed75c20 5972       3       org.springframework.aop.framework.autoproxy.AbstractAdvisorAutoProxyCreator::findCandidateAdvisors (25 bytes)
Event: 8.215 Thread 0x000001c04ed75c20 nmethod 5972 0x000001c038c8db90 code [0x000001c038c8dd60, 0x000001c038c8e0f8]
Event: 8.215 Thread 0x000001c04ed75c20 5977       1       org.hibernate.internal.SessionFactoryImpl::getSessionFactoryOptions (5 bytes)
Event: 8.215 Thread 0x000001c04ed75c20 nmethod 5977 0x000001c0400af610 code [0x000001c0400af7a0, 0x000001c0400af878]
Event: 8.215 Thread 0x000001c04ed75c20 5976       1       org.springframework.beans.PropertyValue::isOptional (5 bytes)
Event: 8.215 Thread 0x000001c04ed75c20 nmethod 5976 0x000001c0400af910 code [0x000001c0400afaa0, 0x000001c0400afb78]
Event: 8.216 Thread 0x000001c04ed75c20 5978       1       org.springframework.data.mapping.model.AbstractPersistentProperty::getGetter (5 bytes)
Event: 8.216 Thread 0x000001c04ed75c20 nmethod 5978 0x000001c0400afc10 code [0x000001c0400afda0, 0x000001c0400afe78]
Event: 8.216 Thread 0x000001c04ed75c20 5981       3       org.springframework.data.util.Lazy::<init> (8 bytes)
Event: 8.216 Thread 0x000001c04ed75c20 nmethod 5981 0x000001c038c8e290 code [0x000001c038c8e440, 0x000001c038c8e698]
Event: 8.216 Thread 0x000001c04ed75c20 5982       3       org.springframework.data.util.Lazy::of (9 bytes)
Event: 8.217 Thread 0x000001c04ed75c20 nmethod 5982 0x000001c038c8e790 code [0x000001c038c8e940, 0x000001c038c8ebf8]
Event: 8.217 Thread 0x000001c04ed75c20 5979       1       org.springframework.data.mapping.model.AbstractPersistentProperty::getSetter (5 bytes)
Event: 8.350 Thread 0x000001c04ed75c20 nmethod 5979 0x000001c0400aff10 code [0x000001c0400b00a0, 0x000001c0400b0178]

GC Heap History (20 events):
Event: 4.794 GC heap before
{Heap before GC invocations=12 (full 0):
 garbage-first heap   total 55296K, used 41872K [0x0000000085000000, 0x0000000100000000)
  region size 1024K, 22 young (22528K), 3 survivors (3072K)
 Metaspace       used 42174K, committed 42624K, reserved 1114112K
  class space    used 5160K, committed 5376K, reserved 1048576K
}
Event: 4.796 GC heap after
{Heap after GC invocations=13 (full 0):
 garbage-first heap   total 55296K, used 23597K [0x0000000085000000, 0x0000000100000000)
  region size 1024K, 3 young (3072K), 3 survivors (3072K)
 Metaspace       used 42174K, committed 42624K, reserved 1114112K
  class space    used 5160K, committed 5376K, reserved 1048576K
}
Event: 5.208 GC heap before
{Heap before GC invocations=13 (full 0):
 garbage-first heap   total 55296K, used 43053K [0x0000000085000000, 0x0000000100000000)
  region size 1024K, 22 young (22528K), 3 survivors (3072K)
 Metaspace       used 45786K, committed 46272K, reserved 1114112K
  class space    used 5772K, committed 6016K, reserved 1048576K
}
Event: 5.212 GC heap after
{Heap after GC invocations=14 (full 0):
 garbage-first heap   total 55296K, used 24393K [0x0000000085000000, 0x0000000100000000)
  region size 1024K, 2 young (2048K), 2 survivors (2048K)
 Metaspace       used 45786K, committed 46272K, reserved 1114112K
  class space    used 5772K, committed 6016K, reserved 1048576K
}
Event: 5.629 GC heap before
{Heap before GC invocations=14 (full 0):
 garbage-first heap   total 55296K, used 42825K [0x0000000085000000, 0x0000000100000000)
  region size 1024K, 21 young (21504K), 2 survivors (2048K)
 Metaspace       used 52436K, committed 52864K, reserved 1114112K
  class space    used 6565K, committed 6784K, reserved 1048576K
}
Event: 5.631 GC heap after
{Heap after GC invocations=15 (full 0):
 garbage-first heap   total 55296K, used 26423K [0x0000000085000000, 0x0000000100000000)
  region size 1024K, 3 young (3072K), 3 survivors (3072K)
 Metaspace       used 52436K, committed 52864K, reserved 1114112K
  class space    used 6565K, committed 6784K, reserved 1048576K
}
Event: 5.950 GC heap before
{Heap before GC invocations=15 (full 0):
 garbage-first heap   total 55296K, used 41783K [0x0000000085000000, 0x0000000100000000)
  region size 1024K, 19 young (19456K), 3 survivors (3072K)
 Metaspace       used 56636K, committed 57088K, reserved 1114112K
  class space    used 7115K, committed 7360K, reserved 1048576K
}
Event: 5.953 GC heap after
{Heap after GC invocations=16 (full 0):
 garbage-first heap   total 55296K, used 27224K [0x0000000085000000, 0x0000000100000000)
  region size 1024K, 1 young (1024K), 1 survivors (1024K)
 Metaspace       used 56636K, committed 57088K, reserved 1114112K
  class space    used 7115K, committed 7360K, reserved 1048576K
}
Event: 6.222 GC heap before
{Heap before GC invocations=16 (full 0):
 garbage-first heap   total 55296K, used 43608K [0x0000000085000000, 0x0000000100000000)
  region size 1024K, 18 young (18432K), 1 survivors (1024K)
 Metaspace       used 59332K, committed 59840K, reserved 1114112K
  class space    used 7433K, committed 7680K, reserved 1048576K
}
Event: 6.224 GC heap after
{Heap after GC invocations=17 (full 0):
 garbage-first heap   total 55296K, used 27818K [0x0000000085000000, 0x0000000100000000)
  region size 1024K, 2 young (2048K), 2 survivors (2048K)
 Metaspace       used 59332K, committed 59840K, reserved 1114112K
  class space    used 7433K, committed 7680K, reserved 1048576K
}
Event: 6.583 GC heap before
{Heap before GC invocations=18 (full 0):
 garbage-first heap   total 55296K, used 43178K [0x0000000085000000, 0x0000000100000000)
  region size 1024K, 18 young (18432K), 2 survivors (2048K)
 Metaspace       used 63635K, committed 64128K, reserved 1114112K
  class space    used 8086K, committed 8320K, reserved 1048576K
}
Event: 6.585 GC heap after
{Heap after GC invocations=19 (full 0):
 garbage-first heap   total 55296K, used 28444K [0x0000000085000000, 0x0000000100000000)
  region size 1024K, 3 young (3072K), 3 survivors (3072K)
 Metaspace       used 63635K, committed 64128K, reserved 1114112K
  class space    used 8086K, committed 8320K, reserved 1048576K
}
Event: 6.926 GC heap before
{Heap before GC invocations=19 (full 0):
 garbage-first heap   total 55296K, used 43804K [0x0000000085000000, 0x0000000100000000)
  region size 1024K, 19 young (19456K), 3 survivors (3072K)
 Metaspace       used 66462K, committed 66944K, reserved 1114112K
  class space    used 8613K, committed 8832K, reserved 1048576K
}
Event: 6.929 GC heap after
{Heap after GC invocations=20 (full 0):
 garbage-first heap   total 55296K, used 28814K [0x0000000085000000, 0x0000000100000000)
  region size 1024K, 2 young (2048K), 2 survivors (2048K)
 Metaspace       used 66462K, committed 66944K, reserved 1114112K
  class space    used 8613K, committed 8832K, reserved 1048576K
}
Event: 7.408 GC heap before
{Heap before GC invocations=21 (full 0):
 garbage-first heap   total 55296K, used 44174K [0x0000000085000000, 0x0000000100000000)
  region size 1024K, 18 young (18432K), 2 survivors (2048K)
 Metaspace       used 70860K, committed 71424K, reserved 1114112K
  class space    used 9206K, committed 9472K, reserved 1048576K
}
Event: 7.411 GC heap after
{Heap after GC invocations=22 (full 0):
 garbage-first heap   total 55296K, used 29981K [0x0000000085000000, 0x0000000100000000)
  region size 1024K, 3 young (3072K), 3 survivors (3072K)
 Metaspace       used 70860K, committed 71424K, reserved 1114112K
  class space    used 9206K, committed 9472K, reserved 1048576K
}
Event: 7.797 GC heap before
{Heap before GC invocations=22 (full 0):
 garbage-first heap   total 55296K, used 43293K [0x0000000085000000, 0x0000000100000000)
  region size 1024K, 17 young (17408K), 3 survivors (3072K)
 Metaspace       used 72857K, committed 73408K, reserved 1114112K
  class space    used 9454K, committed 9728K, reserved 1048576K
}
Event: 7.800 GC heap after
{Heap after GC invocations=23 (full 0):
 garbage-first heap   total 55296K, used 30697K [0x0000000085000000, 0x0000000100000000)
  region size 1024K, 3 young (3072K), 3 survivors (3072K)
 Metaspace       used 72857K, committed 73408K, reserved 1114112K
  class space    used 9454K, committed 9728K, reserved 1048576K
}
Event: 8.173 GC heap before
{Heap before GC invocations=24 (full 0):
 garbage-first heap   total 55296K, used 45033K [0x0000000085000000, 0x0000000100000000)
  region size 1024K, 17 young (17408K), 3 survivors (3072K)
 Metaspace       used 75611K, committed 76160K, reserved 1179648K
  class space    used 9851K, committed 10112K, reserved 1048576K
}
Event: 8.176 GC heap after
{Heap after GC invocations=25 (full 0):
 garbage-first heap   total 55296K, used 31652K [0x0000000085000000, 0x0000000100000000)
  region size 1024K, 2 young (2048K), 2 survivors (2048K)
 Metaspace       used 75611K, committed 76160K, reserved 1179648K
  class space    used 9851K, committed 10112K, reserved 1048576K
}

Deoptimization events (20 events):
Event: 8.191 Thread 0x000001c0951a83d0 DEOPT PACKING pc=0x000001c03889c29c sp=0x00000001dadf9630
Event: 8.191 Thread 0x000001c0951a83d0 DEOPT UNPACKING pc=0x000001c03f7a66e3 sp=0x00000001dadf8bf0 mode 1
Event: 8.192 Thread 0x000001c0951a83d0 DEOPT PACKING pc=0x000001c0388a1321 sp=0x00000001dadfc700
Event: 8.192 Thread 0x000001c0951a83d0 DEOPT UNPACKING pc=0x000001c03f7a66e3 sp=0x00000001dadfbbd8 mode 1
Event: 8.192 Thread 0x000001c0951a83d0 DEOPT PACKING pc=0x000001c03889fccc sp=0x00000001dadfc790
Event: 8.192 Thread 0x000001c0951a83d0 DEOPT UNPACKING pc=0x000001c03f7a66e3 sp=0x00000001dadfbd30 mode 1
Event: 8.192 Thread 0x000001c0951a83d0 DEOPT PACKING pc=0x000001c03889c29c sp=0x00000001dadfc8f0
Event: 8.192 Thread 0x000001c0951a83d0 DEOPT UNPACKING pc=0x000001c03f7a66e3 sp=0x00000001dadfbeb0 mode 1
Event: 8.194 Thread 0x000001c0951a83d0 DEOPT PACKING pc=0x000001c0388a1321 sp=0x00000001dadfc1d0
Event: 8.194 Thread 0x000001c0951a83d0 DEOPT UNPACKING pc=0x000001c03f7a66e3 sp=0x00000001dadfb6a8 mode 1
Event: 8.194 Thread 0x000001c0951a83d0 DEOPT PACKING pc=0x000001c03889fccc sp=0x00000001dadfc260
Event: 8.194 Thread 0x000001c0951a83d0 DEOPT UNPACKING pc=0x000001c03f7a66e3 sp=0x00000001dadfb800 mode 1
Event: 8.194 Thread 0x000001c0951a83d0 DEOPT PACKING pc=0x000001c03889c29c sp=0x00000001dadfc3c0
Event: 8.194 Thread 0x000001c0951a83d0 DEOPT UNPACKING pc=0x000001c03f7a66e3 sp=0x00000001dadfb980 mode 1
Event: 8.194 Thread 0x000001c0951a83d0 DEOPT PACKING pc=0x000001c0388a1321 sp=0x00000001dadfc1d0
Event: 8.194 Thread 0x000001c0951a83d0 DEOPT UNPACKING pc=0x000001c03f7a66e3 sp=0x00000001dadfb6a8 mode 1
Event: 8.194 Thread 0x000001c0951a83d0 DEOPT PACKING pc=0x000001c03889fccc sp=0x00000001dadfc260
Event: 8.194 Thread 0x000001c0951a83d0 DEOPT UNPACKING pc=0x000001c03f7a66e3 sp=0x00000001dadfb800 mode 1
Event: 8.194 Thread 0x000001c0951a83d0 DEOPT PACKING pc=0x000001c03889c29c sp=0x00000001dadfc3c0
Event: 8.194 Thread 0x000001c0951a83d0 DEOPT UNPACKING pc=0x000001c03f7a66e3 sp=0x00000001dadfb980 mode 1

Classes unloaded (0 events):
No events

Classes redefined (1 events):
Event: 0.173 Thread 0x000001c04ed3e070 redefined class name=java.lang.Throwable, count=1

Internal exceptions (20 events):
Event: 7.014 Thread 0x000001c0951a83d0 Exception <a 'java/lang/NoSuchMethodError'{0x000000008a1c3b90}: 'void java.lang.invoke.DirectMethodHandle$Holder.invokeSpecial(java.lang.Object, java.lang.Object, java.lang.Object, java.lang.Object, java.lang.Object, java.lang.Object, java.lang.Object, java.lang.Object)'> (0x000000008a1c3b90) 
thrown [s\open\src\hotspot\share\interpreter\linkResolver.cpp, line 759]
Event: 7.018 Thread 0x000001c0951a83d0 Exception <a 'java/lang/NoSuchMethodError'{0x000000008a1f5240}: 'void java.lang.invoke.DirectMethodHandle$Holder.invokeSpecial(java.lang.Object, java.lang.Object, int, java.lang.Object)'> (0x000000008a1f5240) 
thrown [s\open\src\hotspot\share\interpreter\linkResolver.cpp, line 759]
Event: 7.019 Thread 0x000001c0951a83d0 Exception <a 'java/lang/NoSuchMethodError'{0x000000008a1fc168}: 'java.lang.Object java.lang.invoke.DirectMethodHandle$Holder.newInvokeSpecial(java.lang.Object, java.lang.Object, int)'> (0x000000008a1fc168) 
thrown [s\open\src\hotspot\share\interpreter\linkResolver.cpp, line 759]
Event: 7.031 Thread 0x000001c0951a83d0 Exception <a 'java/lang/NoSuchMethodError'{0x000000008a0b7be0}: 'int java.lang.invoke.DirectMethodHandle$Holder.invokeStatic(java.lang.Object, int, java.lang.Object)'> (0x000000008a0b7be0) 
thrown [s\open\src\hotspot\share\interpreter\linkResolver.cpp, line 759]
Event: 7.035 Thread 0x000001c0951a83d0 Exception <a 'java/lang/NoSuchMethodError'{0x000000008a0ddb70}: 'java.lang.Object java.lang.invoke.DirectMethodHandle$Holder.newInvokeSpecial(java.lang.Object, java.lang.Object, java.lang.Object, java.lang.Object, java.lang.Object, int, java.lang.Object)'> (0x000000008a0ddb70) 
thrown [s\open\src\hotspot\share\interpreter\linkResolver.cpp, line 759]
Event: 7.035 Thread 0x000001c0951a83d0 Exception <a 'java/lang/NoSuchMethodError'{0x000000008a0e2830}: 'java.lang.Object java.lang.invoke.DirectMethodHandle$Holder.invokeSpecial(java.lang.Object, java.lang.Object, java.lang.Object, java.lang.Object, java.lang.Object, java.lang.Object, int, java.lang.Object)'> (0x000000008a0e2830) 
thrown [s\open\src\hotspot\share\interpreter\linkResolver.cpp, line 759]
Event: 7.040 Thread 0x000001c0951a83d0 Exception <a 'java/lang/NoSuchMethodError'{0x0000000089f0f670}: 'void java.lang.invoke.DirectMethodHandle$Holder.invokeSpecial(java.lang.Object, java.lang.Object, java.lang.Object, java.lang.Object, java.lang.Object, java.lang.Object, java.lang.Object, java.lang.Object, java.lang.Object, java.lang.Object, java.lang.Object, java.lang.Object, java.lang.Object)'> (0x0000000089f0f670) 
thrown [s\open\src\hotspot\share\interpreter\linkResolver.cpp, line 759]
Event: 7.041 Thread 0x000001c0951a83d0 Exception <a 'java/lang/NoSuchMethodError'{0x0000000089f1df80}: 'java.lang.Object java.lang.invoke.DirectMethodHandle$Holder.newInvokeSpecial(java.lang.Object, java.lang.Object, java.lang.Object, java.lang.Object, java.lang.Object, java.lang.Object, java.lang.Object, java.lang.Object, java.lang.Object, java.lang.Object, java.lang.Object, java.lang.Object)'> (0x0000000089f1df80) 
thrown [s\open\src\hotspot\share\interpreter\linkResolver.cpp, line 759]
Event: 7.041 Thread 0x000001c0951a83d0 Exception <a 'java/lang/NoSuchMethodError'{0x0000000089f22e98}: 'java.lang.Object java.lang.invoke.DirectMethodHandle$Holder.invokeSpecial(java.lang.Object, java.lang.Object, java.lang.Object, java.lang.Object, java.lang.Object, java.lang.Object, java.lang.Object, java.lang.Object, java.lang.Object, java.lang.Object, java.lang.Object, java.lang.Object, java.lang.Object)'> (0x0000000089f22e98) 
thrown [s\open\src\hotspot\share\interpreter\linkResolver.cpp, line 759]
Event: 7.041 Thread 0x000001c0951a83d0 Exception <a 'java/lang/NoSuchMethodError'{0x0000000089f27990}: 'java.lang.Object java.lang.invoke.Invokers$Holder.linkToTargetMethod(java.lang.Object, java.lang.Object, java.lang.Object, java.lang.Object, java.lang.Object, java.lang.Object, java.lang.Object, java.lang.Object, java.lang.Object, java.lang.Object, java.lang.Object, java.lang.Object)'> (0x0000000089f27990) 
thrown [s\open\src\hotspot\share\interpreter\linkResolver.cpp, line 759]
Event: 7.074 Thread 0x000001c0951a83d0 Exception <a 'java/lang/NoSuchMethodError'{0x0000000089ec7048}: 'void java.lang.invoke.DirectMethodHandle$Holder.invokeInterface(java.lang.Object, java.lang.Object)'> (0x0000000089ec7048) 
thrown [s\open\src\hotspot\share\interpreter\linkResolver.cpp, line 759]
Event: 7.246 Thread 0x000001c0951a83d0 Exception <a 'sun/nio/fs/WindowsException'{0x0000000087826660}> (0x0000000087826660) 
thrown [s\open\src\hotspot\share\prims\jni.cpp, line 516]
Event: 7.743 Thread 0x000001c0951a83d0 Exception <a 'java/lang/IncompatibleClassChangeError'{0x0000000087ace3b0}: Found class java.lang.Object, but interface was expected> (0x0000000087ace3b0) 
thrown [s\open\src\hotspot\share\interpreter\linkResolver.cpp, line 826]
Event: 7.792 Thread 0x000001c0951a83d0 Exception <a 'java/lang/IncompatibleClassChangeError'{0x00000000878cff08}: Found class java.lang.Object, but interface was expected> (0x00000000878cff08) 
thrown [s\open\src\hotspot\share\interpreter\linkResolver.cpp, line 826]
Event: 7.996 Thread 0x000001c0951a83d0 Exception <a 'java/lang/IncompatibleClassChangeError'{0x0000000087ead8a0}: Found class java.lang.Object, but interface was expected> (0x0000000087ead8a0) 
thrown [s\open\src\hotspot\share\interpreter\linkResolver.cpp, line 826]
Event: 8.068 Thread 0x000001c0951a83d0 Exception <a 'java/lang/reflect/InvocationTargetException'{0x0000000087b76460}> (0x0000000087b76460) 
thrown [s\open\src\hotspot\share\runtime\reflection.cpp, line 1121]
Event: 8.083 Thread 0x000001c0951a83d0 Exception <a 'java/lang/NoSuchMethodError'{0x0000000087bf6a88}: 'int java.lang.invoke.DirectMethodHandle$Holder.invokeStatic(java.lang.Object, java.lang.Object, int)'> (0x0000000087bf6a88) 
thrown [s\open\src\hotspot\share\interpreter\linkResolver.cpp, line 759]
Event: 8.099 Thread 0x000001c0951a83d0 Exception <a 'java/lang/IncompatibleClassChangeError'{0x0000000087a4b598}: Found class java.lang.Object, but interface was expected> (0x0000000087a4b598) 
thrown [s\open\src\hotspot\share\interpreter\linkResolver.cpp, line 826]
Event: 8.161 Thread 0x000001c0951a83d0 Exception <a 'java/lang/NoSuchMethodError'{0x00000000878965a0}: 'java.lang.Object java.lang.invoke.DirectMethodHandle$Holder.invokeStatic(java.lang.Object, int, java.lang.Object)'> (0x00000000878965a0) 
thrown [s\open\src\hotspot\share\interpreter\linkResolver.cpp, line 759]
Event: 8.169 Thread 0x000001c0951a83d0 Exception <a 'java/lang/reflect/InvocationTargetException'{0x00000000878dafd8}> (0x00000000878dafd8) 
thrown [s\open\src\hotspot\share\runtime\reflection.cpp, line 1121]

VM Operations (20 events):
Event: 7.227 Executing VM operation: HandshakeAllThreads
Event: 7.227 Executing VM operation: HandshakeAllThreads done
Event: 7.229 Executing VM operation: HandshakeAllThreads
Event: 7.229 Executing VM operation: HandshakeAllThreads done
Event: 7.408 Executing VM operation: G1CollectForAllocation
Event: 7.411 Executing VM operation: G1CollectForAllocation done
Event: 7.657 Executing VM operation: HandshakeAllThreads
Event: 7.657 Executing VM operation: HandshakeAllThreads done
Event: 7.797 Executing VM operation: G1CollectForAllocation
Event: 7.800 Executing VM operation: G1CollectForAllocation done
Event: 7.826 Executing VM operation: G1Concurrent
Event: 7.831 Executing VM operation: G1Concurrent done
Event: 7.839 Executing VM operation: G1Concurrent
Event: 7.839 Executing VM operation: G1Concurrent done
Event: 8.013 Executing VM operation: HandshakeAllThreads
Event: 8.013 Executing VM operation: HandshakeAllThreads done
Event: 8.014 Executing VM operation: HandshakeAllThreads
Event: 8.014 Executing VM operation: HandshakeAllThreads done
Event: 8.173 Executing VM operation: G1CollectForAllocation
Event: 8.176 Executing VM operation: G1CollectForAllocation done

Events (20 events):
Event: 8.165 loading class org/springframework/data/jpa/repository/query/QueryParameterSetter$NamedOrIndexedQueryParameterSetter done
Event: 8.166 loading class org/springframework/data/jpa/repository/query/QueryParameterSetterFactory$CriteriaQueryParameterSetterFactory
Event: 8.166 loading class org/springframework/data/jpa/repository/query/QueryParameterSetterFactory$CriteriaQueryParameterSetterFactory done
Event: 8.166 loading class org/springframework/data/jpa/repository/query/JpaParameters$JpaParameter
Event: 8.166 loading class org/springframework/data/jpa/repository/query/JpaParameters$JpaParameter done
Event: 8.166 loading class org/springframework/data/jpa/repository/query/JpaParametersParameterAccessor
Event: 8.166 loading class org/springframework/data/jpa/repository/query/JpaParametersParameterAccessor done
Event: 8.167 loading class org/hibernate/query/sqm/tree/select/SqmOrderByClause
Event: 8.167 loading class org/hibernate/query/sqm/tree/select/SqmOrderByClause done
Event: 8.167 loading class org/springframework/data/util/Pair
Event: 8.167 loading class org/springframework/data/util/Pair done
Event: 8.170 loading class org/springframework/data/repository/core/support/RepositoryFactorySupport$ImplementationMethodExecutionInterceptor
Event: 8.170 loading class org/springframework/data/repository/core/support/RepositoryFactorySupport$ImplementationMethodExecutionInterceptor done
Event: 8.186 loading class org/springframework/transaction/annotation/Propagation
Event: 8.186 loading class org/springframework/transaction/annotation/Propagation done
Event: 8.186 loading class org/springframework/transaction/annotation/Isolation
Event: 8.186 loading class org/springframework/transaction/annotation/Isolation done
Event: 8.192 loading class org/springframework/web/multipart/MultipartFile
Event: 8.192 loading class org/springframework/web/multipart/MultipartFile done
Event: 8.350 Thread 0x000001c09d496f80 Thread added: 0x000001c09d496f80


Dynamic libraries:
0x00007ff655120000 - 0x00007ff655130000 	C:\Program Files\Java\jdk-17\bin\java.exe
0x00007ffb784c0000 - 0x00007ffb78725000 	C:\WINDOWS\SYSTEM32\ntdll.dll
0x00007ffb76ed0000 - 0x00007ffb76f99000 	C:\WINDOWS\System32\KERNEL32.DLL
0x00007ffb759d0000 - 0x00007ffb75db8000 	C:\WINDOWS\System32\KERNELBASE.dll
0x00007ffb75f40000 - 0x00007ffb7608b000 	C:\WINDOWS\System32\ucrtbase.dll
0x00007ffb67290000 - 0x00007ffb672a9000 	C:\Program Files\Java\jdk-17\bin\jli.dll
0x00007ffb67920000 - 0x00007ffb6793b000 	C:\Program Files\Java\jdk-17\bin\VCRUNTIME140.dll
0x00007ffb77190000 - 0x00007ffb77243000 	C:\WINDOWS\System32\ADVAPI32.dll
0x00007ffb78200000 - 0x00007ffb782a9000 	C:\WINDOWS\System32\msvcrt.dll
0x00007ffb76260000 - 0x00007ffb76306000 	C:\WINDOWS\System32\sechost.dll
0x00007ffb772f0000 - 0x00007ffb77405000 	C:\WINDOWS\System32\RPCRT4.dll
0x00007ffb782b0000 - 0x00007ffb7847a000 	C:\WINDOWS\System32\USER32.dll
0x00007ffb75dc0000 - 0x00007ffb75de7000 	C:\WINDOWS\System32\win32u.dll
0x00007ffb76340000 - 0x00007ffb7636b000 	C:\WINDOWS\System32\GDI32.dll
0x00007ffb76120000 - 0x00007ffb76257000 	C:\WINDOWS\System32\gdi32full.dll
0x00007ffb75e90000 - 0x00007ffb75f33000 	C:\WINDOWS\System32\msvcp_win.dll
0x00007ffb5dca0000 - 0x00007ffb5df3a000 	C:\WINDOWS\WinSxS\amd64_microsoft.windows.common-controls_6595b64144ccf1df_6.0.26100.4202_none_3e0698d4e335f517\COMCTL32.dll
0x00007ffb662c0000 - 0x00007ffb662cb000 	C:\WINDOWS\SYSTEM32\VERSION.dll
0x00007ffb76fa0000 - 0x00007ffb76fd0000 	C:\WINDOWS\System32\IMM32.DLL
0x00007ffb72320000 - 0x00007ffb7232c000 	C:\Program Files\Java\jdk-17\bin\vcruntime140_1.dll
0x00007ffb54270000 - 0x00007ffb542fe000 	C:\Program Files\Java\jdk-17\bin\msvcp140.dll
0x00007ffab8360000 - 0x00007ffab8f40000 	C:\Program Files\Java\jdk-17\bin\server\jvm.dll
0x00007ffb76330000 - 0x00007ffb76338000 	C:\WINDOWS\System32\PSAPI.DLL
0x00007ffb5fd90000 - 0x00007ffb5fdc5000 	C:\WINDOWS\SYSTEM32\WINMM.dll
0x00007ffb4c6d0000 - 0x00007ffb4c6da000 	C:\WINDOWS\SYSTEM32\WSOCK32.dll
0x00007ffb78180000 - 0x00007ffb781f4000 	C:\WINDOWS\System32\WS2_32.dll
0x00007ffb744f0000 - 0x00007ffb7450b000 	C:\WINDOWS\SYSTEM32\kernel.appcore.dll
0x00007ffb672c0000 - 0x00007ffb672ca000 	C:\Program Files\Java\jdk-17\bin\jimage.dll
0x00007ffb72fb0000 - 0x00007ffb731f1000 	C:\WINDOWS\SYSTEM32\DBGHELP.DLL
0x00007ffb767d0000 - 0x00007ffb76b55000 	C:\WINDOWS\System32\combase.dll
0x00007ffb765e0000 - 0x00007ffb766c1000 	C:\WINDOWS\System32\OLEAUT32.dll
0x00007ffb596e0000 - 0x00007ffb59719000 	C:\WINDOWS\SYSTEM32\dbgcore.DLL
0x00007ffb75df0000 - 0x00007ffb75e89000 	C:\WINDOWS\System32\bcryptPrimitives.dll
0x00007ffb5bc90000 - 0x00007ffb5bccb000 	C:\Program Files\Java\jdk-17\bin\jdwp.dll
0x00007ffb66050000 - 0x00007ffb6605e000 	C:\Program Files\Java\jdk-17\bin\instrument.dll
0x00007ffb5a0d0000 - 0x00007ffb5a0f5000 	C:\Program Files\Java\jdk-17\bin\java.dll
0x00007ffb5f2c0000 - 0x00007ffb5f2d8000 	C:\Program Files\Java\jdk-17\bin\zip.dll
0x00007ffb49810000 - 0x00007ffb498e7000 	C:\Program Files\Java\jdk-17\bin\jsvml.dll
0x00007ffb77a30000 - 0x00007ffb78172000 	C:\WINDOWS\System32\SHELL32.dll
0x00007ffb75610000 - 0x00007ffb75784000 	C:\WINDOWS\System32\wintypes.dll
0x00007ffb73290000 - 0x00007ffb73ae8000 	C:\WINDOWS\SYSTEM32\windows.storage.dll
0x00007ffb77490000 - 0x00007ffb77581000 	C:\WINDOWS\System32\SHCORE.dll
0x00007ffb76b70000 - 0x00007ffb76bda000 	C:\WINDOWS\System32\shlwapi.dll
0x00007ffb75520000 - 0x00007ffb7554f000 	C:\WINDOWS\SYSTEM32\profapi.dll
0x00007ffb6d780000 - 0x00007ffb6d78c000 	C:\Program Files\Java\jdk-17\bin\dt_socket.dll
0x00007ffb73f20000 - 0x00007ffb73f53000 	C:\WINDOWS\SYSTEM32\IPHLPAPI.DLL
0x00007ffb74a60000 - 0x00007ffb74aca000 	C:\WINDOWS\system32\mswsock.dll
0x00007ffb5c380000 - 0x00007ffb5c399000 	C:\Program Files\Java\jdk-17\bin\net.dll
0x00007ffb67780000 - 0x00007ffb6789e000 	C:\WINDOWS\SYSTEM32\WINHTTP.dll
0x00007ffb5a0b0000 - 0x00007ffb5a0c6000 	C:\Program Files\Java\jdk-17\bin\nio.dll
0x00007ffb5f4f0000 - 0x00007ffb5f4fa000 	C:\Program Files\Java\jdk-17\bin\management.dll
0x00007ffb5ef50000 - 0x00007ffb5ef5b000 	C:\Program Files\Java\jdk-17\bin\management_ext.dll
0x00007ffb5eea0000 - 0x00007ffb5eeae000 	C:\Program Files\Java\jdk-17\bin\sunmscapi.dll
0x00007ffb75790000 - 0x00007ffb75907000 	C:\WINDOWS\System32\CRYPT32.dll
0x00007ffb74f30000 - 0x00007ffb74f60000 	C:\WINDOWS\SYSTEM32\ncrypt.dll
0x00007ffb74ee0000 - 0x00007ffb74f1f000 	C:\WINDOWS\SYSTEM32\NTASN1.dll
0x00007ffb74d10000 - 0x00007ffb74d2b000 	C:\WINDOWS\SYSTEM32\CRYPTSP.dll
0x00007ffb74450000 - 0x00007ffb7448a000 	C:\WINDOWS\system32\rsaenh.dll
0x00007ffb74b00000 - 0x00007ffb74b2b000 	C:\WINDOWS\SYSTEM32\USERENV.dll
0x00007ffb754f0000 - 0x00007ffb75516000 	C:\WINDOWS\SYSTEM32\bcrypt.dll
0x00007ffb74d30000 - 0x00007ffb74d3c000 	C:\WINDOWS\SYSTEM32\CRYPTBASE.dll
0x00007ffb76b60000 - 0x00007ffb76b6a000 	C:\WINDOWS\System32\NSI.dll
0x00007ffb678e0000 - 0x00007ffb678ff000 	C:\WINDOWS\SYSTEM32\dhcpcsvc6.DLL
0x00007ffb678b0000 - 0x00007ffb678d5000 	C:\WINDOWS\SYSTEM32\dhcpcsvc.DLL
0x00007ffb73ff0000 - 0x00007ffb74117000 	C:\WINDOWS\SYSTEM32\DNSAPI.dll
0x00007ffb65a30000 - 0x00007ffb65a40000 	C:\Program Files\Java\jdk-17\bin\verify.dll
0x00007ffb662d0000 - 0x00007ffb662db000 	C:\Windows\System32\rasadhlp.dll
0x00007ffb6ac50000 - 0x00007ffb6acd6000 	C:\WINDOWS\System32\fwpuclnt.dll

dbghelp: loaded successfully - version: 4.0.5 - missing functions: none
symbol engine: initialized successfully - sym options: 0x614 - pdb path: .;C:\Program Files\Java\jdk-17\bin;C:\WINDOWS\SYSTEM32;C:\WINDOWS\WinSxS\amd64_microsoft.windows.common-controls_6595b64144ccf1df_6.0.26100.4202_none_3e0698d4e335f517;C:\Program Files\Java\jdk-17\bin\server

VM Arguments:
jvm_args: -Ddebugger.agent.enable.coroutines=true -Dkotlinx.coroutines.debug.enable.creation.stack.trace=false -Dkotlinx.coroutines.debug.enable.flows.stack.trace=true -Dkotlinx.coroutines.debug.enable.mutable.state.flows.stack.trace=true -agentlib:jdwp=transport=dt_socket,server=n,suspend=y,address=127.0.0.1:59829 -javaagent:C:\Users\jongw\AppData\Local\JetBrains\IdeaIC2025.1\captureAgent\debugger-agent.jar=file:///C:/Users/jongw/AppData/Local/Temp/capture5111392578961081112.props -Dfile.encoding=UTF-8 -Duser.country=KR -Duser.language=ko -Duser.variant 
java_command: com.sns.SnsApplication
java_class_path (initial): C:\2025.01.20 BE_KJW\6) Spring_Project\sns_workspace\build\classes\java\main;C:\2025.01.20 BE_KJW\6) Spring_Project\sns_workspace\build\resources\main;C:\Users\jongw\.gradle\caches\modules-2\files-2.1\org.springframework.boot\spring-boot-devtools\3.4.6\cd3d90561142ed4fbffabe8e86348c29765420a\spring-boot-devtools-3.4.6.jar;C:\Users\jongw\.gradle\caches\modules-2\files-2.1\org.springframework.boot\spring-boot-starter-data-jpa\3.4.6\5abd9ca3e42cbeebbdfb4bbd1c7610fa8f85fc5a\spring-boot-starter-data-jpa-3.4.6.jar;C:\Users\jongw\.gradle\caches\modules-2\files-2.1\org.springframework.boot\spring-boot-starter-thymeleaf\3.4.6\f5d0b6905de344d2913c441f630a481410a30140\spring-boot-starter-thymeleaf-3.4.6.jar;C:\Users\jongw\.gradle\caches\modules-2\files-2.1\org.springframework.boot\spring-boot-starter-web\3.4.6\7e16fabc365650975cbc150b39c3d9772706c04c\spring-boot-starter-web-3.4.6.jar;C:\Users\jongw\.gradle\caches\modules-2\files-2.1\org.mybatis.spring.boot\mybatis-spring-boot-starter\3.0.4\2a56c4aa1f81aaef9abb0105f72702a737517d9a\mybatis-spring-boot-starter-3.0.4.jar;C:\Users\jongw\.gradle\caches\modules-2\files-2.1\com.github.gavlyukovskiy\p6spy-spring-boot-starter\1.9.0\b51740224ed4f0cdca7ba93fe9167e7b97064f41\p6spy-spring-boot-starter-1.9.0.jar;C:\Users\jongw\.gradle\caches\modules-2\files-2.1\nz.net.ultraq.thymeleaf\thymeleaf-layout-dialect\3.3.0\275da01788302e514c0549a4db5fa6b29ef84ba6\thymeleaf-layout-dialect-3.3.0.jar;C:\Users\jongw\.gradle\caches\modules-2\files-2.1\com.mysql\mysql-connector-j\9.1.0\5fb1d513278e1a9767dfa80ea9d8d7ee909f1a\mysql-connector-j-9.1.0.jar;C:\Users\jongw\.gradle\caches\modules-2\files-2.1\com.github.gavlyukovskiy\datasource-decorator-spring-boot-autoconfigure\1.9.0\831a15b04e176cd41c0539cda6194ac3e6b715ff\datasource-decorator-spring-boot-autoconfigure-1.9.0.jar;C:\Users\jongw\.gradle\caches\modules-2\files-2.1\org.springframework.boot\spring-boot-starter-jdbc\3.4.6\9a6c5a3641422be6bfca036fd97316c977d1f40f\spring-bo
Launcher Type: SUN_STANDARD

[Global flags]
     intx CICompilerCount                          = 4                                         {product} {ergonomic}
     uint ConcGCThreads                            = 2                                         {product} {ergonomic}
     uint G1ConcRefinementThreads                  = 8                                         {product} {ergonomic}
   size_t G1HeapRegionSize                         = 1048576                                   {product} {ergonomic}
    uintx GCDrainStackTargetSize                   = 64                                        {product} {ergonomic}
   size_t InitialHeapSize                          = 130023424                                 {product} {ergonomic}
   size_t MarkStackSize                            = 4194304                                   {product} {ergonomic}
   size_t MaxHeapSize                              = 2063597568                                {product} {ergonomic}
   size_t MaxNewSize                               = 1237319680                                {product} {ergonomic}
   size_t MinHeapDeltaBytes                        = 1048576                                   {product} {ergonomic}
   size_t MinHeapSize                              = 8388608                                   {product} {ergonomic}
    uintx NonNMethodCodeHeapSize                   = 5839372                                {pd product} {ergonomic}
    uintx NonProfiledCodeHeapSize                  = 122909434                              {pd product} {ergonomic}
    uintx ProfiledCodeHeapSize                     = 122909434                              {pd product} {ergonomic}
    uintx ReservedCodeCacheSize                    = 251658240                              {pd product} {ergonomic}
     bool SegmentedCodeCache                       = true                                      {product} {ergonomic}
   size_t SoftMaxHeapSize                          = 2063597568                             {manageable} {ergonomic}
     bool UseCompressedClassPointers               = true                           {product lp64_product} {ergonomic}
     bool UseCompressedOops                        = true                           {product lp64_product} {ergonomic}
     bool UseG1GC                                  = true                                      {product} {ergonomic}
     bool UseLargePagesIndividualAllocation        = false                                  {pd product} {ergonomic}

Logging:
Log output configuration:
 #0: stdout all=warning uptime,level,tags
 #1: stderr all=off uptime,level,tags

Environment Variables:
JAVA_HOME=C:\Program Files\Java\jdk-17
PATH=C:\Program Files\Common Files\Oracle\Java\javapath;C:\oraclexe\app\oracle\product\11.2.0\server\bin;C:\Program Files (x86)\VMware\VMware Workstation\bin\;C:\oracle\product\10.2.0\db_1\bin;C:\oracle\product\10.2.0\db_3\bin;C:\Program Files\Java\jdk-17\bin;C:\Program Files\Python312\Scripts\;C:\Program Files\Python312\;C:\windows\system32;C:\windows;C:\windows\System32\Wbem;C:\windows\System32\WindowsPowerShell\v1.0\;C:\windows\System32\OpenSSH\;C:\Program Files (x86)\NVIDIA Corporation\PhysX\Common;C:\Program Files\NVIDIA Corporation\NVIDIA NvDLISR;C:\WINDOWS\system32;C:\WINDOWS;C:\WINDOWS\System32\Wbem;C:\WINDOWS\System32\WindowsPowerShell\v1.0\;C:\WINDOWS\System32\OpenSSH\;C:\Program Files\Microsoft SQL Server\150\Tools\Binn\;C:\Program Files\Microsoft SQL Server\Client SDK\ODBC\170\Tools\Binn\;C:\Program Files\dotnet\;C:\Program Files\Git\cmd;C:\Program Files\Bandizip\;C:\Program Files\MySQL\MySQL Shell 8.0\bin\;C:\Users\jongw\AppData\Local\Microsoft\WindowsApps;C:\Users\jongw\.dotnet\tools;C:\Users\jongw\AppData\Local\Programs\Microsoft VS Code\bin;C:\Users\jongw\AppData\Local\GitHubDesktop\bin;C:\Program Files\Java\jdk-11;
USERNAME=jongw
OS=Windows_NT
PROCESSOR_IDENTIFIER=Intel64 Family 6 Model 140 Stepping 1, GenuineIntel



---------------  S Y S T E M  ---------------

OS:
 Windows 11 , 64 bit Build 26100 (10.0.26100.4202)
OS uptime: 0 days 5:49 hours

CPU: total 8 (initial active 8) (4 cores per cpu, 2 threads per core) family 6 model 140 stepping 1 microcode 0xb4, cx8, cmov, fxsr, ht, mmx, 3dnowpref, sse, sse2, sse3, ssse3, sse4.1, sse4.2, popcnt, lzcnt, tsc, tscinvbit, avx, avx2, aes, erms, clmul, bmi1, bmi2, adx, avx512f, avx512dq, avx512cd, avx512bw, avx512vl, sha, fma, vzeroupper, avx512_vpopcntdq, avx512_vpclmulqdq, avx512_vaes, avx512_vnni, clflush, clflushopt, clwb, avx512_vbmi2, avx512_vbmi

Memory: 4k page, system-wide physical 7865M (555M free)
TotalPageFile size 24249M (AvailPageFile size 4M)
current process WorkingSet (physical memory assigned to process): 358M, peak: 358M
current process commit charge ("private bytes"): 392M, peak: 392M

vm_info: Java HotSpot(TM) 64-Bit Server VM (17.0.12+8-LTS-286) for windows-amd64 JRE (17.0.12+8-LTS-286), built on Jun  5 2024 06:46:59 by "mach5one" with MS VC++ 17.6 (VS2022)

END.
