#
# There is insufficient memory for the Java Runtime Environment to continue.
# Native memory allocation (malloc) failed to allocate 4611040 bytes for Chunk::new
# Possible reasons:
#   The system is out of physical RAM or swap space
#   The process is running with CompressedOops enabled, and the Java Heap may be blocking the growth of the native heap
# Possible solutions:
#   Reduce memory load on the system
#   Increase physical memory or swap space
#   Check if swap backing store is full
#   Decrease Java heap size (-Xmx/-Xms)
#   Decrease number of Java threads
#   Decrease Java thread stack sizes (-Xss)
#   Set larger code cache with -XX:ReservedCodeCacheSize=
#   JVM is running with Unscaled Compressed Oops mode in which the Java heap is
#     placed in the first 4GB address space. The Java Heap base address is the
#     maximum limit for the native heap growth. Please use -XX:HeapBaseMinAddress
#     to set the Java Heap base and to place the Java Heap above 4GB virtual address.
# This output file may be truncated or incomplete.
#
#  Out of Memory Error (arena.cpp:189), pid=25544, tid=20832
#
# JRE version: Java(TM) SE Runtime Environment (17.0.12+8) (build 17.0.12+8-LTS-286)
# Java VM: Java HotSpot(TM) 64-Bit Server VM (17.0.12+8-LTS-286, mixed mode, sharing, tiered, compressed oops, compressed class ptrs, g1 gc, windows-amd64)
# No core dump will be written. Minidumps are not enabled by default on client versions of Windows
#

---------------  S U M M A R Y ------------

Command Line: -Ddebugger.agent.enable.coroutines=true -Dkotlinx.coroutines.debug.enable.creation.stack.trace=false -Dkotlinx.coroutines.debug.enable.flows.stack.trace=true -Dkotlinx.coroutines.debug.enable.mutable.state.flows.stack.trace=true -agentlib:jdwp=transport=dt_socket,server=n,suspend=y,address=127.0.0.1:49306 -javaagent:C:\Users\jongw\AppData\Local\JetBrains\IdeaIC2025.1\captureAgent\debugger-agent.jar=file:///C:/Users/jongw/AppData/Local/Temp/capture16583355372454851911.props -Dfile.encoding=UTF-8 -Duser.country=KR -Duser.language=ko -Duser.variant com.sns.SnsApplication

Host: 11th Gen Intel(R) Core(TM) i7-1165G7 @ 2.80GHz, 8 cores, 7G,  Windows 11 , 64 bit Build 26100 (10.0.26100.4202)
Time: Wed Jun 11 19:56:49 2025  Windows 11 , 64 bit Build 26100 (10.0.26100.4202) elapsed time: 7.412914 seconds (0d 0h 0m 7s)

---------------  T H R E A D  ---------------

Current thread (0x000001cbfe974f30):  JavaThread "C2 CompilerThread0" daemon [_thread_in_native, id=20832, stack(0x000000ae99800000,0x000000ae99900000)]


Current CompileTask:
C2:   7413 5603       4       java.util.function.BiPredicate$$Lambda$121/0x000001cb9c0edf20::test (16 bytes)

Stack: [0x000000ae99800000,0x000000ae99900000]
Native frames: (J=compiled Java code, j=interpreted, Vv=VM code, C=native code)
V  [jvm.dll+0x67a04a]
V  [jvm.dll+0x7da4ed]
V  [jvm.dll+0x7dbe33]
V  [jvm.dll+0x7dc4a3]
V  [jvm.dll+0x24508f]
V  [jvm.dll+0xab773]
V  [jvm.dll+0xabd3c]
V  [jvm.dll+0x361bee]
V  [jvm.dll+0x1ba64a]
V  [jvm.dll+0x216997]
V  [jvm.dll+0x215c6f]
V  [jvm.dll+0x1a2960]
V  [jvm.dll+0x22610b]
V  [jvm.dll+0x2242ab]
V  [jvm.dll+0x79075c]
V  [jvm.dll+0x78abea]
V  [jvm.dll+0x678f35]
C  [ucrtbase.dll+0x37b0]
C  [KERNEL32.DLL+0x2e8d7]
C  [ntdll.dll+0x3c34c]


---------------  P R O C E S S  ---------------

Threads class SMR info:
_java_thread_list=0x000001cbe8c0e6f0, length=25, elements={
0x000001cbfac09cd0, 0x000001cbfe94c740, 0x000001cbfe951110, 0x000001cbfe96e300,
0x000001cbfe96fbe0, 0x000001cbfe9704b0, 0x000001cbfe970d80, 0x000001cbfe974f30,
0x000001cbfe977900, 0x000001cb9a770470, 0x000001cbfe9307d0, 0x000001cb9a918050,
0x000001cb9a9d37f0, 0x000001cb9a9e3cc0, 0x000001cb9a9ab7b0, 0x000001cb9aa068e0,
0x000001cbe015fc20, 0x000001cb9ab59970, 0x000001cb9ab5a390, 0x000001cbe49ad680,
0x000001cbe49adb90, 0x000001cbe49ae5b0, 0x000001cbe49aeac0, 0x000001cbea833c80,
0x000001cbea8350c0
}

Java Threads: ( => current thread )
  0x000001cbfac09cd0 JavaThread "main" [_thread_blocked, id=26268, stack(0x000000ae98b00000,0x000000ae98c00000)]
  0x000001cbfe94c740 JavaThread "Reference Handler" daemon [_thread_blocked, id=11100, stack(0x000000ae99200000,0x000000ae99300000)]
  0x000001cbfe951110 JavaThread "Finalizer" daemon [_thread_blocked, id=20768, stack(0x000000ae99300000,0x000000ae99400000)]
  0x000001cbfe96e300 JavaThread "Signal Dispatcher" daemon [_thread_blocked, id=6828, stack(0x000000ae99400000,0x000000ae99500000)]
  0x000001cbfe96fbe0 JavaThread "Attach Listener" daemon [_thread_blocked, id=28412, stack(0x000000ae99500000,0x000000ae99600000)]
  0x000001cbfe9704b0 JavaThread "Service Thread" daemon [_thread_blocked, id=25904, stack(0x000000ae99600000,0x000000ae99700000)]
  0x000001cbfe970d80 JavaThread "Monitor Deflation Thread" daemon [_thread_blocked, id=5408, stack(0x000000ae99700000,0x000000ae99800000)]
=>0x000001cbfe974f30 JavaThread "C2 CompilerThread0" daemon [_thread_in_native, id=20832, stack(0x000000ae99800000,0x000000ae99900000)]
  0x000001cbfe977900 JavaThread "C1 CompilerThread0" daemon [_thread_blocked, id=26256, stack(0x000000ae99900000,0x000000ae99a00000)]
  0x000001cb9a770470 JavaThread "Sweeper thread" daemon [_thread_blocked, id=26220, stack(0x000000ae99a00000,0x000000ae99b00000)]
  0x000001cbfe9307d0 JavaThread "Common-Cleaner" daemon [_thread_blocked, id=21076, stack(0x000000ae99b00000,0x000000ae99c00000)]
  0x000001cb9a918050 JavaThread "JDWP Transport Listener: dt_socket" daemon [_thread_in_native, id=26044, stack(0x000000ae99c00000,0x000000ae99d00000)]
  0x000001cb9a9d37f0 JavaThread "JDWP Event Helper Thread" daemon [_thread_blocked, id=2740, stack(0x000000ae99d00000,0x000000ae99e00000)]
  0x000001cb9a9e3cc0 JavaThread "JDWP Command Reader" daemon [_thread_in_native, id=26564, stack(0x000000ae99e00000,0x000000ae99f00000)]
  0x000001cb9a9ab7b0 JavaThread "IntelliJ Suspend Helper" daemon [_thread_blocked, id=28312, stack(0x000000ae99f00000,0x000000ae9a000000)]
  0x000001cb9aa068e0 JavaThread "Notification Thread" daemon [_thread_blocked, id=27500, stack(0x000000ae9a000000,0x000000ae9a100000)]
  0x000001cbe015fc20 JavaThread "C2 CompilerThread1" daemon [_thread_in_native, id=25608, stack(0x000000ae9a200000,0x000000ae9a300000)]
  0x000001cb9ab59970 JavaThread "Thread-0" [_thread_blocked, id=18344, stack(0x000000ae9ab00000,0x000000ae9ac00000)]
  0x000001cb9ab5a390 JavaThread "restartedMain" [_thread_in_Java, id=28092, stack(0x000000ae9ac00000,0x000000ae9ad00000)]
  0x000001cbe49ad680 JavaThread "Catalina-utility-1" [_thread_blocked, id=10656, stack(0x000000ae9ad00000,0x000000ae9ae00000)]
  0x000001cbe49adb90 JavaThread "Catalina-utility-2" [_thread_blocked, id=28556, stack(0x000000ae9af00000,0x000000ae9b000000)]
  0x000001cbe49ae5b0 JavaThread "container-0" [_thread_blocked, id=2484, stack(0x000000ae9b000000,0x000000ae9b100000)]
  0x000001cbe49aeac0 JavaThread "mysql-cj-abandoned-connection-cleanup" daemon [_thread_blocked, id=16296, stack(0x000000ae9b100000,0x000000ae9b200000)]
  0x000001cbea833c80 JavaThread "HikariPool-1 housekeeper" daemon [_thread_blocked, id=17264, stack(0x000000ae9b300000,0x000000ae9b400000)]
  0x000001cbea8350c0 JavaThread "HikariPool-1 connection adder" daemon [_thread_blocked, id=8728, stack(0x000000ae9b400000,0x000000ae9b500000)]

Other Threads:
  0x000001cbfe93ed80 VMThread "VM Thread" [stack: 0x000000ae99100000,0x000000ae99200000] [id=6632]
  0x000001cb9a9b19f0 WatcherThread [stack: 0x000000ae9a100000,0x000000ae9a200000] [id=24336]
  0x000001cbfac21ee0 GCTaskThread "GC Thread#0" [stack: 0x000000ae98c00000,0x000000ae98d00000] [id=13476]
  0x000001cbe0ad4340 GCTaskThread "GC Thread#1" [stack: 0x000000ae9a400000,0x000000ae9a500000] [id=26796]
  0x000001cbe0931780 GCTaskThread "GC Thread#2" [stack: 0x000000ae9a500000,0x000000ae9a600000] [id=6356]
  0x000001cbe0a93c50 GCTaskThread "GC Thread#3" [stack: 0x000000ae9a600000,0x000000ae9a700000] [id=24020]
  0x000001cbe0baa3b0 GCTaskThread "GC Thread#4" [stack: 0x000000ae9a700000,0x000000ae9a800000] [id=4000]
  0x000001cbe0bd1d70 GCTaskThread "GC Thread#5" [stack: 0x000000ae9a800000,0x000000ae9a900000] [id=24676]
  0x000001cbe0c182a0 GCTaskThread "GC Thread#6" [stack: 0x000000ae9a900000,0x000000ae9aa00000] [id=9056]
  0x000001cbe0cc8730 GCTaskThread "GC Thread#7" [stack: 0x000000ae9aa00000,0x000000ae9ab00000] [id=23936]
  0x000001cbfac75fc0 ConcurrentGCThread "G1 Main Marker" [stack: 0x000000ae98d00000,0x000000ae98e00000] [id=26748]
  0x000001cbfac78080 ConcurrentGCThread "G1 Conc#0" [stack: 0x000000ae98e00000,0x000000ae98f00000] [id=21800]
  0x000001cbe1b4b660 ConcurrentGCThread "G1 Conc#1" [stack: 0x000000ae9ae00000,0x000000ae9af00000] [id=25732]
  0x000001cbfe7e7e40 ConcurrentGCThread "G1 Refine#0" [stack: 0x000000ae98f00000,0x000000ae99000000] [id=5720]
  0x000001cbfacbe6c0 ConcurrentGCThread "G1 Service" [stack: 0x000000ae99000000,0x000000ae99100000] [id=23228]

Threads with active compile tasks:
C2 CompilerThread0     7448 5603       4       java.util.function.BiPredicate$$Lambda$121/0x000001cb9c0edf20::test (16 bytes)
C2 CompilerThread1     7448 5679       4       org.springframework.core.annotation.AnnotationsScanner::getDeclaredAnnotations (166 bytes)

VM state: not at safepoint (normal execution)

VM Mutex/Monitor currently owned by a thread: None

Heap address: 0x0000000085000000, size: 1968 MB, Compressed Oops mode: 32-bit

CDS archive(s) mapped at: [0x000001cb9b000000-0x000001cb9bbd0000-0x000001cb9bbd0000), size 12386304, SharedBaseAddress: 0x000001cb9b000000, ArchiveRelocationMode: 1.
Compressed class space mapped at: 0x000001cb9c000000-0x000001cbdc000000, reserved size: 1073741824
Narrow klass base: 0x000001cb9b000000, Narrow klass shift: 0, Narrow klass range: 0x100000000

GC Precious Log:
 CPUs: 8 total, 8 available
 Memory: 7865M
 Large Page Support: Disabled
 NUMA Support: Disabled
 Compressed Oops: Enabled (32-bit)
 Heap Region Size: 1M
 Heap Min Capacity: 8M
 Heap Initial Capacity: 124M
 Heap Max Capacity: 1968M
 Pre-touch: Disabled
 Parallel Workers: 8
 Concurrent Workers: 2
 Concurrent Refinement Workers: 8
 Periodic GC: Disabled

Heap:
 garbage-first heap   total 64512K, used 34603K [0x0000000085000000, 0x0000000100000000)
  region size 1024K, 10 young (10240K), 4 survivors (4096K)
 Metaspace       used 72059K, committed 72576K, reserved 1114112K
  class space    used 9305K, committed 9536K, reserved 1048576K

Heap Regions: E=young(eden), S=young(survivor), O=old, HS=humongous(starts), HC=humongous(continues), CS=collection set, F=free, OA=open archive, CA=closed archive, TAMS=top-at-mark-start (previous, next)
|   0|0x0000000085000000, 0x0000000085100000, 0x0000000085100000|100%|HS|  |TAMS 0x0000000085100000, 0x0000000085000000| Complete 
|   1|0x0000000085100000, 0x0000000085200000, 0x0000000085200000|100%|HS|  |TAMS 0x0000000085200000, 0x0000000085100000| Complete 
|   2|0x0000000085200000, 0x0000000085300000, 0x0000000085300000|100%| O|  |TAMS 0x0000000085300000, 0x0000000085200000| Untracked 
|   3|0x0000000085300000, 0x0000000085400000, 0x0000000085400000|100%| O|  |TAMS 0x0000000085400000, 0x0000000085300000| Untracked 
|   4|0x0000000085400000, 0x0000000085500000, 0x0000000085500000|100%| O|  |TAMS 0x0000000085500000, 0x0000000085400000| Untracked 
|   5|0x0000000085500000, 0x0000000085600000, 0x0000000085600000|100%| O|  |TAMS 0x0000000085600000, 0x0000000085500000| Untracked 
|   6|0x0000000085600000, 0x0000000085700000, 0x0000000085700000|100%| O|  |TAMS 0x0000000085700000, 0x0000000085600000| Untracked 
|   7|0x0000000085700000, 0x0000000085800000, 0x0000000085800000|100%| O|  |TAMS 0x0000000085800000, 0x0000000085700000| Untracked 
|   8|0x0000000085800000, 0x0000000085900000, 0x0000000085900000|100%| O|  |TAMS 0x0000000085900000, 0x0000000085800000| Untracked 
|   9|0x0000000085900000, 0x0000000085a00000, 0x0000000085a00000|100%| O|  |TAMS 0x0000000085a00000, 0x0000000085900000| Untracked 
|  10|0x0000000085a00000, 0x0000000085b00000, 0x0000000085b00000|100%| O|  |TAMS 0x0000000085b00000, 0x0000000085a00000| Untracked 
|  11|0x0000000085b00000, 0x0000000085c00000, 0x0000000085c00000|100%| O|  |TAMS 0x0000000085c00000, 0x0000000085b00000| Untracked 
|  12|0x0000000085c00000, 0x0000000085d00000, 0x0000000085d00000|100%| O|  |TAMS 0x0000000085d00000, 0x0000000085c00000| Untracked 
|  13|0x0000000085d00000, 0x0000000085e00000, 0x0000000085e00000|100%| O|  |TAMS 0x0000000085e00000, 0x0000000085d00000| Untracked 
|  14|0x0000000085e00000, 0x0000000085f00000, 0x0000000085f00000|100%| O|  |TAMS 0x0000000085f00000, 0x0000000085e00000| Untracked 
|  15|0x0000000085f00000, 0x0000000086000000, 0x0000000086000000|100%| O|  |TAMS 0x0000000086000000, 0x0000000085f00000| Untracked 
|  16|0x0000000086000000, 0x0000000086100000, 0x0000000086100000|100%| O|  |TAMS 0x0000000086100000, 0x0000000086000000| Untracked 
|  17|0x0000000086100000, 0x0000000086200000, 0x0000000086200000|100%| O|  |TAMS 0x0000000086200000, 0x0000000086100000| Untracked 
|  18|0x0000000086200000, 0x0000000086300000, 0x0000000086300000|100%| O|  |TAMS 0x0000000086300000, 0x0000000086200000| Untracked 
|  19|0x0000000086300000, 0x0000000086400000, 0x0000000086400000|100%| O|  |TAMS 0x0000000086400000, 0x0000000086300000| Untracked 
|  20|0x0000000086400000, 0x00000000864ffff8, 0x0000000086500000| 99%| O|  |TAMS 0x00000000864ffff8, 0x0000000086400000| Untracked 
|  21|0x0000000086500000, 0x0000000086600000, 0x0000000086600000|100%| O|  |TAMS 0x000000008654ba00, 0x0000000086500000| Untracked 
|  22|0x0000000086600000, 0x0000000086700000, 0x0000000086700000|100%| O|  |TAMS 0x0000000086600000, 0x0000000086600000| Untracked 
|  23|0x0000000086700000, 0x0000000086800000, 0x0000000086800000|100%| O|  |TAMS 0x0000000086700000, 0x0000000086700000| Untracked 
|  24|0x0000000086800000, 0x0000000086900000, 0x0000000086900000|100%| O|  |TAMS 0x0000000086800000, 0x0000000086800000| Untracked 
|  25|0x0000000086900000, 0x00000000869b1600, 0x0000000086a00000| 69%| O|  |TAMS 0x0000000086900000, 0x0000000086900000| Untracked 
|  26|0x0000000086a00000, 0x0000000086a00000, 0x0000000086b00000|  0%| F|  |TAMS 0x0000000086a00000, 0x0000000086a00000| Untracked 
|  27|0x0000000086b00000, 0x0000000086b00000, 0x0000000086c00000|  0%| F|  |TAMS 0x0000000086b00000, 0x0000000086b00000| Untracked 
|  28|0x0000000086c00000, 0x0000000086c00000, 0x0000000086d00000|  0%| F|  |TAMS 0x0000000086c00000, 0x0000000086c00000| Untracked 
|  29|0x0000000086d00000, 0x0000000086d00000, 0x0000000086e00000|  0%| F|  |TAMS 0x0000000086d00000, 0x0000000086d00000| Untracked 
|  30|0x0000000086e00000, 0x0000000086e00000, 0x0000000086f00000|  0%| F|  |TAMS 0x0000000086e00000, 0x0000000086e00000| Untracked 
|  31|0x0000000086f00000, 0x0000000086f00000, 0x0000000087000000|  0%| F|  |TAMS 0x0000000086f00000, 0x0000000086f00000| Untracked 
|  32|0x0000000087000000, 0x0000000087000000, 0x0000000087100000|  0%| F|  |TAMS 0x0000000087000000, 0x0000000087000000| Untracked 
|  33|0x0000000087100000, 0x00000000871199e0, 0x0000000087200000| 10%| S|CS|TAMS 0x0000000087100000, 0x0000000087100000| Complete 
|  34|0x0000000087200000, 0x0000000087300000, 0x0000000087300000|100%| S|CS|TAMS 0x0000000087200000, 0x0000000087200000| Complete 
|  35|0x0000000087300000, 0x0000000087300000, 0x0000000087400000|  0%| F|  |TAMS 0x0000000087300000, 0x0000000087300000| Untracked 
|  36|0x0000000087400000, 0x0000000087400000, 0x0000000087500000|  0%| F|  |TAMS 0x0000000087400000, 0x0000000087400000| Untracked 
|  37|0x0000000087500000, 0x0000000087500000, 0x0000000087600000|  0%| F|  |TAMS 0x0000000087500000, 0x0000000087500000| Untracked 
|  38|0x0000000087600000, 0x0000000087700000, 0x0000000087700000|100%| S|CS|TAMS 0x0000000087600000, 0x0000000087600000| Complete 
|  39|0x0000000087700000, 0x0000000087800000, 0x0000000087800000|100%| S|CS|TAMS 0x0000000087700000, 0x0000000087700000| Complete 
|  40|0x0000000087800000, 0x0000000087800000, 0x0000000087900000|  0%| F|  |TAMS 0x0000000087800000, 0x0000000087800000| Untracked 
|  41|0x0000000087900000, 0x0000000087900000, 0x0000000087a00000|  0%| F|  |TAMS 0x0000000087900000, 0x0000000087900000| Untracked 
|  42|0x0000000087a00000, 0x0000000087a00000, 0x0000000087b00000|  0%| F|  |TAMS 0x0000000087a00000, 0x0000000087a00000| Untracked 
|  43|0x0000000087b00000, 0x0000000087b00000, 0x0000000087c00000|  0%| F|  |TAMS 0x0000000087b00000, 0x0000000087b00000| Untracked 
|  44|0x0000000087c00000, 0x0000000087c00000, 0x0000000087d00000|  0%| F|  |TAMS 0x0000000087c00000, 0x0000000087c00000| Untracked 
|  45|0x0000000087d00000, 0x0000000087d00000, 0x0000000087e00000|  0%| F|  |TAMS 0x0000000087d00000, 0x0000000087d00000| Untracked 
|  46|0x0000000087e00000, 0x0000000087e00000, 0x0000000087f00000|  0%| F|  |TAMS 0x0000000087e00000, 0x0000000087e00000| Untracked 
|  47|0x0000000087f00000, 0x0000000087f00000, 0x0000000088000000|  0%| F|  |TAMS 0x0000000087f00000, 0x0000000087f00000| Untracked 
|  48|0x0000000088000000, 0x0000000088000000, 0x0000000088100000|  0%| F|  |TAMS 0x0000000088000000, 0x0000000088000000| Untracked 
|  49|0x0000000088100000, 0x0000000088100000, 0x0000000088200000|  0%| F|  |TAMS 0x0000000088100000, 0x0000000088100000| Untracked 
|  50|0x0000000088200000, 0x0000000088200000, 0x0000000088300000|  0%| F|  |TAMS 0x0000000088200000, 0x0000000088200000| Untracked 
|  51|0x0000000088300000, 0x0000000088300000, 0x0000000088400000|  0%| F|  |TAMS 0x0000000088300000, 0x0000000088300000| Untracked 
|  52|0x0000000088400000, 0x0000000088400000, 0x0000000088500000|  0%| F|  |TAMS 0x0000000088400000, 0x0000000088400000| Untracked 
|  53|0x0000000088500000, 0x0000000088500000, 0x0000000088600000|  0%| F|  |TAMS 0x0000000088500000, 0x0000000088500000| Untracked 
|  54|0x0000000088600000, 0x0000000088600000, 0x0000000088700000|  0%| F|  |TAMS 0x0000000088600000, 0x0000000088600000| Untracked 
|  55|0x0000000088700000, 0x0000000088700000, 0x0000000088800000|  0%| F|  |TAMS 0x0000000088700000, 0x0000000088700000| Untracked 
|  56|0x0000000088800000, 0x0000000088800000, 0x0000000088900000|  0%| F|  |TAMS 0x0000000088800000, 0x0000000088800000| Untracked 
|  78|0x0000000089e00000, 0x0000000089edbe30, 0x0000000089f00000| 85%| E|  |TAMS 0x0000000089e00000, 0x0000000089e00000| Complete 
|  79|0x0000000089f00000, 0x000000008a000000, 0x000000008a000000|100%| E|CS|TAMS 0x0000000089f00000, 0x0000000089f00000| Complete 
|  80|0x000000008a000000, 0x000000008a100000, 0x000000008a100000|100%| E|CS|TAMS 0x000000008a000000, 0x000000008a000000| Complete 
|  81|0x000000008a100000, 0x000000008a200000, 0x000000008a200000|100%| E|CS|TAMS 0x000000008a100000, 0x000000008a100000| Complete 
|  82|0x000000008a200000, 0x000000008a300000, 0x000000008a300000|100%| E|CS|TAMS 0x000000008a200000, 0x000000008a200000| Complete 
| 123|0x000000008cb00000, 0x000000008cc00000, 0x000000008cc00000|100%| E|CS|TAMS 0x000000008cb00000, 0x000000008cb00000| Complete 

Card table byte_map: [0x000001cbfbb30000,0x000001cbfbf10000] _byte_map_base: 0x000001cbfb708000

Marking Bits (Prev, Next): (CMBitMap*) 0x000001cbfac65560, (CMBitMap*) 0x000001cbfac65520
 Prev Bits: [0x000001cb967f0000, 0x000001cb986b0000)
 Next Bits: [0x000001cbfc2f0000, 0x000001cbfe1b0000)

Polling page: 0x000001cbf9230000

Metaspace:

Usage:
  Non-class:     61.31 MB used.
      Class:      9.09 MB used.
       Both:     70.40 MB used.

Virtual space:
  Non-class space:       64.00 MB reserved,      61.56 MB ( 96%) committed,  1 nodes.
      Class space:        1.00 GB reserved,       9.31 MB ( <1%) committed,  1 nodes.
             Both:        1.06 GB reserved,      70.88 MB (  7%) committed. 

Chunk freelists:
   Non-Class:  1.70 MB
       Class:  6.53 MB
        Both:  8.23 MB

MaxMetaspaceSize: unlimited
CompressedClassSpaceSize: 1.00 GB
Initial GC threshold: 21.00 MB
Current GC threshold: 77.62 MB
CDS: on
MetaspaceReclaimPolicy: balanced
 - commit_granule_bytes: 65536.
 - commit_granule_words: 8192.
 - virtual_space_node_default_size: 8388608.
 - enlarge_chunks_in_place: 1.
 - new_chunks_are_fully_committed: 0.
 - uncommit_free_chunks: 1.
 - use_allocation_guard: 0.
 - handle_deallocations: 1.


Internal statistics:

num_allocs_failed_limit: 6.
num_arena_births: 624.
num_arena_deaths: 0.
num_vsnodes_births: 2.
num_vsnodes_deaths: 0.
num_space_committed: 1134.
num_space_uncommitted: 0.
num_chunks_returned_to_freelist: 6.
num_chunks_taken_from_freelist: 2836.
num_chunk_merges: 3.
num_chunk_splits: 2051.
num_chunks_enlarged: 1662.
num_inconsistent_stats: 0.

CodeHeap 'non-profiled nmethods': size=120000Kb used=3950Kb max_used=3950Kb free=116049Kb
 bounds [0x000001cb8f2c0000, 0x000001cb8f6a0000, 0x000001cb967f0000]
CodeHeap 'profiled nmethods': size=120000Kb used=10206Kb max_used=10206Kb free=109793Kb
 bounds [0x000001cb877f0000, 0x000001cb881f0000, 0x000001cb8ed20000]
CodeHeap 'non-nmethods': size=5760Kb used=1776Kb max_used=1837Kb free=3983Kb
 bounds [0x000001cb8ed20000, 0x000001cb8ef90000, 0x000001cb8f2c0000]
 total_blobs=5729 nmethods=4947 adapters=694
 compilation: enabled
              stopped_count=0, restarted_count=0
 full_count=0

Compilation events (20 events):
Event: 7.307 Thread 0x000001cbfe977900 5711       3       java.lang.WeakPairMap$Pair$Lookup::<init> (21 bytes)
Event: 7.307 Thread 0x000001cbfe977900 nmethod 5711 0x000001cb881ddc90 code [0x000001cb881dde80, 0x000001cb881de378]
Event: 7.307 Thread 0x000001cbfe977900 5712       3       java.lang.WeakPairMap::containsKeyPair (17 bytes)
Event: 7.308 Thread 0x000001cbfe977900 nmethod 5712 0x000001cb881de590 code [0x000001cb881de820, 0x000001cb881df618]
Event: 7.308 Thread 0x000001cbfe977900 5714       1       java.lang.reflect.ProxyGenerator::getClassLoader (5 bytes)
Event: 7.308 Thread 0x000001cbfe977900 nmethod 5714 0x000001cb8f689010 code [0x000001cb8f6891a0, 0x000001cb8f689278]
Event: 7.315 Thread 0x000001cbfe977900 5715       3       java.lang.Class::getMethodsRecursive (99 bytes)
Event: 7.316 Thread 0x000001cbfe977900 nmethod 5715 0x000001cb881dfb90 code [0x000001cb881dfdc0, 0x000001cb881e03a8]
Event: 7.316 Thread 0x000001cbfe977900 5716       3       java.lang.PublicMethods$MethodList::merge (25 bytes)
Event: 7.316 Thread 0x000001cbfe977900 nmethod 5716 0x000001cb881e0710 code [0x000001cb881e08c0, 0x000001cb881e0aa8]
Event: 7.316 Thread 0x000001cbfe977900 5717   !   3       org.springframework.util.ReflectionUtils::getDeclaredFields (81 bytes)
Event: 7.318 Thread 0x000001cbfe977900 nmethod 5717 0x000001cb881e0b90 code [0x000001cb881e0ea0, 0x000001cb881e2198]
Event: 7.318 Thread 0x000001cbfe977900 5718       3       java.lang.reflect.Method::getTypeParameters (20 bytes)
Event: 7.318 Thread 0x000001cbfe977900 nmethod 5718 0x000001cb881e2910 code [0x000001cb881e2b80, 0x000001cb881e3988]
Event: 7.319 Thread 0x000001cbfe977900 5719       3       java.lang.reflect.Method::equals (65 bytes)
Event: 7.319 Thread 0x000001cbfe977900 nmethod 5719 0x000001cb881e3e10 code [0x000001cb881e4000, 0x000001cb881e46e8]
Event: 7.320 Thread 0x000001cbfe977900 5720   !   3       jdk.internal.loader.AbstractClassLoaderValue::computeIfAbsent (113 bytes)
Event: 7.320 Thread 0x000001cbfe977900 nmethod 5720 0x000001cb881e4810 code [0x000001cb881e4ac0, 0x000001cb881e5bc8]
Event: 7.327 Thread 0x000001cbfe977900 5722       3       org.springframework.beans.factory.support.DefaultListableBeanFactory::getBeanNamesForType (101 bytes)
Event: 7.329 Thread 0x000001cbfe977900 nmethod 5722 0x000001cb881e6290 code [0x000001cb881e64e0, 0x000001cb881e6fc8]

GC Heap History (20 events):
Event: 3.496 GC heap before
{Heap before GC invocations=9 (full 0):
 garbage-first heap   total 48128K, used 35272K [0x0000000085000000, 0x0000000100000000)
  region size 1024K, 19 young (19456K), 3 survivors (3072K)
 Metaspace       used 33814K, committed 34176K, reserved 1114112K
  class space    used 4105K, committed 4288K, reserved 1048576K
}
Event: 3.500 GC heap after
{Heap after GC invocations=10 (full 0):
 garbage-first heap   total 48128K, used 20424K [0x0000000085000000, 0x0000000100000000)
  region size 1024K, 3 young (3072K), 3 survivors (3072K)
 Metaspace       used 33814K, committed 34176K, reserved 1114112K
  class space    used 4105K, committed 4288K, reserved 1048576K
}
Event: 3.884 GC heap before
{Heap before GC invocations=10 (full 0):
 garbage-first heap   total 48128K, used 27592K [0x0000000085000000, 0x0000000100000000)
  region size 1024K, 12 young (12288K), 3 survivors (3072K)
 Metaspace       used 35833K, committed 36160K, reserved 1114112K
  class space    used 4308K, committed 4480K, reserved 1048576K
}
Event: 3.886 GC heap after
{Heap after GC invocations=11 (full 0):
 garbage-first heap   total 48128K, used 21338K [0x0000000085000000, 0x0000000100000000)
  region size 1024K, 1 young (1024K), 1 survivors (1024K)
 Metaspace       used 35833K, committed 36160K, reserved 1114112K
  class space    used 4308K, committed 4480K, reserved 1048576K
}
Event: 4.168 GC heap before
{Heap before GC invocations=12 (full 0):
 garbage-first heap   total 48128K, used 37722K [0x0000000085000000, 0x0000000100000000)
  region size 1024K, 17 young (17408K), 1 survivors (1024K)
 Metaspace       used 37374K, committed 37760K, reserved 1114112K
  class space    used 4523K, committed 4736K, reserved 1048576K
}
Event: 4.170 GC heap after
{Heap after GC invocations=13 (full 0):
 garbage-first heap   total 48128K, used 21977K [0x0000000085000000, 0x0000000100000000)
  region size 1024K, 2 young (2048K), 2 survivors (2048K)
 Metaspace       used 37374K, committed 37760K, reserved 1114112K
  class space    used 4523K, committed 4736K, reserved 1048576K
}
Event: 4.645 GC heap before
{Heap before GC invocations=13 (full 0):
 garbage-first heap   total 48128K, used 37337K [0x0000000085000000, 0x0000000100000000)
  region size 1024K, 18 young (18432K), 2 survivors (2048K)
 Metaspace       used 40978K, committed 41344K, reserved 1114112K
  class space    used 4998K, committed 5184K, reserved 1048576K
}
Event: 4.648 GC heap after
{Heap after GC invocations=14 (full 0):
 garbage-first heap   total 48128K, used 22952K [0x0000000085000000, 0x0000000100000000)
  region size 1024K, 3 young (3072K), 3 survivors (3072K)
 Metaspace       used 40978K, committed 41344K, reserved 1114112K
  class space    used 4998K, committed 5184K, reserved 1048576K
}
Event: 5.000 GC heap before
{Heap before GC invocations=14 (full 0):
 garbage-first heap   total 48128K, used 38312K [0x0000000085000000, 0x0000000100000000)
  region size 1024K, 18 young (18432K), 3 survivors (3072K)
 Metaspace       used 43969K, committed 44352K, reserved 1114112K
  class space    used 5472K, committed 5632K, reserved 1048576K
}
Event: 5.003 GC heap after
{Heap after GC invocations=15 (full 0):
 garbage-first heap   total 48128K, used 23472K [0x0000000085000000, 0x0000000100000000)
  region size 1024K, 2 young (2048K), 2 survivors (2048K)
 Metaspace       used 43969K, committed 44352K, reserved 1114112K
  class space    used 5472K, committed 5632K, reserved 1048576K
}
Event: 5.387 GC heap before
{Heap before GC invocations=15 (full 0):
 garbage-first heap   total 48128K, used 38832K [0x0000000085000000, 0x0000000100000000)
  region size 1024K, 17 young (17408K), 2 survivors (2048K)
 Metaspace       used 46903K, committed 47296K, reserved 1114112K
  class space    used 5910K, committed 6080K, reserved 1048576K
}
Event: 5.389 GC heap after
{Heap after GC invocations=16 (full 0):
 garbage-first heap   total 64512K, used 24530K [0x0000000085000000, 0x0000000100000000)
  region size 1024K, 3 young (3072K), 3 survivors (3072K)
 Metaspace       used 46903K, committed 47296K, reserved 1114112K
  class space    used 5910K, committed 6080K, reserved 1048576K
}
Event: 5.986 GC heap before
{Heap before GC invocations=17 (full 0):
 garbage-first heap   total 64512K, used 49106K [0x0000000085000000, 0x0000000100000000)
  region size 1024K, 28 young (28672K), 3 survivors (3072K)
 Metaspace       used 55590K, committed 56064K, reserved 1114112K
  class space    used 6986K, committed 7232K, reserved 1048576K
}
Event: 5.990 GC heap after
{Heap after GC invocations=18 (full 0):
 garbage-first heap   total 64512K, used 26345K [0x0000000085000000, 0x0000000100000000)
  region size 1024K, 4 young (4096K), 4 survivors (4096K)
 Metaspace       used 55590K, committed 56064K, reserved 1114112K
  class space    used 6986K, committed 7232K, reserved 1048576K
}
Event: 6.458 GC heap before
{Heap before GC invocations=18 (full 0):
 garbage-first heap   total 64512K, used 49897K [0x0000000085000000, 0x0000000100000000)
  region size 1024K, 28 young (28672K), 4 survivors (4096K)
 Metaspace       used 59723K, committed 60160K, reserved 1114112K
  class space    used 7485K, committed 7680K, reserved 1048576K
}
Event: 6.462 GC heap after
{Heap after GC invocations=19 (full 0):
 garbage-first heap   total 64512K, used 27465K [0x0000000085000000, 0x0000000100000000)
  region size 1024K, 3 young (3072K), 3 survivors (3072K)
 Metaspace       used 59723K, committed 60160K, reserved 1114112K
  class space    used 7485K, committed 7680K, reserved 1048576K
}
Event: 6.875 GC heap before
{Heap before GC invocations=19 (full 0):
 garbage-first heap   total 64512K, used 51017K [0x0000000085000000, 0x0000000100000000)
  region size 1024K, 27 young (27648K), 3 survivors (3072K)
 Metaspace       used 65586K, committed 66048K, reserved 1114112K
  class space    used 8485K, committed 8704K, reserved 1048576K
}
Event: 6.877 GC heap after
{Heap after GC invocations=20 (full 0):
 garbage-first heap   total 64512K, used 28426K [0x0000000085000000, 0x0000000100000000)
  region size 1024K, 3 young (3072K), 3 survivors (3072K)
 Metaspace       used 65586K, committed 66048K, reserved 1114112K
  class space    used 8485K, committed 8704K, reserved 1048576K
}
Event: 7.284 GC heap before
{Heap before GC invocations=20 (full 0):
 garbage-first heap   total 64512K, used 50954K [0x0000000085000000, 0x0000000100000000)
  region size 1024K, 26 young (26624K), 3 survivors (3072K)
 Metaspace       used 71376K, committed 71872K, reserved 1114112K
  class space    used 9245K, committed 9472K, reserved 1048576K
}
Event: 7.288 GC heap after
{Heap after GC invocations=21 (full 0):
 garbage-first heap   total 64512K, used 29483K [0x0000000085000000, 0x0000000100000000)
  region size 1024K, 4 young (4096K), 4 survivors (4096K)
 Metaspace       used 71376K, committed 71872K, reserved 1114112K
  class space    used 9245K, committed 9472K, reserved 1048576K
}

Deoptimization events (20 events):
Event: 7.322 Thread 0x000001cb9ab5a390 DEOPT PACKING pc=0x000001cb87c972ec sp=0x000000ae9acfc550
Event: 7.322 Thread 0x000001cb9ab5a390 DEOPT UNPACKING pc=0x000001cb8ed766e3 sp=0x000000ae9acfbab8 mode 1
Event: 7.322 Thread 0x000001cb9ab5a390 DEOPT PACKING pc=0x000001cb87c972ec sp=0x000000ae9acfc5c0
Event: 7.322 Thread 0x000001cb9ab5a390 DEOPT UNPACKING pc=0x000001cb8ed766e3 sp=0x000000ae9acfbb28 mode 1
Event: 7.322 Thread 0x000001cb9ab5a390 DEOPT PACKING pc=0x000001cb87c972ec sp=0x000000ae9acfc5c0
Event: 7.322 Thread 0x000001cb9ab5a390 DEOPT UNPACKING pc=0x000001cb8ed766e3 sp=0x000000ae9acfbb28 mode 1
Event: 7.322 Thread 0x000001cb9ab5a390 DEOPT PACKING pc=0x000001cb87c972ec sp=0x000000ae9acfc5c0
Event: 7.322 Thread 0x000001cb9ab5a390 DEOPT UNPACKING pc=0x000001cb8ed766e3 sp=0x000000ae9acfbb28 mode 1
Event: 7.322 Thread 0x000001cb9ab5a390 DEOPT PACKING pc=0x000001cb87e17fb4 sp=0x000000ae9acfc560
Event: 7.322 Thread 0x000001cb9ab5a390 DEOPT UNPACKING pc=0x000001cb8ed766e3 sp=0x000000ae9acfbaa8 mode 1
Event: 7.323 Thread 0x000001cb9ab5a390 DEOPT PACKING pc=0x000001cb87c972ec sp=0x000000ae9acfc550
Event: 7.323 Thread 0x000001cb9ab5a390 DEOPT UNPACKING pc=0x000001cb8ed766e3 sp=0x000000ae9acfbab8 mode 1
Event: 7.323 Thread 0x000001cb9ab5a390 DEOPT PACKING pc=0x000001cb87c972ec sp=0x000000ae9acfc5c0
Event: 7.323 Thread 0x000001cb9ab5a390 DEOPT UNPACKING pc=0x000001cb8ed766e3 sp=0x000000ae9acfbb28 mode 1
Event: 7.323 Thread 0x000001cb9ab5a390 DEOPT PACKING pc=0x000001cb87c972ec sp=0x000000ae9acfc5c0
Event: 7.323 Thread 0x000001cb9ab5a390 DEOPT UNPACKING pc=0x000001cb8ed766e3 sp=0x000000ae9acfbb28 mode 1
Event: 7.323 Thread 0x000001cb9ab5a390 DEOPT PACKING pc=0x000001cb87c972ec sp=0x000000ae9acfc5c0
Event: 7.323 Thread 0x000001cb9ab5a390 DEOPT UNPACKING pc=0x000001cb8ed766e3 sp=0x000000ae9acfbb28 mode 1
Event: 7.323 Thread 0x000001cb9ab5a390 DEOPT PACKING pc=0x000001cb87e17fb4 sp=0x000000ae9acfc560
Event: 7.323 Thread 0x000001cb9ab5a390 DEOPT UNPACKING pc=0x000001cb8ed766e3 sp=0x000000ae9acfbaa8 mode 1

Classes unloaded (0 events):
No events

Classes redefined (1 events):
Event: 0.182 Thread 0x000001cbfe93ed80 redefined class name=java.lang.Throwable, count=1

Internal exceptions (20 events):
Event: 6.375 Thread 0x000001cb9ab5a390 Exception <a 'java/lang/IncompatibleClassChangeError'{0x0000000087a14dd8}: Found class java.lang.Object, but interface was expected> (0x0000000087a14dd8) 
thrown [s\open\src\hotspot\share\interpreter\linkResolver.cpp, line 826]
Event: 6.397 Thread 0x000001cb9ab5a390 Exception <a 'java/lang/NoSuchMethodError'{0x0000000087932c10}: 'java.lang.Object java.lang.invoke.DirectMethodHandle$Holder.invokeStatic(java.lang.Object, java.lang.Object, int, java.lang.Object)'> (0x0000000087932c10) 
thrown [s\open\src\hotspot\share\interpreter\linkResolver.cpp, line 759]
Event: 6.398 Thread 0x000001cb9ab5a390 Exception <a 'java/lang/NoSuchMethodError'{0x00000000879366c8}: 'java.lang.Object java.lang.invoke.DirectMethodHandle$Holder.invokeStaticInit(java.lang.Object, java.lang.Object, int, java.lang.Object)'> (0x00000000879366c8) 
thrown [s\open\src\hotspot\share\interpreter\linkResolver.cpp, line 759]
Event: 6.856 Thread 0x000001cb9ab5a390 Exception <a 'java/lang/NoSuchMethodError'{0x00000000878a9800}: 'void java.lang.invoke.DirectMethodHandle$Holder.invokeInterface(java.lang.Object, java.lang.Object, int, java.lang.Object)'> (0x00000000878a9800) 
thrown [s\open\src\hotspot\share\interpreter\linkResolver.cpp, line 759]
Event: 6.859 Thread 0x000001cb9ab5a390 Exception <a 'java/lang/NoSuchMethodError'{0x00000000878d8fc8}: 'java.lang.Object java.lang.invoke.DirectMethodHandle$Holder.newInvokeSpecial(java.lang.Object, java.lang.Object, int, java.lang.Object)'> (0x00000000878d8fc8) 
thrown [s\open\src\hotspot\share\interpreter\linkResolver.cpp, line 759]
Event: 6.891 Thread 0x000001cb9ab5a390 Exception <a 'java/lang/IncompatibleClassChangeError'{0x000000008cbbe880}: Found class java.lang.Object, but interface was expected> (0x000000008cbbe880) 
thrown [s\open\src\hotspot\share\interpreter\linkResolver.cpp, line 826]
Event: 6.896 Thread 0x000001cb9ab5a390 Exception <a 'java/lang/NoSuchMethodError'{0x000000008a211480}: 'java.lang.Object java.lang.invoke.DirectMethodHandle$Holder.newInvokeSpecial(java.lang.Object, java.lang.Object, java.lang.Object, java.lang.Object, java.lang.Object, java.lang.Object, java.lang.Object, int)'> (0x000000008a211480) 
thrown [s\open\src\hotspot\share\interpreter\linkResolver.cpp, line 759]
Event: 6.896 Thread 0x000001cb9ab5a390 Exception <a 'java/lang/NoSuchMethodError'{0x000000008a216498}: 'java.lang.Object java.lang.invoke.DirectMethodHandle$Holder.invokeSpecial(java.lang.Object, java.lang.Object, java.lang.Object, java.lang.Object, java.lang.Object, java.lang.Object, java.lang.Object, java.lang.Object, int)'> (0x000000008a216498) 
thrown [s\open\src\hotspot\share\interpreter\linkResolver.cpp, line 759]
Event: 6.927 Thread 0x000001cb9ab5a390 Exception <a 'java/lang/NoSuchMethodError'{0x000000008a0a8e50}: 'void java.lang.invoke.DirectMethodHandle$Holder.invokeSpecial(java.lang.Object, java.lang.Object, java.lang.Object, java.lang.Object, java.lang.Object, java.lang.Object, java.lang.Object, java.lang.Object)'> (0x000000008a0a8e50) 
thrown [s\open\src\hotspot\share\interpreter\linkResolver.cpp, line 759]
Event: 6.930 Thread 0x000001cb9ab5a390 Exception <a 'java/lang/NoSuchMethodError'{0x000000008a0d9e98}: 'void java.lang.invoke.DirectMethodHandle$Holder.invokeSpecial(java.lang.Object, java.lang.Object, int, java.lang.Object)'> (0x000000008a0d9e98) 
thrown [s\open\src\hotspot\share\interpreter\linkResolver.cpp, line 759]
Event: 6.930 Thread 0x000001cb9ab5a390 Exception <a 'java/lang/NoSuchMethodError'{0x000000008a0e0dc0}: 'java.lang.Object java.lang.invoke.DirectMethodHandle$Holder.newInvokeSpecial(java.lang.Object, java.lang.Object, int)'> (0x000000008a0e0dc0) 
thrown [s\open\src\hotspot\share\interpreter\linkResolver.cpp, line 759]
Event: 6.942 Thread 0x000001cb9ab5a390 Exception <a 'java/lang/NoSuchMethodError'{0x0000000089fc19f8}: 'java.lang.Object java.lang.invoke.DirectMethodHandle$Holder.newInvokeSpecial(java.lang.Object, java.lang.Object, java.lang.Object, java.lang.Object, java.lang.Object, int, java.lang.Object)'> (0x0000000089fc19f8) 
thrown [s\open\src\hotspot\share\interpreter\linkResolver.cpp, line 759]
Event: 6.942 Thread 0x000001cb9ab5a390 Exception <a 'java/lang/NoSuchMethodError'{0x0000000089fc66b8}: 'java.lang.Object java.lang.invoke.DirectMethodHandle$Holder.invokeSpecial(java.lang.Object, java.lang.Object, java.lang.Object, java.lang.Object, java.lang.Object, java.lang.Object, int, java.lang.Object)'> (0x0000000089fc66b8) 
thrown [s\open\src\hotspot\share\interpreter\linkResolver.cpp, line 759]
Event: 6.945 Thread 0x000001cb9ab5a390 Exception <a 'java/lang/NoSuchMethodError'{0x0000000089ff2698}: 'void java.lang.invoke.DirectMethodHandle$Holder.invokeSpecial(java.lang.Object, java.lang.Object, java.lang.Object, java.lang.Object, java.lang.Object, java.lang.Object, java.lang.Object, java.lang.Object, java.lang.Object, java.lang.Object, java.lang.Object, java.lang.Object, java.lang.Object)'> (0x0000000089ff2698) 
thrown [s\open\src\hotspot\share\interpreter\linkResolver.cpp, line 759]
Event: 6.945 Thread 0x000001cb9ab5a390 Exception <a 'java/lang/NoSuchMethodError'{0x0000000089e01490}: 'java.lang.Object java.lang.invoke.DirectMethodHandle$Holder.newInvokeSpecial(java.lang.Object, java.lang.Object, java.lang.Object, java.lang.Object, java.lang.Object, java.lang.Object, java.lang.Object, java.lang.Object, java.lang.Object, java.lang.Object, java.lang.Object, java.lang.Object)'> (0x0000000089e01490) 
thrown [s\open\src\hotspot\share\interpreter\linkResolver.cpp, line 759]
Event: 6.945 Thread 0x000001cb9ab5a390 Exception <a 'java/lang/NoSuchMethodError'{0x0000000089e063a8}: 'java.lang.Object java.lang.invoke.DirectMethodHandle$Holder.invokeSpecial(java.lang.Object, java.lang.Object, java.lang.Object, java.lang.Object, java.lang.Object, java.lang.Object, java.lang.Object, java.lang.Object, java.lang.Object, java.lang.Object, java.lang.Object, java.lang.Object, java.lang.Object)'> (0x0000000089e063a8) 
thrown [s\open\src\hotspot\share\interpreter\linkResolver.cpp, line 759]
Event: 6.945 Thread 0x000001cb9ab5a390 Exception <a 'java/lang/NoSuchMethodError'{0x0000000089e0aea0}: 'java.lang.Object java.lang.invoke.Invokers$Holder.linkToTargetMethod(java.lang.Object, java.lang.Object, java.lang.Object, java.lang.Object, java.lang.Object, java.lang.Object, java.lang.Object, java.lang.Object, java.lang.Object, java.lang.Object, java.lang.Object, java.lang.Object)'> (0x0000000089e0aea0) 
thrown [s\open\src\hotspot\share\interpreter\linkResolver.cpp, line 759]
Event: 6.968 Thread 0x000001cb9ab5a390 Exception <a 'java/lang/NoSuchMethodError'{0x00000000888a2558}: 'void java.lang.invoke.DirectMethodHandle$Holder.invokeInterface(java.lang.Object, java.lang.Object)'> (0x00000000888a2558) 
thrown [s\open\src\hotspot\share\interpreter\linkResolver.cpp, line 759]
Event: 7.078 Thread 0x000001cb9ab5a390 Exception <a 'sun/nio/fs/WindowsException'{0x00000000881017b0}> (0x00000000881017b0) 
thrown [s\open\src\hotspot\share\prims\jni.cpp, line 516]
Event: 7.330 Thread 0x000001cb9ab5a390 Exception <a 'java/lang/IncompatibleClassChangeError'{0x000000008a0ada30}: Found class java.lang.Object, but interface was expected> (0x000000008a0ada30) 
thrown [s\open\src\hotspot\share\interpreter\linkResolver.cpp, line 826]

VM Operations (20 events):
Event: 6.458 Executing VM operation: G1CollectForAllocation
Event: 6.462 Executing VM operation: G1CollectForAllocation done
Event: 6.651 Executing VM operation: HandshakeAllThreads
Event: 6.651 Executing VM operation: HandshakeAllThreads done
Event: 6.675 Executing VM operation: HandshakeAllThreads
Event: 6.675 Executing VM operation: HandshakeAllThreads done
Event: 6.875 Executing VM operation: G1CollectForAllocation
Event: 6.877 Executing VM operation: G1CollectForAllocation done
Event: 7.063 Executing VM operation: HandshakeAllThreads
Event: 7.063 Executing VM operation: HandshakeAllThreads done
Event: 7.064 Executing VM operation: HandshakeAllThreads
Event: 7.064 Executing VM operation: HandshakeAllThreads done
Event: 7.119 Executing VM operation: HandshakeAllThreads
Event: 7.119 Executing VM operation: HandshakeAllThreads done
Event: 7.271 Executing VM operation: ICBufferFull
Event: 7.271 Executing VM operation: ICBufferFull done
Event: 7.281 Executing VM operation: HandshakeAllThreads
Event: 7.281 Executing VM operation: HandshakeAllThreads done
Event: 7.284 Executing VM operation: G1CollectForAllocation
Event: 7.288 Executing VM operation: G1CollectForAllocation done

Events (20 events):
Event: 7.327 loading class org/springframework/data/mapping/model/MutablePersistentEntity
Event: 7.327 loading class org/springframework/data/mapping/model/MutablePersistentEntity done
Event: 7.327 loading class org/springframework/data/jpa/provider/ProxyIdAccessor
Event: 7.327 loading class org/springframework/data/jpa/provider/ProxyIdAccessor done
Event: 7.328 loading class jakarta/persistence/metamodel/Metamodel
Event: 7.328 loading class jakarta/persistence/metamodel/Metamodel done
Event: 7.328 loading class jakarta/persistence/EntityManagerFactory
Event: 7.328 loading class jakarta/persistence/EntityManagerFactory done
Event: 7.329 loading class org/springframework/data/spel/EvaluationContextProvider
Event: 7.329 loading class org/springframework/data/spel/EvaluationContextProvider done
Event: 7.329 loading class org/springframework/expression/EvaluationContext
Event: 7.329 loading class org/springframework/expression/EvaluationContext done
Event: 7.329 loading class org/springframework/expression/EvaluationContext
Event: 7.329 loading class org/springframework/expression/EvaluationContext done
Event: 7.329 loading class org/springframework/data/domain/ManagedTypes
Event: 7.329 loading class org/springframework/data/domain/ManagedTypes done
Event: 7.330 loading class org/springframework/data/domain/ManagedTypes
Event: 7.330 loading class org/springframework/data/domain/ManagedTypes done
Event: 7.330 loading class org/springframework/data/mapping/model/SimpleTypeHolder
Event: 7.330 loading class org/springframework/data/mapping/model/SimpleTypeHolder done


Dynamic libraries:
0x00007ff783de0000 - 0x00007ff783df0000 	C:\Program Files\Java\jdk-17\bin\java.exe
0x00007fff009a0000 - 0x00007fff00c05000 	C:\WINDOWS\SYSTEM32\ntdll.dll
0x00007ffeff580000 - 0x00007ffeff649000 	C:\WINDOWS\System32\KERNEL32.DLL
0x00007ffefdaf0000 - 0x00007ffefded8000 	C:\WINDOWS\System32\KERNELBASE.dll
0x00007ffefe0e0000 - 0x00007ffefe22b000 	C:\WINDOWS\System32\ucrtbase.dll
0x00007ffefa0c0000 - 0x00007ffefa0d9000 	C:\Program Files\Java\jdk-17\bin\jli.dll
0x00007ffefa730000 - 0x00007ffefa74b000 	C:\Program Files\Java\jdk-17\bin\VCRUNTIME140.dll
0x00007ffeffe70000 - 0x00007ffefff23000 	C:\WINDOWS\System32\ADVAPI32.dll
0x00007ffeffdb0000 - 0x00007ffeffe59000 	C:\WINDOWS\System32\msvcrt.dll
0x00007ffefe9b0000 - 0x00007ffefea56000 	C:\WINDOWS\System32\sechost.dll
0x00007ffeff750000 - 0x00007ffeff865000 	C:\WINDOWS\System32\RPCRT4.dll
0x00007ffeff890000 - 0x00007ffeffa5a000 	C:\WINDOWS\System32\USER32.dll
0x00007ffefe0b0000 - 0x00007ffefe0d7000 	C:\WINDOWS\System32\win32u.dll
0x00007ffefff30000 - 0x00007ffefff5b000 	C:\WINDOWS\System32\GDI32.dll
0x00007ffefdf70000 - 0x00007ffefe0a7000 	C:\WINDOWS\System32\gdi32full.dll
0x00007ffefe3b0000 - 0x00007ffefe453000 	C:\WINDOWS\System32\msvcp_win.dll
0x00007ffee6110000 - 0x00007ffee63aa000 	C:\WINDOWS\WinSxS\amd64_microsoft.windows.common-controls_6595b64144ccf1df_6.0.26100.4202_none_3e0698d4e335f517\COMCTL32.dll
0x00007ffeef900000 - 0x00007ffeef90b000 	C:\WINDOWS\SYSTEM32\VERSION.dll
0x00007fff00920000 - 0x00007fff00950000 	C:\WINDOWS\System32\IMM32.DLL
0x00007ffef8990000 - 0x00007ffef899c000 	C:\Program Files\Java\jdk-17\bin\vcruntime140_1.dll
0x00007ffeee0b0000 - 0x00007ffeee13e000 	C:\Program Files\Java\jdk-17\bin\msvcp140.dll
0x00007ffe87bb0000 - 0x00007ffe88790000 	C:\Program Files\Java\jdk-17\bin\server\jvm.dll
0x00007ffefea60000 - 0x00007ffefea68000 	C:\WINDOWS\System32\PSAPI.DLL
0x00007ffee8480000 - 0x00007ffee84b5000 	C:\WINDOWS\SYSTEM32\WINMM.dll
0x00007ffeee3c0000 - 0x00007ffeee3ca000 	C:\WINDOWS\SYSTEM32\WSOCK32.dll
0x00007ffeffcc0000 - 0x00007ffeffd34000 	C:\WINDOWS\System32\WS2_32.dll
0x00007ffefc960000 - 0x00007ffefc97b000 	C:\WINDOWS\SYSTEM32\kernel.appcore.dll
0x00007ffef8980000 - 0x00007ffef898a000 	C:\Program Files\Java\jdk-17\bin\jimage.dll
0x00007ffefb490000 - 0x00007ffefb6d1000 	C:\WINDOWS\SYSTEM32\DBGHELP.DLL
0x00007ffefeaf0000 - 0x00007ffefee75000 	C:\WINDOWS\System32\combase.dll
0x00007fff00830000 - 0x00007fff00911000 	C:\WINDOWS\System32\OLEAUT32.dll
0x00007ffee2370000 - 0x00007ffee23a9000 	C:\WINDOWS\SYSTEM32\dbgcore.DLL
0x00007ffefe5e0000 - 0x00007ffefe679000 	C:\WINDOWS\System32\bcryptPrimitives.dll
0x00007ffee1f10000 - 0x00007ffee1f4b000 	C:\Program Files\Java\jdk-17\bin\jdwp.dll
0x00007ffeef4e0000 - 0x00007ffeef4ee000 	C:\Program Files\Java\jdk-17\bin\instrument.dll
0x00007ffee7540000 - 0x00007ffee7565000 	C:\Program Files\Java\jdk-17\bin\java.dll
0x00007ffeee360000 - 0x00007ffeee378000 	C:\Program Files\Java\jdk-17\bin\zip.dll
0x00007ffed1450000 - 0x00007ffed1527000 	C:\Program Files\Java\jdk-17\bin\jsvml.dll
0x00007ffefffe0000 - 0x00007fff00722000 	C:\WINDOWS\System32\SHELL32.dll
0x00007ffefe230000 - 0x00007ffefe3a4000 	C:\WINDOWS\System32\wintypes.dll
0x00007ffefb770000 - 0x00007ffefbfc7000 	C:\WINDOWS\SYSTEM32\windows.storage.dll
0x00007fff00730000 - 0x00007fff00821000 	C:\WINDOWS\System32\SHCORE.dll
0x00007ffeffd40000 - 0x00007ffeffdaa000 	C:\WINDOWS\System32\shlwapi.dll
0x00007ffefda00000 - 0x00007ffefda2f000 	C:\WINDOWS\SYSTEM32\profapi.dll
0x00007ffeee270000 - 0x00007ffeee27c000 	C:\Program Files\Java\jdk-17\bin\dt_socket.dll
0x00007ffefc390000 - 0x00007ffefc3c3000 	C:\WINDOWS\SYSTEM32\IPHLPAPI.DLL
0x00007ffefcf40000 - 0x00007ffefcfaa000 	C:\WINDOWS\system32\mswsock.dll
0x00007ffeedf60000 - 0x00007ffeedf79000 	C:\Program Files\Java\jdk-17\bin\net.dll
0x00007ffef0030000 - 0x00007ffef014e000 	C:\WINDOWS\SYSTEM32\WINHTTP.dll
0x00007ffee7520000 - 0x00007ffee7536000 	C:\Program Files\Java\jdk-17\bin\nio.dll
0x00007ffeef480000 - 0x00007ffeef48a000 	C:\Program Files\Java\jdk-17\bin\management.dll
0x00007ffeee1e0000 - 0x00007ffeee1eb000 	C:\Program Files\Java\jdk-17\bin\management_ext.dll
0x00007ffeee0a0000 - 0x00007ffeee0ae000 	C:\Program Files\Java\jdk-17\bin\sunmscapi.dll
0x00007ffefe460000 - 0x00007ffefe5d7000 	C:\WINDOWS\System32\CRYPT32.dll
0x00007ffefd410000 - 0x00007ffefd440000 	C:\WINDOWS\SYSTEM32\ncrypt.dll
0x00007ffefd3c0000 - 0x00007ffefd3ff000 	C:\WINDOWS\SYSTEM32\NTASN1.dll
0x00007ffefd1f0000 - 0x00007ffefd20b000 	C:\WINDOWS\SYSTEM32\CRYPTSP.dll
0x00007ffefc8a0000 - 0x00007ffefc8da000 	C:\WINDOWS\system32\rsaenh.dll
0x00007ffefcfe0000 - 0x00007ffefd00b000 	C:\WINDOWS\SYSTEM32\USERENV.dll
0x00007ffefd9d0000 - 0x00007ffefd9f6000 	C:\WINDOWS\SYSTEM32\bcrypt.dll
0x00007ffefd210000 - 0x00007ffefd21c000 	C:\WINDOWS\SYSTEM32\CRYPTBASE.dll
0x00007ffeffe60000 - 0x00007ffeffe6a000 	C:\WINDOWS\System32\NSI.dll
0x00007ffef2e90000 - 0x00007ffef2eaf000 	C:\WINDOWS\SYSTEM32\dhcpcsvc6.DLL
0x00007ffef0160000 - 0x00007ffef0185000 	C:\WINDOWS\SYSTEM32\dhcpcsvc.DLL
0x00007ffefc460000 - 0x00007ffefc587000 	C:\WINDOWS\SYSTEM32\DNSAPI.dll
0x00007ffeef4d0000 - 0x00007ffeef4e0000 	C:\Program Files\Java\jdk-17\bin\verify.dll
0x00007ffeef880000 - 0x00007ffeef88b000 	C:\Windows\System32\rasadhlp.dll
0x00007ffef3380000 - 0x00007ffef3406000 	C:\WINDOWS\System32\fwpuclnt.dll

dbghelp: loaded successfully - version: 4.0.5 - missing functions: none
symbol engine: initialized successfully - sym options: 0x614 - pdb path: .;C:\Program Files\Java\jdk-17\bin;C:\WINDOWS\SYSTEM32;C:\WINDOWS\WinSxS\amd64_microsoft.windows.common-controls_6595b64144ccf1df_6.0.26100.4202_none_3e0698d4e335f517;C:\Program Files\Java\jdk-17\bin\server

VM Arguments:
jvm_args: -Ddebugger.agent.enable.coroutines=true -Dkotlinx.coroutines.debug.enable.creation.stack.trace=false -Dkotlinx.coroutines.debug.enable.flows.stack.trace=true -Dkotlinx.coroutines.debug.enable.mutable.state.flows.stack.trace=true -agentlib:jdwp=transport=dt_socket,server=n,suspend=y,address=127.0.0.1:49306 -javaagent:C:\Users\jongw\AppData\Local\JetBrains\IdeaIC2025.1\captureAgent\debugger-agent.jar=file:///C:/Users/jongw/AppData/Local/Temp/capture16583355372454851911.props -Dfile.encoding=UTF-8 -Duser.country=KR -Duser.language=ko -Duser.variant 
java_command: com.sns.SnsApplication
java_class_path (initial): C:\2025.01.20 BE_KJW\6) Spring_Project\sns_workspace\build\classes\java\main;C:\2025.01.20 BE_KJW\6) Spring_Project\sns_workspace\build\resources\main;C:\Users\jongw\.gradle\caches\modules-2\files-2.1\org.springframework.boot\spring-boot-devtools\3.4.6\cd3d90561142ed4fbffabe8e86348c29765420a\spring-boot-devtools-3.4.6.jar;C:\Users\jongw\.gradle\caches\modules-2\files-2.1\org.springframework.boot\spring-boot-starter-data-jpa\3.4.6\5abd9ca3e42cbeebbdfb4bbd1c7610fa8f85fc5a\spring-boot-starter-data-jpa-3.4.6.jar;C:\Users\jongw\.gradle\caches\modules-2\files-2.1\org.springframework.boot\spring-boot-starter-thymeleaf\3.4.6\f5d0b6905de344d2913c441f630a481410a30140\spring-boot-starter-thymeleaf-3.4.6.jar;C:\Users\jongw\.gradle\caches\modules-2\files-2.1\org.springframework.boot\spring-boot-starter-web\3.4.6\7e16fabc365650975cbc150b39c3d9772706c04c\spring-boot-starter-web-3.4.6.jar;C:\Users\jongw\.gradle\caches\modules-2\files-2.1\org.mybatis.spring.boot\mybatis-spring-boot-starter\3.0.4\2a56c4aa1f81aaef9abb0105f72702a737517d9a\mybatis-spring-boot-starter-3.0.4.jar;C:\Users\jongw\.gradle\caches\modules-2\files-2.1\com.github.gavlyukovskiy\p6spy-spring-boot-starter\1.9.0\b51740224ed4f0cdca7ba93fe9167e7b97064f41\p6spy-spring-boot-starter-1.9.0.jar;C:\Users\jongw\.gradle\caches\modules-2\files-2.1\nz.net.ultraq.thymeleaf\thymeleaf-layout-dialect\3.3.0\275da01788302e514c0549a4db5fa6b29ef84ba6\thymeleaf-layout-dialect-3.3.0.jar;C:\Users\jongw\.gradle\caches\modules-2\files-2.1\com.mysql\mysql-connector-j\9.1.0\5fb1d513278e1a9767dfa80ea9d8d7ee909f1a\mysql-connector-j-9.1.0.jar;C:\Users\jongw\.gradle\caches\modules-2\files-2.1\com.github.gavlyukovskiy\datasource-decorator-spring-boot-autoconfigure\1.9.0\831a15b04e176cd41c0539cda6194ac3e6b715ff\datasource-decorator-spring-boot-autoconfigure-1.9.0.jar;C:\Users\jongw\.gradle\caches\modules-2\files-2.1\org.springframework.boot\spring-boot-starter-jdbc\3.4.6\9a6c5a3641422be6bfca036fd97316c977d1f40f\spring-bo
Launcher Type: SUN_STANDARD

[Global flags]
     intx CICompilerCount                          = 4                                         {product} {ergonomic}
     uint ConcGCThreads                            = 2                                         {product} {ergonomic}
     uint G1ConcRefinementThreads                  = 8                                         {product} {ergonomic}
   size_t G1HeapRegionSize                         = 1048576                                   {product} {ergonomic}
    uintx GCDrainStackTargetSize                   = 64                                        {product} {ergonomic}
   size_t InitialHeapSize                          = 130023424                                 {product} {ergonomic}
   size_t MarkStackSize                            = 4194304                                   {product} {ergonomic}
   size_t MaxHeapSize                              = 2063597568                                {product} {ergonomic}
   size_t MaxNewSize                               = 1237319680                                {product} {ergonomic}
   size_t MinHeapDeltaBytes                        = 1048576                                   {product} {ergonomic}
   size_t MinHeapSize                              = 8388608                                   {product} {ergonomic}
    uintx NonNMethodCodeHeapSize                   = 5839372                                {pd product} {ergonomic}
    uintx NonProfiledCodeHeapSize                  = 122909434                              {pd product} {ergonomic}
    uintx ProfiledCodeHeapSize                     = 122909434                              {pd product} {ergonomic}
    uintx ReservedCodeCacheSize                    = 251658240                              {pd product} {ergonomic}
     bool SegmentedCodeCache                       = true                                      {product} {ergonomic}
   size_t SoftMaxHeapSize                          = 2063597568                             {manageable} {ergonomic}
     bool UseCompressedClassPointers               = true                           {product lp64_product} {ergonomic}
     bool UseCompressedOops                        = true                           {product lp64_product} {ergonomic}
     bool UseG1GC                                  = true                                      {product} {ergonomic}
     bool UseLargePagesIndividualAllocation        = false                                  {pd product} {ergonomic}

Logging:
Log output configuration:
 #0: stdout all=warning uptime,level,tags
 #1: stderr all=off uptime,level,tags

Environment Variables:
JAVA_HOME=C:\Program Files\Java\jdk-17
PATH=C:\Program Files\Common Files\Oracle\Java\javapath;C:\oraclexe\app\oracle\product\11.2.0\server\bin;C:\Program Files (x86)\VMware\VMware Workstation\bin\;C:\oracle\product\10.2.0\db_1\bin;C:\oracle\product\10.2.0\db_3\bin;C:\Program Files\Java\jdk-17\bin;C:\Program Files\Python312\Scripts\;C:\Program Files\Python312\;C:\windows\system32;C:\windows;C:\windows\System32\Wbem;C:\windows\System32\WindowsPowerShell\v1.0\;C:\windows\System32\OpenSSH\;C:\Program Files (x86)\NVIDIA Corporation\PhysX\Common;C:\Program Files\NVIDIA Corporation\NVIDIA NvDLISR;C:\WINDOWS\system32;C:\WINDOWS;C:\WINDOWS\System32\Wbem;C:\WINDOWS\System32\WindowsPowerShell\v1.0\;C:\WINDOWS\System32\OpenSSH\;C:\Program Files\Microsoft SQL Server\150\Tools\Binn\;C:\Program Files\Microsoft SQL Server\Client SDK\ODBC\170\Tools\Binn\;C:\Program Files\dotnet\;C:\Program Files\Git\cmd;C:\Program Files\Bandizip\;C:\Program Files\MySQL\MySQL Shell 8.0\bin\;C:\Users\jongw\AppData\Local\Microsoft\WindowsApps;C:\Users\jongw\.dotnet\tools;C:\Users\jongw\AppData\Local\Programs\Microsoft VS Code\bin;C:\Users\jongw\AppData\Local\GitHubDesktop\bin;C:\Program Files\Java\jdk-11;;C:\Program Files (x86)\ESTsoft\ALSee\x64
USERNAME=jongw
OS=Windows_NT
PROCESSOR_IDENTIFIER=Intel64 Family 6 Model 140 Stepping 1, GenuineIntel



---------------  S Y S T E M  ---------------

OS:
 Windows 11 , 64 bit Build 26100 (10.0.26100.4202)
OS uptime: 0 days 10:08 hours

CPU: total 8 (initial active 8) (4 cores per cpu, 2 threads per core) family 6 model 140 stepping 1 microcode 0xb4, cx8, cmov, fxsr, ht, mmx, 3dnowpref, sse, sse2, sse3, ssse3, sse4.1, sse4.2, popcnt, lzcnt, tsc, tscinvbit, avx, avx2, aes, erms, clmul, bmi1, bmi2, adx, avx512f, avx512dq, avx512cd, avx512bw, avx512vl, sha, fma, vzeroupper, avx512_vpopcntdq, avx512_vpclmulqdq, avx512_vaes, avx512_vnni, clflush, clflushopt, clwb, avx512_vbmi2, avx512_vbmi

Memory: 4k page, system-wide physical 7865M (479M free)
TotalPageFile size 24249M (AvailPageFile size 14M)
current process WorkingSet (physical memory assigned to process): 349M, peak: 361M
current process commit charge ("private bytes"): 388M, peak: 395M

vm_info: Java HotSpot(TM) 64-Bit Server VM (17.0.12+8-LTS-286) for windows-amd64 JRE (17.0.12+8-LTS-286), built on Jun  5 2024 06:46:59 by "mach5one" with MS VC++ 17.6 (VS2022)

END.
