#
# There is insufficient memory for the Java Runtime Environment to continue.
# Native memory allocation (malloc) failed to allocate 2644416 bytes for Chunk::new
# Possible reasons:
#   The system is out of physical RAM or swap space
#   The process is running with CompressedOops enabled, and the Java Heap may be blocking the growth of the native heap
# Possible solutions:
#   Reduce memory load on the system
#   Increase physical memory or swap space
#   Check if swap backing store is full
#   Decrease Java heap size (-Xmx/-Xms)
#   Decrease number of Java threads
#   Decrease Java thread stack sizes (-Xss)
#   Set larger code cache with -XX:ReservedCodeCacheSize=
#   JVM is running with Unscaled Compressed Oops mode in which the Java heap is
#     placed in the first 4GB address space. The Java Heap base address is the
#     maximum limit for the native heap growth. Please use -XX:HeapBaseMinAddress
#     to set the Java Heap base and to place the Java Heap above 4GB virtual address.
# This output file may be truncated or incomplete.
#
#  Out of Memory Error (arena.cpp:189), pid=22724, tid=23004
#
# JRE version: Java(TM) SE Runtime Environment (17.0.12+8) (build 17.0.12+8-LTS-286)
# Java VM: Java HotSpot(TM) 64-Bit Server VM (17.0.12+8-LTS-286, mixed mode, sharing, tiered, compressed oops, compressed class ptrs, g1 gc, windows-amd64)
# No core dump will be written. Minidumps are not enabled by default on client versions of Windows
#

---------------  S U M M A R Y ------------

Command Line: -Ddebugger.agent.enable.coroutines=true -Dkotlinx.coroutines.debug.enable.creation.stack.trace=false -Dkotlinx.coroutines.debug.enable.flows.stack.trace=true -Dkotlinx.coroutines.debug.enable.mutable.state.flows.stack.trace=true -agentlib:jdwp=transport=dt_socket,server=n,suspend=y,address=127.0.0.1:59705 -javaagent:C:\Users\jongw\AppData\Local\JetBrains\IdeaIC2025.1\captureAgent\debugger-agent.jar=file:///C:/Users/jongw/AppData/Local/Temp/capture2188174930661970302.props -Dfile.encoding=UTF-8 -Duser.country=KR -Duser.language=ko -Duser.variant com.sns.SnsApplication

Host: 11th Gen Intel(R) Core(TM) i7-1165G7 @ 2.80GHz, 8 cores, 7G,  Windows 11 , 64 bit Build 26100 (10.0.26100.4202)
Time: Tue Jun 17 16:07:56 2025  Windows 11 , 64 bit Build 26100 (10.0.26100.4202) elapsed time: 9.876072 seconds (0d 0h 0m 9s)

---------------  T H R E A D  ---------------

Current thread (0x0000025be833a020):  JavaThread "C2 CompilerThread2" daemon [_thread_in_native, id=23004, stack(0x00000091ec800000,0x00000091ec900000)]


Current CompileTask:
C2:   9876 5983       4       org.springframework.core.annotation.TypeMappedAnnotations$MergedAnnotationFinder::doWithAnnotations (10 bytes)

Stack: [0x00000091ec800000,0x00000091ec900000]
Native frames: (J=compiled Java code, j=interpreted, Vv=VM code, C=native code)
V  [jvm.dll+0x67a04a]
V  [jvm.dll+0x7da4ed]
V  [jvm.dll+0x7dbe33]
V  [jvm.dll+0x7dc4a3]
V  [jvm.dll+0x24508f]
V  [jvm.dll+0xab773]
V  [jvm.dll+0xabd3c]
V  [jvm.dll+0x361bee]
V  [jvm.dll+0x1ba45a]
V  [jvm.dll+0x216997]
V  [jvm.dll+0x215c6f]
V  [jvm.dll+0x1a2960]
V  [jvm.dll+0x22610b]
V  [jvm.dll+0x2242ab]
V  [jvm.dll+0x79075c]
V  [jvm.dll+0x78abea]
V  [jvm.dll+0x678f35]
C  [ucrtbase.dll+0x37b0]
C  [KERNEL32.DLL+0x2e8d7]
C  [ntdll.dll+0x3c34c]


---------------  P R O C E S S  ---------------

Threads class SMR info:
_java_thread_list=0x0000025beee98510, length=26, elements={
0x0000025bff846f60, 0x0000025b9ec33010, 0x0000025b9ec379e0, 0x0000025b9ec56ba0,
0x0000025b9ec58480, 0x0000025b9ec58d50, 0x0000025b9ec59620, 0x0000025b9ec5a2d0,
0x0000025b9ec6aca0, 0x0000025b9ec6d5c0, 0x0000025b9ec1d090, 0x0000025be41a4080,
0x0000025be4253430, 0x0000025be425b910, 0x0000025be42b5a70, 0x0000025be4349180,
0x0000025be4d2f8b0, 0x0000025be4d2fdc0, 0x0000025be8334080, 0x0000025be833a020,
0x0000025be93e2100, 0x0000025be93e16e0, 0x0000025be93de950, 0x0000025be93e02a0,
0x0000025bedad1000, 0x0000025bedacec90
}

Java Threads: ( => current thread )
  0x0000025bff846f60 JavaThread "main" [_thread_blocked, id=10896, stack(0x00000091ea700000,0x00000091ea800000)]
  0x0000025b9ec33010 JavaThread "Reference Handler" daemon [_thread_blocked, id=1548, stack(0x00000091eae00000,0x00000091eaf00000)]
  0x0000025b9ec379e0 JavaThread "Finalizer" daemon [_thread_blocked, id=21740, stack(0x00000091eaf00000,0x00000091eb000000)]
  0x0000025b9ec56ba0 JavaThread "Signal Dispatcher" daemon [_thread_blocked, id=23408, stack(0x00000091eb000000,0x00000091eb100000)]
  0x0000025b9ec58480 JavaThread "Attach Listener" daemon [_thread_blocked, id=23604, stack(0x00000091eb100000,0x00000091eb200000)]
  0x0000025b9ec58d50 JavaThread "Service Thread" daemon [_thread_blocked, id=12024, stack(0x00000091eb200000,0x00000091eb300000)]
  0x0000025b9ec59620 JavaThread "Monitor Deflation Thread" daemon [_thread_blocked, id=7536, stack(0x00000091eb300000,0x00000091eb400000)]
  0x0000025b9ec5a2d0 JavaThread "C2 CompilerThread0" daemon [_thread_in_native, id=22488, stack(0x00000091eb400000,0x00000091eb500000)]
  0x0000025b9ec6aca0 JavaThread "C1 CompilerThread0" daemon [_thread_in_native, id=22744, stack(0x00000091eb500000,0x00000091eb600000)]
  0x0000025b9ec6d5c0 JavaThread "Sweeper thread" daemon [_thread_blocked, id=14100, stack(0x00000091eb600000,0x00000091eb700000)]
  0x0000025b9ec1d090 JavaThread "Common-Cleaner" daemon [_thread_blocked, id=10768, stack(0x00000091eb700000,0x00000091eb800000)]
  0x0000025be41a4080 JavaThread "JDWP Transport Listener: dt_socket" daemon [_thread_blocked, id=12900, stack(0x00000091eb900000,0x00000091eba00000)]
  0x0000025be4253430 JavaThread "JDWP Event Helper Thread" daemon [_thread_blocked, id=22196, stack(0x00000091eba00000,0x00000091ebb00000)]
  0x0000025be425b910 JavaThread "JDWP Command Reader" daemon [_thread_in_native, id=25640, stack(0x00000091ebb00000,0x00000091ebc00000)]
  0x0000025be42b5a70 JavaThread "IntelliJ Suspend Helper" daemon [_thread_blocked, id=17892, stack(0x00000091ebc00000,0x00000091ebd00000)]
  0x0000025be4349180 JavaThread "Notification Thread" daemon [_thread_blocked, id=13212, stack(0x00000091ebd00000,0x00000091ebe00000)]
  0x0000025be4d2f8b0 JavaThread "Thread-0" [_thread_blocked, id=26924, stack(0x00000091ec600000,0x00000091ec700000)]
  0x0000025be4d2fdc0 JavaThread "restartedMain" [_thread_in_native, id=22336, stack(0x00000091ec700000,0x00000091ec800000)]
  0x0000025be8334080 JavaThread "C2 CompilerThread1" daemon [_thread_in_native, id=22884, stack(0x00000091eb800000,0x00000091eb900000)]
=>0x0000025be833a020 JavaThread "C2 CompilerThread2" daemon [_thread_in_native, id=23004, stack(0x00000091ec800000,0x00000091ec900000)]
  0x0000025be93e2100 JavaThread "Catalina-utility-1" [_thread_blocked, id=27136, stack(0x00000091eca00000,0x00000091ecb00000)]
  0x0000025be93e16e0 JavaThread "Catalina-utility-2" [_thread_blocked, id=18348, stack(0x00000091ecb00000,0x00000091ecc00000)]
  0x0000025be93de950 JavaThread "container-0" [_thread_blocked, id=26516, stack(0x00000091ecc00000,0x00000091ecd00000)]
  0x0000025be93e02a0 JavaThread "mysql-cj-abandoned-connection-cleanup" daemon [_thread_blocked, id=18344, stack(0x00000091ecd00000,0x00000091ece00000)]
  0x0000025bedad1000 JavaThread "HikariPool-1 housekeeper" daemon [_thread_blocked, id=26464, stack(0x00000091ecf00000,0x00000091ed000000)]
  0x0000025bedacec90 JavaThread "HikariPool-1 connection adder" daemon [_thread_blocked, id=10740, stack(0x00000091ed000000,0x00000091ed100000)]

Other Threads:
  0x0000025b9ec2d660 VMThread "VM Thread" [stack: 0x00000091ead00000,0x00000091eae00000] [id=26320]
  0x0000025be4349660 WatcherThread [stack: 0x00000091ebe00000,0x00000091ebf00000] [id=10696]
  0x0000025bff85f170 GCTaskThread "GC Thread#0" [stack: 0x00000091ea800000,0x00000091ea900000] [id=27316]
  0x0000025be4e2ebf0 GCTaskThread "GC Thread#1" [stack: 0x00000091ebf00000,0x00000091ec000000] [id=764]
  0x0000025be4e09060 GCTaskThread "GC Thread#2" [stack: 0x00000091ec000000,0x00000091ec100000] [id=22380]
  0x0000025be4fcae60 GCTaskThread "GC Thread#3" [stack: 0x00000091ec100000,0x00000091ec200000] [id=19936]
  0x0000025be4fc5d20 GCTaskThread "GC Thread#4" [stack: 0x00000091ec200000,0x00000091ec300000] [id=23348]
  0x0000025be4fc5fe0 GCTaskThread "GC Thread#5" [stack: 0x00000091ec300000,0x00000091ec400000] [id=26128]
  0x0000025be4e287f0 GCTaskThread "GC Thread#6" [stack: 0x00000091ec400000,0x00000091ec500000] [id=23644]
  0x0000025be4e28ab0 GCTaskThread "GC Thread#7" [stack: 0x00000091ec500000,0x00000091ec600000] [id=27368]
  0x0000025bff8cf4d0 ConcurrentGCThread "G1 Main Marker" [stack: 0x00000091ea900000,0x00000091eaa00000] [id=11840]
  0x0000025bff8d1590 ConcurrentGCThread "G1 Conc#0" [stack: 0x00000091eaa00000,0x00000091eab00000] [id=24828]
  0x0000025be730f1d0 ConcurrentGCThread "G1 Conc#1" [stack: 0x00000091ec900000,0x00000091eca00000] [id=25596]
  0x0000025b9ead57e0 ConcurrentGCThread "G1 Refine#0" [stack: 0x00000091eab00000,0x00000091eac00000] [id=17184]
  0x0000025b9eada120 ConcurrentGCThread "G1 Service" [stack: 0x00000091eac00000,0x00000091ead00000] [id=21956]

Threads with active compile tasks:
C2 CompilerThread0     9927 5986       4       org.springframework.core.annotation.AnnotationsScanner::getBaseTypeMethods (123 bytes)
C2 CompilerThread1     9928 5989   !   4       org.springframework.core.annotation.AnnotationsScanner::processMethodHierarchy (276 bytes)
C2 CompilerThread2     9928 5983       4       org.springframework.core.annotation.TypeMappedAnnotations$MergedAnnotationFinder::doWithAnnotations (10 bytes)

VM state: not at safepoint (normal execution)

VM Mutex/Monitor currently owned by a thread: None

Heap address: 0x0000000085000000, size: 1968 MB, Compressed Oops mode: 32-bit

CDS archive(s) mapped at: [0x0000025b9f000000-0x0000025b9fbd0000-0x0000025b9fbd0000), size 12386304, SharedBaseAddress: 0x0000025b9f000000, ArchiveRelocationMode: 1.
Compressed class space mapped at: 0x0000025ba0000000-0x0000025be0000000, reserved size: 1073741824
Narrow klass base: 0x0000025b9f000000, Narrow klass shift: 0, Narrow klass range: 0x100000000

GC Precious Log:
 CPUs: 8 total, 8 available
 Memory: 7865M
 Large Page Support: Disabled
 NUMA Support: Disabled
 Compressed Oops: Enabled (32-bit)
 Heap Region Size: 1M
 Heap Min Capacity: 8M
 Heap Initial Capacity: 124M
 Heap Max Capacity: 1968M
 Pre-touch: Disabled
 Parallel Workers: 8
 Concurrent Workers: 2
 Concurrent Refinement Workers: 8
 Periodic GC: Disabled

Heap:
 garbage-first heap   total 58368K, used 44775K [0x0000000085000000, 0x0000000100000000)
  region size 1024K, 18 young (18432K), 3 survivors (3072K)
 Metaspace       used 76906K, committed 77440K, reserved 1179648K
  class space    used 10005K, committed 10304K, reserved 1048576K

Heap Regions: E=young(eden), S=young(survivor), O=old, HS=humongous(starts), HC=humongous(continues), CS=collection set, F=free, OA=open archive, CA=closed archive, TAMS=top-at-mark-start (previous, next)
|   0|0x0000000085000000, 0x0000000085100000, 0x0000000085100000|100%|HS|  |TAMS 0x0000000085100000, 0x0000000085000000| Complete 
|   1|0x0000000085100000, 0x0000000085200000, 0x0000000085200000|100%|HS|  |TAMS 0x0000000085200000, 0x0000000085100000| Complete 
|   2|0x0000000085200000, 0x0000000085300000, 0x0000000085300000|100%| O|  |TAMS 0x0000000085300000, 0x0000000085200000| Untracked 
|   3|0x0000000085300000, 0x0000000085400000, 0x0000000085400000|100%| O|  |TAMS 0x0000000085400000, 0x0000000085300000| Untracked 
|   4|0x0000000085400000, 0x0000000085500000, 0x0000000085500000|100%| O|  |TAMS 0x0000000085500000, 0x0000000085400000| Untracked 
|   5|0x0000000085500000, 0x0000000085600000, 0x0000000085600000|100%| O|  |TAMS 0x0000000085600000, 0x0000000085500000| Untracked 
|   6|0x0000000085600000, 0x0000000085700000, 0x0000000085700000|100%| O|  |TAMS 0x0000000085700000, 0x0000000085600000| Untracked 
|   7|0x0000000085700000, 0x00000000857f4600, 0x0000000085800000| 95%| O|  |TAMS 0x00000000857f4600, 0x0000000085700000| Untracked 
|   8|0x0000000085800000, 0x0000000085900000, 0x0000000085900000|100%| O|  |TAMS 0x0000000085900000, 0x0000000085800000| Untracked 
|   9|0x0000000085900000, 0x0000000085a00000, 0x0000000085a00000|100%| O|  |TAMS 0x0000000085a00000, 0x0000000085900000| Untracked 
|  10|0x0000000085a00000, 0x0000000085b00000, 0x0000000085b00000|100%| O|  |TAMS 0x0000000085b00000, 0x0000000085a00000| Untracked 
|  11|0x0000000085b00000, 0x0000000085c00000, 0x0000000085c00000|100%| O|  |TAMS 0x0000000085c00000, 0x0000000085b00000| Untracked 
|  12|0x0000000085c00000, 0x0000000085d00000, 0x0000000085d00000|100%| O|  |TAMS 0x0000000085d00000, 0x0000000085c00000| Untracked 
|  13|0x0000000085d00000, 0x0000000085e00000, 0x0000000085e00000|100%| O|  |TAMS 0x0000000085e00000, 0x0000000085d00000| Untracked 
|  14|0x0000000085e00000, 0x0000000085f00000, 0x0000000085f00000|100%| O|  |TAMS 0x0000000085f00000, 0x0000000085e00000| Untracked 
|  15|0x0000000085f00000, 0x0000000086000000, 0x0000000086000000|100%| O|  |TAMS 0x0000000086000000, 0x0000000085f00000| Untracked 
|  16|0x0000000086000000, 0x0000000086100000, 0x0000000086100000|100%| O|  |TAMS 0x0000000086100000, 0x0000000086000000| Untracked 
|  17|0x0000000086100000, 0x0000000086200000, 0x0000000086200000|100%| O|  |TAMS 0x0000000086200000, 0x0000000086100000| Untracked 
|  18|0x0000000086200000, 0x0000000086300000, 0x0000000086300000|100%| O|  |TAMS 0x0000000086300000, 0x0000000086200000| Untracked 
|  19|0x0000000086300000, 0x0000000086400000, 0x0000000086400000|100%| O|  |TAMS 0x0000000086400000, 0x0000000086300000| Untracked 
|  20|0x0000000086400000, 0x0000000086500000, 0x0000000086500000|100%| O|  |TAMS 0x0000000086500000, 0x0000000086400000| Untracked 
|  21|0x0000000086500000, 0x0000000086600000, 0x0000000086600000|100%| O|  |TAMS 0x0000000086600000, 0x0000000086500000| Untracked 
|  22|0x0000000086600000, 0x0000000086700000, 0x0000000086700000|100%| O|  |TAMS 0x0000000086700000, 0x0000000086600000| Untracked 
|  23|0x0000000086700000, 0x0000000086800000, 0x0000000086800000|100%| O|  |TAMS 0x0000000086800000, 0x0000000086700000| Untracked 
|  24|0x0000000086800000, 0x0000000086900000, 0x0000000086900000|100%| O|  |TAMS 0x0000000086900000, 0x0000000086800000| Untracked 
|  25|0x0000000086900000, 0x0000000086a00000, 0x0000000086a00000|100%| O|  |TAMS 0x0000000086a00000, 0x0000000086900000| Untracked 
|  26|0x0000000086a00000, 0x0000000086b00000, 0x0000000086b00000|100%| O|  |TAMS 0x0000000086a71a00, 0x0000000086a00000| Untracked 
|  27|0x0000000086b00000, 0x0000000086c00000, 0x0000000086c00000|100%| O|  |TAMS 0x0000000086b00000, 0x0000000086b00000| Untracked 
|  28|0x0000000086c00000, 0x0000000086c60600, 0x0000000086d00000| 37%| O|  |TAMS 0x0000000086c00000, 0x0000000086c00000| Untracked 
|  29|0x0000000086d00000, 0x0000000086d00000, 0x0000000086e00000|  0%| F|  |TAMS 0x0000000086d00000, 0x0000000086d00000| Untracked 
|  30|0x0000000086e00000, 0x0000000086e00000, 0x0000000086f00000|  0%| F|  |TAMS 0x0000000086e00000, 0x0000000086e00000| Untracked 
|  31|0x0000000086f00000, 0x0000000086f00000, 0x0000000087000000|  0%| F|  |TAMS 0x0000000086f00000, 0x0000000086f00000| Untracked 
|  32|0x0000000087000000, 0x0000000087000000, 0x0000000087100000|  0%| F|  |TAMS 0x0000000087000000, 0x0000000087000000| Untracked 
|  33|0x0000000087100000, 0x0000000087100000, 0x0000000087200000|  0%| F|  |TAMS 0x0000000087100000, 0x0000000087100000| Untracked 
|  34|0x0000000087200000, 0x0000000087200000, 0x0000000087300000|  0%| F|  |TAMS 0x0000000087200000, 0x0000000087200000| Untracked 
|  35|0x0000000087300000, 0x0000000087300000, 0x0000000087400000|  0%| F|  |TAMS 0x0000000087300000, 0x0000000087300000| Untracked 
|  36|0x0000000087400000, 0x0000000087400000, 0x0000000087500000|  0%| F|  |TAMS 0x0000000087400000, 0x0000000087400000| Untracked 
|  37|0x0000000087500000, 0x00000000875650e8, 0x0000000087600000| 39%| S|CS|TAMS 0x0000000087500000, 0x0000000087500000| Complete 
|  38|0x0000000087600000, 0x0000000087700000, 0x0000000087700000|100%| S|CS|TAMS 0x0000000087600000, 0x0000000087600000| Complete 
|  39|0x0000000087700000, 0x0000000087800000, 0x0000000087800000|100%| S|CS|TAMS 0x0000000087700000, 0x0000000087700000| Complete 
|  40|0x0000000087800000, 0x0000000087800000, 0x0000000087900000|  0%| F|  |TAMS 0x0000000087800000, 0x0000000087800000| Untracked 
|  41|0x0000000087900000, 0x0000000087952560, 0x0000000087a00000| 32%| E|  |TAMS 0x0000000087900000, 0x0000000087900000| Complete 
|  42|0x0000000087a00000, 0x0000000087b00000, 0x0000000087b00000|100%| E|CS|TAMS 0x0000000087a00000, 0x0000000087a00000| Complete 
|  43|0x0000000087b00000, 0x0000000087c00000, 0x0000000087c00000|100%| E|CS|TAMS 0x0000000087b00000, 0x0000000087b00000| Complete 
|  44|0x0000000087c00000, 0x0000000087d00000, 0x0000000087d00000|100%| E|CS|TAMS 0x0000000087c00000, 0x0000000087c00000| Complete 
|  45|0x0000000087d00000, 0x0000000087e00000, 0x0000000087e00000|100%| E|CS|TAMS 0x0000000087d00000, 0x0000000087d00000| Complete 
|  46|0x0000000087e00000, 0x0000000087f00000, 0x0000000087f00000|100%| E|CS|TAMS 0x0000000087e00000, 0x0000000087e00000| Complete 
|  47|0x0000000087f00000, 0x0000000088000000, 0x0000000088000000|100%| E|CS|TAMS 0x0000000087f00000, 0x0000000087f00000| Complete 
|  48|0x0000000088000000, 0x0000000088100000, 0x0000000088100000|100%| E|CS|TAMS 0x0000000088000000, 0x0000000088000000| Complete 
|  49|0x0000000088100000, 0x0000000088200000, 0x0000000088200000|100%| E|CS|TAMS 0x0000000088100000, 0x0000000088100000| Complete 
|  50|0x0000000088200000, 0x0000000088300000, 0x0000000088300000|100%| E|CS|TAMS 0x0000000088200000, 0x0000000088200000| Complete 
|  78|0x0000000089e00000, 0x0000000089f00000, 0x0000000089f00000|100%| E|CS|TAMS 0x0000000089e00000, 0x0000000089e00000| Complete 
|  79|0x0000000089f00000, 0x000000008a000000, 0x000000008a000000|100%| E|CS|TAMS 0x0000000089f00000, 0x0000000089f00000| Complete 
|  80|0x000000008a000000, 0x000000008a100000, 0x000000008a100000|100%| E|CS|TAMS 0x000000008a000000, 0x000000008a000000| Complete 
|  81|0x000000008a100000, 0x000000008a200000, 0x000000008a200000|100%| E|CS|TAMS 0x000000008a100000, 0x000000008a100000| Complete 
|  82|0x000000008a200000, 0x000000008a300000, 0x000000008a300000|100%| E|CS|TAMS 0x000000008a200000, 0x000000008a200000| Complete 
| 123|0x000000008cb00000, 0x000000008cc00000, 0x000000008cc00000|100%| E|  |TAMS 0x000000008cb00000, 0x000000008cb00000| Complete 

Card table byte_map: [0x0000025b97fe0000,0x0000025b983c0000] _byte_map_base: 0x0000025b97bb8000

Marking Bits (Prev, Next): (CMBitMap*) 0x0000025bff8a27f0, (CMBitMap*) 0x0000025bff8a27b0
 Prev Bits: [0x0000025b9a660000, 0x0000025b9c520000)
 Next Bits: [0x0000025b987a0000, 0x0000025b9a660000)

Polling page: 0x0000025bfeb90000

Metaspace:

Usage:
  Non-class:     65.35 MB used.
      Class:      9.77 MB used.
       Both:     75.12 MB used.

Virtual space:
  Non-class space:      128.00 MB reserved,      65.56 MB ( 51%) committed,  2 nodes.
      Class space:        1.00 GB reserved,      10.06 MB ( <1%) committed,  1 nodes.
             Both:        1.12 GB reserved,      75.62 MB (  7%) committed. 

Chunk freelists:
   Non-Class:  14.38 MB
       Class:  5.98 MB
        Both:  20.36 MB

MaxMetaspaceSize: unlimited
CompressedClassSpaceSize: 1.00 GB
Initial GC threshold: 21.00 MB
Current GC threshold: 118.75 MB
CDS: on
MetaspaceReclaimPolicy: balanced
 - commit_granule_bytes: 65536.
 - commit_granule_words: 8192.
 - virtual_space_node_default_size: 8388608.
 - enlarge_chunks_in_place: 1.
 - new_chunks_are_fully_committed: 0.
 - uncommit_free_chunks: 1.
 - use_allocation_guard: 0.
 - handle_deallocations: 1.


Internal statistics:

num_allocs_failed_limit: 9.
num_arena_births: 726.
num_arena_deaths: 0.
num_vsnodes_births: 3.
num_vsnodes_deaths: 0.
num_space_committed: 1211.
num_space_uncommitted: 0.
num_chunks_returned_to_freelist: 9.
num_chunks_taken_from_freelist: 3115.
num_chunk_merges: 9.
num_chunk_splits: 2279.
num_chunks_enlarged: 1818.
num_inconsistent_stats: 0.

CodeHeap 'non-profiled nmethods': size=120000Kb used=4451Kb max_used=4451Kb free=115548Kb
 bounds [0x0000025b906d0000, 0x0000025b90b30000, 0x0000025b97c00000]
CodeHeap 'profiled nmethods': size=120000Kb used=11418Kb max_used=11418Kb free=108581Kb
 bounds [0x0000025b88c00000, 0x0000025b89730000, 0x0000025b90130000]
CodeHeap 'non-nmethods': size=5760Kb used=1781Kb max_used=1864Kb free=3979Kb
 bounds [0x0000025b90130000, 0x0000025b903a0000, 0x0000025b906d0000]
 total_blobs=6262 nmethods=5471 adapters=703
 compilation: enabled
              stopped_count=0, restarted_count=0
 full_count=0

Compilation events (20 events):
Event: 9.825 Thread 0x0000025b9ec6aca0 nmethod 6141 0x0000025b90b27210 code [0x0000025b90b273a0, 0x0000025b90b27478]
Event: 9.825 Thread 0x0000025b9ec6aca0 6142   !   3       jdk.proxy2.$Proxy28::annotationType (29 bytes)
Event: 9.825 Thread 0x0000025b9ec6aca0 nmethod 6142 0x0000025b896fa910 code [0x0000025b896faae0, 0x0000025b896faf38]
Event: 9.825 Thread 0x0000025b9ec6aca0 6143       3       org.springframework.core.annotation.TypeMappedAnnotation::createIfPossible (15 bytes)
Event: 9.825 Thread 0x0000025b9ec6aca0 nmethod 6143 0x0000025b896fb110 code [0x0000025b896fb2c0, 0x0000025b896fb568]
Event: 9.825 Thread 0x0000025b9ec6aca0 6145       3       org.springframework.core.annotation.TypeMappedAnnotations$Aggregate::getMapping (24 bytes)
Event: 9.825 Thread 0x0000025b9ec6aca0 nmethod 6145 0x0000025b896fb690 code [0x0000025b896fb880, 0x0000025b896fbe18]
Event: 9.825 Thread 0x0000025b9ec6aca0 6144       1       org.springframework.web.util.pattern.PathPatternParser::getPathOptions (5 bytes)
Event: 9.825 Thread 0x0000025b9ec6aca0 nmethod 6144 0x0000025b90b27510 code [0x0000025b90b276a0, 0x0000025b90b27778]
Event: 9.825 Thread 0x0000025b9ec6aca0 6146       3       org.springframework.core.env.AbstractPropertyResolver::resolveRequiredPlaceholders (26 bytes)
Event: 9.826 Thread 0x0000025b9ec6aca0 nmethod 6146 0x0000025b896fc090 code [0x0000025b896fc2e0, 0x0000025b896fcc38]
Event: 9.826 Thread 0x0000025b9ec6aca0 6148       2       org.springframework.util.ObjectUtils::nullSafeHashCode (174 bytes)
Event: 9.826 Thread 0x0000025b9ec6aca0 nmethod 6148 0x0000025b896fd090 code [0x0000025b896fd320, 0x0000025b896fdc68]
Event: 9.826 Thread 0x0000025b9ec6aca0 6147       3       org.springframework.core.annotation.AbstractMergedAnnotation::getValue (10 bytes)
Event: 9.826 Thread 0x0000025b9ec6aca0 nmethod 6147 0x0000025b896fdf90 code [0x0000025b896fe160, 0x0000025b896fe588]
Event: 9.826 Thread 0x0000025b9ec6aca0 6149       1       java.util.AbstractList$RandomAccessSpliterator::characteristics (4 bytes)
Event: 9.826 Thread 0x0000025b9ec6aca0 nmethod 6149 0x0000025b90b27810 code [0x0000025b90b279a0, 0x0000025b90b27a78]
Event: 9.826 Thread 0x0000025b9ec6aca0 6150       3       org.springframework.core.annotation.SynthesizedMergedAnnotationInvocationHandler::getAttributeValue (46 bytes)
Event: 9.827 Thread 0x0000025b9ec6aca0 nmethod 6150 0x0000025b896fe710 code [0x0000025b896fe960, 0x0000025b896ff1c8]
Event: 9.827 Thread 0x0000025b9ec6aca0 6152       3       org.springframework.core.annotation.TypeMappedAnnotation::getValue (151 bytes)

GC Heap History (20 events):
Event: 4.924 GC heap before
{Heap before GC invocations=11 (full 0):
 garbage-first heap   total 48128K, used 35685K [0x0000000085000000, 0x0000000100000000)
  region size 1024K, 18 young (18432K), 3 survivors (3072K)
 Metaspace       used 37635K, committed 38080K, reserved 1114112K
  class space    used 4547K, committed 4736K, reserved 1048576K
}
Event: 4.930 GC heap after
{Heap after GC invocations=12 (full 0):
 garbage-first heap   total 48128K, used 22206K [0x0000000085000000, 0x0000000100000000)
  region size 1024K, 2 young (2048K), 2 survivors (2048K)
 Metaspace       used 37635K, committed 38080K, reserved 1114112K
  class space    used 4547K, committed 4736K, reserved 1048576K
}
Event: 5.385 GC heap before
{Heap before GC invocations=12 (full 0):
 garbage-first heap   total 48128K, used 36542K [0x0000000085000000, 0x0000000100000000)
  region size 1024K, 17 young (17408K), 2 survivors (2048K)
 Metaspace       used 40710K, committed 41088K, reserved 1114112K
  class space    used 4934K, committed 5120K, reserved 1048576K
}
Event: 5.389 GC heap after
{Heap after GC invocations=13 (full 0):
 garbage-first heap   total 58368K, used 23324K [0x0000000085000000, 0x0000000100000000)
  region size 1024K, 3 young (3072K), 3 survivors (3072K)
 Metaspace       used 40710K, committed 41088K, reserved 1114112K
  class space    used 4934K, committed 5120K, reserved 1048576K
}
Event: 6.110 GC heap before
{Heap before GC invocations=13 (full 0):
 garbage-first heap   total 58368K, used 44828K [0x0000000085000000, 0x0000000100000000)
  region size 1024K, 24 young (24576K), 3 survivors (3072K)
 Metaspace       used 44733K, committed 45184K, reserved 1114112K
  class space    used 5559K, committed 5760K, reserved 1048576K
}
Event: 6.112 GC heap after
{Heap after GC invocations=14 (full 0):
 garbage-first heap   total 58368K, used 24145K [0x0000000085000000, 0x0000000100000000)
  region size 1024K, 2 young (2048K), 2 survivors (2048K)
 Metaspace       used 44733K, committed 45184K, reserved 1114112K
  class space    used 5559K, committed 5760K, reserved 1048576K
}
Event: 6.687 GC heap before
{Heap before GC invocations=14 (full 0):
 garbage-first heap   total 58368K, used 46673K [0x0000000085000000, 0x0000000100000000)
  region size 1024K, 24 young (24576K), 2 survivors (2048K)
 Metaspace       used 49590K, committed 50048K, reserved 1114112K
  class space    used 6232K, committed 6464K, reserved 1048576K
}
Event: 6.691 GC heap after
{Heap after GC invocations=15 (full 0):
 garbage-first heap   total 58368K, used 26084K [0x0000000085000000, 0x0000000100000000)
  region size 1024K, 3 young (3072K), 3 survivors (3072K)
 Metaspace       used 49590K, committed 50048K, reserved 1114112K
  class space    used 6232K, committed 6464K, reserved 1048576K
}
Event: 7.233 GC heap before
{Heap before GC invocations=15 (full 0):
 garbage-first heap   total 58368K, used 45540K [0x0000000085000000, 0x0000000100000000)
  region size 1024K, 23 young (23552K), 3 survivors (3072K)
 Metaspace       used 56682K, committed 57216K, reserved 1114112K
  class space    used 7119K, committed 7360K, reserved 1048576K
}
Event: 7.237 GC heap after
{Heap after GC invocations=16 (full 0):
 garbage-first heap   total 58368K, used 27182K [0x0000000085000000, 0x0000000100000000)
  region size 1024K, 2 young (2048K), 2 survivors (2048K)
 Metaspace       used 56682K, committed 57216K, reserved 1114112K
  class space    used 7119K, committed 7360K, reserved 1048576K
}
Event: 7.530 GC heap before
{Heap before GC invocations=16 (full 0):
 garbage-first heap   total 58368K, used 45614K [0x0000000085000000, 0x0000000100000000)
  region size 1024K, 20 young (20480K), 2 survivors (2048K)
 Metaspace       used 59501K, committed 59968K, reserved 1114112K
  class space    used 7454K, committed 7680K, reserved 1048576K
}
Event: 7.533 GC heap after
{Heap after GC invocations=17 (full 0):
 garbage-first heap   total 58368K, used 28007K [0x0000000085000000, 0x0000000100000000)
  region size 1024K, 3 young (3072K), 3 survivors (3072K)
 Metaspace       used 59501K, committed 59968K, reserved 1114112K
  class space    used 7454K, committed 7680K, reserved 1048576K
}
Event: 7.887 GC heap before
{Heap before GC invocations=18 (full 0):
 garbage-first heap   total 58368K, used 45415K [0x0000000085000000, 0x0000000100000000)
  region size 1024K, 21 young (21504K), 3 survivors (3072K)
 Metaspace       used 64148K, committed 64640K, reserved 1114112K
  class space    used 8194K, committed 8448K, reserved 1048576K
}
Event: 7.889 GC heap after
{Heap after GC invocations=19 (full 0):
 garbage-first heap   total 58368K, used 28654K [0x0000000085000000, 0x0000000100000000)
  region size 1024K, 2 young (2048K), 2 survivors (2048K)
 Metaspace       used 64148K, committed 64640K, reserved 1114112K
  class space    used 8194K, committed 8448K, reserved 1048576K
}
Event: 8.306 GC heap before
{Heap before GC invocations=20 (full 0):
 garbage-first heap   total 58368K, used 47086K [0x0000000085000000, 0x0000000100000000)
  region size 1024K, 20 young (20480K), 2 survivors (2048K)
 Metaspace       used 67517K, committed 68032K, reserved 1114112K
  class space    used 8772K, committed 9024K, reserved 1048576K
}
Event: 8.308 GC heap after
{Heap after GC invocations=21 (full 0):
 garbage-first heap   total 58368K, used 29057K [0x0000000085000000, 0x0000000100000000)
  region size 1024K, 2 young (2048K), 2 survivors (2048K)
 Metaspace       used 67517K, committed 68032K, reserved 1114112K
  class space    used 8772K, committed 9024K, reserved 1048576K
}
Event: 8.923 GC heap before
{Heap before GC invocations=21 (full 0):
 garbage-first heap   total 58368K, used 47489K [0x0000000085000000, 0x0000000100000000)
  region size 1024K, 21 young (21504K), 2 survivors (2048K)
 Metaspace       used 72109K, committed 72704K, reserved 1114112K
  class space    used 9371K, committed 9664K, reserved 1048576K
}
Event: 8.927 GC heap after
{Heap after GC invocations=22 (full 0):
 garbage-first heap   total 58368K, used 30193K [0x0000000085000000, 0x0000000100000000)
  region size 1024K, 3 young (3072K), 3 survivors (3072K)
 Metaspace       used 72109K, committed 72704K, reserved 1114112K
  class space    used 9371K, committed 9664K, reserved 1048576K
}
Event: 9.341 GC heap before
{Heap before GC invocations=23 (full 0):
 garbage-first heap   total 58368K, used 46577K [0x0000000085000000, 0x0000000100000000)
  region size 1024K, 20 young (20480K), 3 survivors (3072K)
 Metaspace       used 74972K, committed 75520K, reserved 1179648K
  class space    used 9745K, committed 10048K, reserved 1048576K
}
Event: 9.344 GC heap after
{Heap after GC invocations=24 (full 0):
 garbage-first heap   total 58368K, used 31463K [0x0000000085000000, 0x0000000100000000)
  region size 1024K, 3 young (3072K), 3 survivors (3072K)
 Metaspace       used 74972K, committed 75520K, reserved 1179648K
  class space    used 9745K, committed 10048K, reserved 1048576K
}

Deoptimization events (20 events):
Event: 9.811 Thread 0x0000025be4d2fdc0 DEOPT PACKING pc=0x0000025b909857bc sp=0x00000091ec7fcd60
Event: 9.811 Thread 0x0000025be4d2fdc0 DEOPT UNPACKING pc=0x0000025b90185ba3 sp=0x00000091ec7fcd88 mode 2
Event: 9.818 Thread 0x0000025be4d2fdc0 Uncommon trap: trap_request=0xffffffc6 fr.pc=0x0000025b909857bc relative=0x00000000000007fc
Event: 9.818 Thread 0x0000025be4d2fdc0 Uncommon trap: reason=bimorphic_or_optimized_type_check action=maybe_recompile pc=0x0000025b909857bc method=org.springframework.core.annotation.AnnotationsScanner.processClassHierarchy(Ljava/lang/Object;[ILjava/lang/Class;Lorg/springframework/core/annotat
Event: 9.818 Thread 0x0000025be4d2fdc0 DEOPT PACKING pc=0x0000025b909857bc sp=0x00000091ec7fcd60
Event: 9.818 Thread 0x0000025be4d2fdc0 DEOPT UNPACKING pc=0x0000025b90185ba3 sp=0x00000091ec7fcd88 mode 2
Event: 9.822 Thread 0x0000025be4d2fdc0 DEOPT PACKING pc=0x0000025b906f54c8 sp=0x00000091ec7fbdd0
Event: 9.822 Thread 0x0000025be4d2fdc0 DEOPT UNPACKING pc=0x0000025b901866e3 sp=0x00000091ec7fb268 mode 1
Event: 9.822 Thread 0x0000025be4d2fdc0 DEOPT PACKING pc=0x0000025b908f6654 sp=0x00000091ec7fc7c0
Event: 9.822 Thread 0x0000025be4d2fdc0 DEOPT UNPACKING pc=0x0000025b901866e3 sp=0x00000091ec7fbc38 mode 1
Event: 9.822 Thread 0x0000025be4d2fdc0 DEOPT PACKING pc=0x0000025b891c3524 sp=0x00000091ec7fc800
Event: 9.822 Thread 0x0000025be4d2fdc0 DEOPT UNPACKING pc=0x0000025b901866e3 sp=0x00000091ec7fbd80 mode 1
Event: 9.824 Thread 0x0000025be4d2fdc0 Uncommon trap: trap_request=0xffffffc6 fr.pc=0x0000025b909857bc relative=0x00000000000007fc
Event: 9.824 Thread 0x0000025be4d2fdc0 Uncommon trap: reason=bimorphic_or_optimized_type_check action=maybe_recompile pc=0x0000025b909857bc method=org.springframework.core.annotation.AnnotationsScanner.processClassHierarchy(Ljava/lang/Object;[ILjava/lang/Class;Lorg/springframework/core/annotat
Event: 9.824 Thread 0x0000025be4d2fdc0 DEOPT PACKING pc=0x0000025b909857bc sp=0x00000091ec7fcd60
Event: 9.824 Thread 0x0000025be4d2fdc0 DEOPT UNPACKING pc=0x0000025b90185ba3 sp=0x00000091ec7fcd88 mode 2
Event: 9.824 Thread 0x0000025be4d2fdc0 Uncommon trap: trap_request=0xffffffc6 fr.pc=0x0000025b909857bc relative=0x00000000000007fc
Event: 9.824 Thread 0x0000025be4d2fdc0 Uncommon trap: reason=bimorphic_or_optimized_type_check action=maybe_recompile pc=0x0000025b909857bc method=org.springframework.core.annotation.AnnotationsScanner.processClassHierarchy(Ljava/lang/Object;[ILjava/lang/Class;Lorg/springframework/core/annotat
Event: 9.824 Thread 0x0000025be4d2fdc0 DEOPT PACKING pc=0x0000025b909857bc sp=0x00000091ec7fcd60
Event: 9.824 Thread 0x0000025be4d2fdc0 DEOPT UNPACKING pc=0x0000025b90185ba3 sp=0x00000091ec7fcd88 mode 2

Classes unloaded (0 events):
No events

Classes redefined (1 events):
Event: 0.380 Thread 0x0000025b9ec2d660 redefined class name=java.lang.Throwable, count=1

Internal exceptions (20 events):
Event: 8.284 Thread 0x0000025be4d2fdc0 Exception <a 'java/lang/NoSuchMethodError'{0x00000000878a0e40}: 'void java.lang.invoke.DirectMethodHandle$Holder.invokeSpecial(java.lang.Object, java.lang.Object, int, java.lang.Object)'> (0x00000000878a0e40) 
thrown [s\open\src\hotspot\share\interpreter\linkResolver.cpp, line 759]
Event: 8.284 Thread 0x0000025be4d2fdc0 Exception <a 'java/lang/NoSuchMethodError'{0x00000000878a7d68}: 'java.lang.Object java.lang.invoke.DirectMethodHandle$Holder.newInvokeSpecial(java.lang.Object, java.lang.Object, int)'> (0x00000000878a7d68) 
thrown [s\open\src\hotspot\share\interpreter\linkResolver.cpp, line 759]
Event: 8.297 Thread 0x0000025be4d2fdc0 Exception <a 'java/lang/NoSuchMethodError'{0x0000000087762bf0}: 'int java.lang.invoke.DirectMethodHandle$Holder.invokeStatic(java.lang.Object, int, java.lang.Object)'> (0x0000000087762bf0) 
thrown [s\open\src\hotspot\share\interpreter\linkResolver.cpp, line 759]
Event: 8.299 Thread 0x0000025be4d2fdc0 Exception <a 'java/lang/NoSuchMethodError'{0x0000000087788bd0}: 'java.lang.Object java.lang.invoke.DirectMethodHandle$Holder.newInvokeSpecial(java.lang.Object, java.lang.Object, java.lang.Object, java.lang.Object, java.lang.Object, int, java.lang.Object)'> (0x0000000087788bd0) 
thrown [s\open\src\hotspot\share\interpreter\linkResolver.cpp, line 759]
Event: 8.299 Thread 0x0000025be4d2fdc0 Exception <a 'java/lang/NoSuchMethodError'{0x000000008778db48}: 'java.lang.Object java.lang.invoke.DirectMethodHandle$Holder.invokeSpecial(java.lang.Object, java.lang.Object, java.lang.Object, java.lang.Object, java.lang.Object, java.lang.Object, int, java.lang.Object)'> (0x000000008778db48) 
thrown [s\open\src\hotspot\share\interpreter\linkResolver.cpp, line 759]
Event: 8.303 Thread 0x0000025be4d2fdc0 Exception <a 'java/lang/NoSuchMethodError'{0x00000000877b9880}: 'void java.lang.invoke.DirectMethodHandle$Holder.invokeSpecial(java.lang.Object, java.lang.Object, java.lang.Object, java.lang.Object, java.lang.Object, java.lang.Object, java.lang.Object, java.lang.Object, java.lang.Object, java.lang.Object, java.lang.Object, java.lang.Object, java.lang.Object)'> (0x00000000877b9880) 
thrown [s\open\src\hotspot\share\interpreter\linkResolver.cpp, line 759]
Event: 8.303 Thread 0x0000025be4d2fdc0 Exception <a 'java/lang/NoSuchMethodError'{0x00000000877c8190}: 'java.lang.Object java.lang.invoke.DirectMethodHandle$Holder.newInvokeSpecial(java.lang.Object, java.lang.Object, java.lang.Object, java.lang.Object, java.lang.Object, java.lang.Object, java.lang.Object, java.lang.Object, java.lang.Object, java.lang.Object, java.lang.Object, java.lang.Object)'> (0x00000000877c8190) 
thrown [s\open\src\hotspot\share\interpreter\linkResolver.cpp, line 759]
Event: 8.304 Thread 0x0000025be4d2fdc0 Exception <a 'java/lang/NoSuchMethodError'{0x00000000877cd0a8}: 'java.lang.Object java.lang.invoke.DirectMethodHandle$Holder.invokeSpecial(java.lang.Object, java.lang.Object, java.lang.Object, java.lang.Object, java.lang.Object, java.lang.Object, java.lang.Object, java.lang.Object, java.lang.Object, java.lang.Object, java.lang.Object, java.lang.Object, java.lang.Object)'> (0x00000000877cd0a8) 
thrown [s\open\src\hotspot\share\interpreter\linkResolver.cpp, line 759]
Event: 8.304 Thread 0x0000025be4d2fdc0 Exception <a 'java/lang/NoSuchMethodError'{0x00000000877d1ba0}: 'java.lang.Object java.lang.invoke.Invokers$Holder.linkToTargetMethod(java.lang.Object, java.lang.Object, java.lang.Object, java.lang.Object, java.lang.Object, java.lang.Object, java.lang.Object, java.lang.Object, java.lang.Object, java.lang.Object, java.lang.Object, java.lang.Object)'> (0x00000000877d1ba0) 
thrown [s\open\src\hotspot\share\interpreter\linkResolver.cpp, line 759]
Event: 8.350 Thread 0x0000025be4d2fdc0 Exception <a 'java/lang/NoSuchMethodError'{0x000000008a2d52a8}: 'void java.lang.invoke.DirectMethodHandle$Holder.invokeInterface(java.lang.Object, java.lang.Object)'> (0x000000008a2d52a8) 
thrown [s\open\src\hotspot\share\interpreter\linkResolver.cpp, line 759]
Event: 8.600 Thread 0x0000025be4d2fdc0 Exception <a 'sun/nio/fs/WindowsException'{0x0000000088034d40}> (0x0000000088034d40) 
thrown [s\open\src\hotspot\share\prims\jni.cpp, line 516]
Event: 9.016 Thread 0x0000025be4d2fdc0 Exception <a 'java/lang/IncompatibleClassChangeError'{0x000000008a087b80}: Found class java.lang.Object, but interface was expected> (0x000000008a087b80) 
thrown [s\open\src\hotspot\share\interpreter\linkResolver.cpp, line 826]
Event: 9.062 Thread 0x0000025be4d2fdc0 Exception <a 'java/lang/IncompatibleClassChangeError'{0x0000000089e89888}: Found class java.lang.Object, but interface was expected> (0x0000000089e89888) 
thrown [s\open\src\hotspot\share\interpreter\linkResolver.cpp, line 826]
Event: 9.241 Thread 0x0000025be4d2fdc0 Exception <a 'java/lang/IncompatibleClassChangeError'{0x0000000087b3f760}: Found class java.lang.Object, but interface was expected> (0x0000000087b3f760) 
thrown [s\open\src\hotspot\share\interpreter\linkResolver.cpp, line 826]
Event: 9.314 Thread 0x0000025be4d2fdc0 Exception <a 'java/lang/reflect/InvocationTargetException'{0x00000000878088c8}> (0x00000000878088c8) 
thrown [s\open\src\hotspot\share\runtime\reflection.cpp, line 1121]
Event: 9.327 Thread 0x0000025be4d2fdc0 Exception <a 'java/lang/NoSuchMethodError'{0x0000000087887a10}: 'int java.lang.invoke.DirectMethodHandle$Holder.invokeStatic(java.lang.Object, java.lang.Object, int)'> (0x0000000087887a10) 
thrown [s\open\src\hotspot\share\interpreter\linkResolver.cpp, line 759]
Event: 9.338 Thread 0x0000025be4d2fdc0 Exception <a 'java/lang/IncompatibleClassChangeError'{0x00000000878dc078}: Found class java.lang.Object, but interface was expected> (0x00000000878dc078) 
thrown [s\open\src\hotspot\share\interpreter\linkResolver.cpp, line 826]
Event: 9.406 Thread 0x0000025be4d2fdc0 Exception <a 'java/lang/NoSuchMethodError'{0x000000008a129ee8}: 'java.lang.Object java.lang.invoke.DirectMethodHandle$Holder.invokeStatic(java.lang.Object, int, java.lang.Object)'> (0x000000008a129ee8) 
thrown [s\open\src\hotspot\share\interpreter\linkResolver.cpp, line 759]
Event: 9.413 Thread 0x0000025be4d2fdc0 Exception <a 'java/lang/reflect/InvocationTargetException'{0x000000008a16e9d0}> (0x000000008a16e9d0) 
thrown [s\open\src\hotspot\share\runtime\reflection.cpp, line 1121]
Event: 9.459 Thread 0x0000025be4d2fdc0 Exception <a 'java/lang/reflect/InvocationTargetException'{0x0000000089f70528}> (0x0000000089f70528) 
thrown [s\open\src\hotspot\share\runtime\reflection.cpp, line 1121]

VM Operations (20 events):
Event: 8.923 Executing VM operation: G1CollectForAllocation
Event: 8.927 Executing VM operation: G1CollectForAllocation done
Event: 8.934 Executing VM operation: HandshakeAllThreads
Event: 8.934 Executing VM operation: HandshakeAllThreads done
Event: 8.952 Executing VM operation: G1Concurrent
Event: 8.971 Executing VM operation: G1Concurrent done
Event: 8.981 Executing VM operation: G1Concurrent
Event: 8.981 Executing VM operation: G1Concurrent done
Event: 9.258 Executing VM operation: HandshakeAllThreads
Event: 9.258 Executing VM operation: HandshakeAllThreads done
Event: 9.259 Executing VM operation: HandshakeAllThreads
Event: 9.259 Executing VM operation: HandshakeAllThreads done
Event: 9.341 Executing VM operation: G1CollectForAllocation
Event: 9.344 Executing VM operation: G1CollectForAllocation done
Event: 9.740 Executing VM operation: HandshakeAllThreads
Event: 9.740 Executing VM operation: HandshakeAllThreads done
Event: 9.765 Executing VM operation: HandshakeAllThreads
Event: 9.765 Executing VM operation: HandshakeAllThreads done
Event: 9.820 Executing VM operation: HandshakeAllThreads
Event: 9.820 Executing VM operation: HandshakeAllThreads done

Events (20 events):
Event: 9.809 loading class org/springframework/web/servlet/mvc/method/RequestMappingInfo$DefaultBuilder
Event: 9.809 loading class org/springframework/web/servlet/mvc/method/RequestMappingInfo$DefaultBuilder done
Event: 9.811 loading class org/springframework/web/servlet/mvc/method/annotation/RequestMappingHandlerMapping$AnnotationDescriptor
Event: 9.811 loading class org/springframework/web/servlet/mvc/method/annotation/RequestMappingHandlerMapping$AnnotationDescriptor done
Event: 9.812 loading class org/springframework/http/server/DefaultPathContainer$DefaultPathSegment
Event: 9.812 loading class org/springframework/http/server/DefaultPathContainer$DefaultPathSegment done
Event: 9.814 loading class org/springframework/util/UnmodifiableMultiValueMap
Event: 9.814 loading class org/springframework/util/UnmodifiableMultiValueMap done
Event: 9.816 loading class org/springframework/web/util/pattern/PathPattern$MatchingContext
Event: 9.816 loading class org/springframework/web/util/pattern/PathPattern$MatchingContext done
Event: 9.818 loading class org/springframework/web/servlet/handler/AbstractHandlerMethodMapping
Event: 9.818 loading class org/springframework/web/servlet/handler/AbstractHandlerMethodMapping done
Event: 9.821 loading class org/springframework/web/method/HandlerMethod$MethodValidationInitializer
Event: 9.821 loading class org/springframework/web/method/HandlerMethod$MethodValidationInitializer done
Event: 9.821 loading class jakarta/validation/Validator
Event: 9.821 loading class jakarta/validation/Validator done
Event: 9.822 loading class org/springframework/core/annotation/MergedAnnotation
Event: 9.822 loading class org/springframework/core/annotation/MergedAnnotation done
Event: 9.822 loading class org/springframework/web/servlet/handler/AbstractHandlerMethodMapping$MappingRegistration
Event: 9.822 loading class org/springframework/web/servlet/handler/AbstractHandlerMethodMapping$MappingRegistration done


Dynamic libraries:
0x00007ff655120000 - 0x00007ff655130000 	C:\Program Files\Java\jdk-17\bin\java.exe
0x00007ffb784c0000 - 0x00007ffb78725000 	C:\WINDOWS\SYSTEM32\ntdll.dll
0x00007ffb76ed0000 - 0x00007ffb76f99000 	C:\WINDOWS\System32\KERNEL32.DLL
0x00007ffb759d0000 - 0x00007ffb75db8000 	C:\WINDOWS\System32\KERNELBASE.dll
0x00007ffb75f40000 - 0x00007ffb7608b000 	C:\WINDOWS\System32\ucrtbase.dll
0x00007ffb67920000 - 0x00007ffb6793b000 	C:\Program Files\Java\jdk-17\bin\VCRUNTIME140.dll
0x00007ffb67290000 - 0x00007ffb672a9000 	C:\Program Files\Java\jdk-17\bin\jli.dll
0x00007ffb77190000 - 0x00007ffb77243000 	C:\WINDOWS\System32\ADVAPI32.dll
0x00007ffb78200000 - 0x00007ffb782a9000 	C:\WINDOWS\System32\msvcrt.dll
0x00007ffb76260000 - 0x00007ffb76306000 	C:\WINDOWS\System32\sechost.dll
0x00007ffb772f0000 - 0x00007ffb77405000 	C:\WINDOWS\System32\RPCRT4.dll
0x00007ffb782b0000 - 0x00007ffb7847a000 	C:\WINDOWS\System32\USER32.dll
0x00007ffb75dc0000 - 0x00007ffb75de7000 	C:\WINDOWS\System32\win32u.dll
0x00007ffb76340000 - 0x00007ffb7636b000 	C:\WINDOWS\System32\GDI32.dll
0x00007ffb76120000 - 0x00007ffb76257000 	C:\WINDOWS\System32\gdi32full.dll
0x00007ffb75e90000 - 0x00007ffb75f33000 	C:\WINDOWS\System32\msvcp_win.dll
0x00007ffb5dca0000 - 0x00007ffb5df3a000 	C:\WINDOWS\WinSxS\amd64_microsoft.windows.common-controls_6595b64144ccf1df_6.0.26100.4202_none_3e0698d4e335f517\COMCTL32.dll
0x00007ffb662c0000 - 0x00007ffb662cb000 	C:\WINDOWS\SYSTEM32\VERSION.dll
0x00007ffb76fa0000 - 0x00007ffb76fd0000 	C:\WINDOWS\System32\IMM32.DLL
0x00007ffb72320000 - 0x00007ffb7232c000 	C:\Program Files\Java\jdk-17\bin\vcruntime140_1.dll
0x00007ffb54270000 - 0x00007ffb542fe000 	C:\Program Files\Java\jdk-17\bin\msvcp140.dll
0x00007ffab8360000 - 0x00007ffab8f40000 	C:\Program Files\Java\jdk-17\bin\server\jvm.dll
0x00007ffb76330000 - 0x00007ffb76338000 	C:\WINDOWS\System32\PSAPI.DLL
0x00007ffb4c6d0000 - 0x00007ffb4c6da000 	C:\WINDOWS\SYSTEM32\WSOCK32.dll
0x00007ffb5fd90000 - 0x00007ffb5fdc5000 	C:\WINDOWS\SYSTEM32\WINMM.dll
0x00007ffb78180000 - 0x00007ffb781f4000 	C:\WINDOWS\System32\WS2_32.dll
0x00007ffb744f0000 - 0x00007ffb7450b000 	C:\WINDOWS\SYSTEM32\kernel.appcore.dll
0x00007ffb672c0000 - 0x00007ffb672ca000 	C:\Program Files\Java\jdk-17\bin\jimage.dll
0x00007ffb72fb0000 - 0x00007ffb731f1000 	C:\WINDOWS\SYSTEM32\DBGHELP.DLL
0x00007ffb767d0000 - 0x00007ffb76b55000 	C:\WINDOWS\System32\combase.dll
0x00007ffb765e0000 - 0x00007ffb766c1000 	C:\WINDOWS\System32\OLEAUT32.dll
0x00007ffb596e0000 - 0x00007ffb59719000 	C:\WINDOWS\SYSTEM32\dbgcore.DLL
0x00007ffb75df0000 - 0x00007ffb75e89000 	C:\WINDOWS\System32\bcryptPrimitives.dll
0x00007ffb5bc90000 - 0x00007ffb5bccb000 	C:\Program Files\Java\jdk-17\bin\jdwp.dll
0x00007ffb66050000 - 0x00007ffb6605e000 	C:\Program Files\Java\jdk-17\bin\instrument.dll
0x00007ffb5a0d0000 - 0x00007ffb5a0f5000 	C:\Program Files\Java\jdk-17\bin\java.dll
0x00007ffb5f2c0000 - 0x00007ffb5f2d8000 	C:\Program Files\Java\jdk-17\bin\zip.dll
0x00007ffb49810000 - 0x00007ffb498e7000 	C:\Program Files\Java\jdk-17\bin\jsvml.dll
0x00007ffb77a30000 - 0x00007ffb78172000 	C:\WINDOWS\System32\SHELL32.dll
0x00007ffb75610000 - 0x00007ffb75784000 	C:\WINDOWS\System32\wintypes.dll
0x00007ffb73290000 - 0x00007ffb73ae8000 	C:\WINDOWS\SYSTEM32\windows.storage.dll
0x00007ffb77490000 - 0x00007ffb77581000 	C:\WINDOWS\System32\SHCORE.dll
0x00007ffb76b70000 - 0x00007ffb76bda000 	C:\WINDOWS\System32\shlwapi.dll
0x00007ffb75520000 - 0x00007ffb7554f000 	C:\WINDOWS\SYSTEM32\profapi.dll
0x00007ffb6d780000 - 0x00007ffb6d78c000 	C:\Program Files\Java\jdk-17\bin\dt_socket.dll
0x00007ffb73f20000 - 0x00007ffb73f53000 	C:\WINDOWS\SYSTEM32\IPHLPAPI.DLL
0x00007ffb74a60000 - 0x00007ffb74aca000 	C:\WINDOWS\system32\mswsock.dll
0x00007ffb5c380000 - 0x00007ffb5c399000 	C:\Program Files\Java\jdk-17\bin\net.dll
0x00007ffb67780000 - 0x00007ffb6789e000 	C:\WINDOWS\SYSTEM32\WINHTTP.dll
0x00007ffb5a0b0000 - 0x00007ffb5a0c6000 	C:\Program Files\Java\jdk-17\bin\nio.dll
0x00007ffb5f4f0000 - 0x00007ffb5f4fa000 	C:\Program Files\Java\jdk-17\bin\management.dll
0x00007ffb5ef50000 - 0x00007ffb5ef5b000 	C:\Program Files\Java\jdk-17\bin\management_ext.dll
0x00007ffb5eea0000 - 0x00007ffb5eeae000 	C:\Program Files\Java\jdk-17\bin\sunmscapi.dll
0x00007ffb75790000 - 0x00007ffb75907000 	C:\WINDOWS\System32\CRYPT32.dll
0x00007ffb74f30000 - 0x00007ffb74f60000 	C:\WINDOWS\SYSTEM32\ncrypt.dll
0x00007ffb74ee0000 - 0x00007ffb74f1f000 	C:\WINDOWS\SYSTEM32\NTASN1.dll
0x00007ffb74d10000 - 0x00007ffb74d2b000 	C:\WINDOWS\SYSTEM32\CRYPTSP.dll
0x00007ffb74450000 - 0x00007ffb7448a000 	C:\WINDOWS\system32\rsaenh.dll
0x00007ffb74b00000 - 0x00007ffb74b2b000 	C:\WINDOWS\SYSTEM32\USERENV.dll
0x00007ffb754f0000 - 0x00007ffb75516000 	C:\WINDOWS\SYSTEM32\bcrypt.dll
0x00007ffb74d30000 - 0x00007ffb74d3c000 	C:\WINDOWS\SYSTEM32\CRYPTBASE.dll
0x00007ffb76b60000 - 0x00007ffb76b6a000 	C:\WINDOWS\System32\NSI.dll
0x00007ffb678e0000 - 0x00007ffb678ff000 	C:\WINDOWS\SYSTEM32\dhcpcsvc6.DLL
0x00007ffb678b0000 - 0x00007ffb678d5000 	C:\WINDOWS\SYSTEM32\dhcpcsvc.DLL
0x00007ffb73ff0000 - 0x00007ffb74117000 	C:\WINDOWS\SYSTEM32\DNSAPI.dll
0x00007ffb65a30000 - 0x00007ffb65a40000 	C:\Program Files\Java\jdk-17\bin\verify.dll
0x00007ffb662d0000 - 0x00007ffb662db000 	C:\Windows\System32\rasadhlp.dll
0x00007ffb6ac50000 - 0x00007ffb6acd6000 	C:\WINDOWS\System32\fwpuclnt.dll

dbghelp: loaded successfully - version: 4.0.5 - missing functions: none
symbol engine: initialized successfully - sym options: 0x614 - pdb path: .;C:\Program Files\Java\jdk-17\bin;C:\WINDOWS\SYSTEM32;C:\WINDOWS\WinSxS\amd64_microsoft.windows.common-controls_6595b64144ccf1df_6.0.26100.4202_none_3e0698d4e335f517;C:\Program Files\Java\jdk-17\bin\server

VM Arguments:
jvm_args: -Ddebugger.agent.enable.coroutines=true -Dkotlinx.coroutines.debug.enable.creation.stack.trace=false -Dkotlinx.coroutines.debug.enable.flows.stack.trace=true -Dkotlinx.coroutines.debug.enable.mutable.state.flows.stack.trace=true -agentlib:jdwp=transport=dt_socket,server=n,suspend=y,address=127.0.0.1:59705 -javaagent:C:\Users\jongw\AppData\Local\JetBrains\IdeaIC2025.1\captureAgent\debugger-agent.jar=file:///C:/Users/jongw/AppData/Local/Temp/capture2188174930661970302.props -Dfile.encoding=UTF-8 -Duser.country=KR -Duser.language=ko -Duser.variant 
java_command: com.sns.SnsApplication
java_class_path (initial): C:\2025.01.20 BE_KJW\6) Spring_Project\sns_workspace\build\classes\java\main;C:\2025.01.20 BE_KJW\6) Spring_Project\sns_workspace\build\resources\main;C:\Users\jongw\.gradle\caches\modules-2\files-2.1\org.springframework.boot\spring-boot-devtools\3.4.6\cd3d90561142ed4fbffabe8e86348c29765420a\spring-boot-devtools-3.4.6.jar;C:\Users\jongw\.gradle\caches\modules-2\files-2.1\org.springframework.boot\spring-boot-starter-data-jpa\3.4.6\5abd9ca3e42cbeebbdfb4bbd1c7610fa8f85fc5a\spring-boot-starter-data-jpa-3.4.6.jar;C:\Users\jongw\.gradle\caches\modules-2\files-2.1\org.springframework.boot\spring-boot-starter-thymeleaf\3.4.6\f5d0b6905de344d2913c441f630a481410a30140\spring-boot-starter-thymeleaf-3.4.6.jar;C:\Users\jongw\.gradle\caches\modules-2\files-2.1\org.springframework.boot\spring-boot-starter-web\3.4.6\7e16fabc365650975cbc150b39c3d9772706c04c\spring-boot-starter-web-3.4.6.jar;C:\Users\jongw\.gradle\caches\modules-2\files-2.1\org.mybatis.spring.boot\mybatis-spring-boot-starter\3.0.4\2a56c4aa1f81aaef9abb0105f72702a737517d9a\mybatis-spring-boot-starter-3.0.4.jar;C:\Users\jongw\.gradle\caches\modules-2\files-2.1\com.github.gavlyukovskiy\p6spy-spring-boot-starter\1.9.0\b51740224ed4f0cdca7ba93fe9167e7b97064f41\p6spy-spring-boot-starter-1.9.0.jar;C:\Users\jongw\.gradle\caches\modules-2\files-2.1\nz.net.ultraq.thymeleaf\thymeleaf-layout-dialect\3.3.0\275da01788302e514c0549a4db5fa6b29ef84ba6\thymeleaf-layout-dialect-3.3.0.jar;C:\Users\jongw\.gradle\caches\modules-2\files-2.1\com.mysql\mysql-connector-j\9.1.0\5fb1d513278e1a9767dfa80ea9d8d7ee909f1a\mysql-connector-j-9.1.0.jar;C:\Users\jongw\.gradle\caches\modules-2\files-2.1\com.github.gavlyukovskiy\datasource-decorator-spring-boot-autoconfigure\1.9.0\831a15b04e176cd41c0539cda6194ac3e6b715ff\datasource-decorator-spring-boot-autoconfigure-1.9.0.jar;C:\Users\jongw\.gradle\caches\modules-2\files-2.1\org.springframework.boot\spring-boot-starter-jdbc\3.4.6\9a6c5a3641422be6bfca036fd97316c977d1f40f\spring-bo
Launcher Type: SUN_STANDARD

[Global flags]
     intx CICompilerCount                          = 4                                         {product} {ergonomic}
     uint ConcGCThreads                            = 2                                         {product} {ergonomic}
     uint G1ConcRefinementThreads                  = 8                                         {product} {ergonomic}
   size_t G1HeapRegionSize                         = 1048576                                   {product} {ergonomic}
    uintx GCDrainStackTargetSize                   = 64                                        {product} {ergonomic}
   size_t InitialHeapSize                          = 130023424                                 {product} {ergonomic}
   size_t MarkStackSize                            = 4194304                                   {product} {ergonomic}
   size_t MaxHeapSize                              = 2063597568                                {product} {ergonomic}
   size_t MaxNewSize                               = 1237319680                                {product} {ergonomic}
   size_t MinHeapDeltaBytes                        = 1048576                                   {product} {ergonomic}
   size_t MinHeapSize                              = 8388608                                   {product} {ergonomic}
    uintx NonNMethodCodeHeapSize                   = 5839372                                {pd product} {ergonomic}
    uintx NonProfiledCodeHeapSize                  = 122909434                              {pd product} {ergonomic}
    uintx ProfiledCodeHeapSize                     = 122909434                              {pd product} {ergonomic}
    uintx ReservedCodeCacheSize                    = 251658240                              {pd product} {ergonomic}
     bool SegmentedCodeCache                       = true                                      {product} {ergonomic}
   size_t SoftMaxHeapSize                          = 2063597568                             {manageable} {ergonomic}
     bool UseCompressedClassPointers               = true                           {product lp64_product} {ergonomic}
     bool UseCompressedOops                        = true                           {product lp64_product} {ergonomic}
     bool UseG1GC                                  = true                                      {product} {ergonomic}
     bool UseLargePagesIndividualAllocation        = false                                  {pd product} {ergonomic}

Logging:
Log output configuration:
 #0: stdout all=warning uptime,level,tags
 #1: stderr all=off uptime,level,tags

Environment Variables:
JAVA_HOME=C:\Program Files\Java\jdk-17
PATH=C:\Program Files\Common Files\Oracle\Java\javapath;C:\oraclexe\app\oracle\product\11.2.0\server\bin;C:\Program Files (x86)\VMware\VMware Workstation\bin\;C:\oracle\product\10.2.0\db_1\bin;C:\oracle\product\10.2.0\db_3\bin;C:\Program Files\Java\jdk-17\bin;C:\Program Files\Python312\Scripts\;C:\Program Files\Python312\;C:\windows\system32;C:\windows;C:\windows\System32\Wbem;C:\windows\System32\WindowsPowerShell\v1.0\;C:\windows\System32\OpenSSH\;C:\Program Files (x86)\NVIDIA Corporation\PhysX\Common;C:\Program Files\NVIDIA Corporation\NVIDIA NvDLISR;C:\WINDOWS\system32;C:\WINDOWS;C:\WINDOWS\System32\Wbem;C:\WINDOWS\System32\WindowsPowerShell\v1.0\;C:\WINDOWS\System32\OpenSSH\;C:\Program Files\Microsoft SQL Server\150\Tools\Binn\;C:\Program Files\Microsoft SQL Server\Client SDK\ODBC\170\Tools\Binn\;C:\Program Files\dotnet\;C:\Program Files\Git\cmd;C:\Program Files\Bandizip\;C:\Program Files\MySQL\MySQL Shell 8.0\bin\;C:\Users\jongw\AppData\Local\Microsoft\WindowsApps;C:\Users\jongw\.dotnet\tools;C:\Users\jongw\AppData\Local\Programs\Microsoft VS Code\bin;C:\Users\jongw\AppData\Local\GitHubDesktop\bin;C:\Program Files\Java\jdk-11;
USERNAME=jongw
OS=Windows_NT
PROCESSOR_IDENTIFIER=Intel64 Family 6 Model 140 Stepping 1, GenuineIntel



---------------  S Y S T E M  ---------------

OS:
 Windows 11 , 64 bit Build 26100 (10.0.26100.4202)
OS uptime: 0 days 5:48 hours

CPU: total 8 (initial active 8) (4 cores per cpu, 2 threads per core) family 6 model 140 stepping 1 microcode 0xb4, cx8, cmov, fxsr, ht, mmx, 3dnowpref, sse, sse2, sse3, ssse3, sse4.1, sse4.2, popcnt, lzcnt, tsc, tscinvbit, avx, avx2, aes, erms, clmul, bmi1, bmi2, adx, avx512f, avx512dq, avx512cd, avx512bw, avx512vl, sha, fma, vzeroupper, avx512_vpopcntdq, avx512_vpclmulqdq, avx512_vaes, avx512_vnni, clflush, clflushopt, clwb, avx512_vbmi2, avx512_vbmi

Memory: 4k page, system-wide physical 7865M (615M free)
TotalPageFile size 24249M (AvailPageFile size 5M)
current process WorkingSet (physical memory assigned to process): 406M, peak: 414M
current process commit charge ("private bytes"): 445M, peak: 448M

vm_info: Java HotSpot(TM) 64-Bit Server VM (17.0.12+8-LTS-286) for windows-amd64 JRE (17.0.12+8-LTS-286), built on Jun  5 2024 06:46:59 by "mach5one" with MS VC++ 17.6 (VS2022)

END.
